../source/syscalls.c:73:6:initialise_monitor_handles	4	static
../source/syscalls.c:77:5:_getpid	4	static
../source/syscalls.c:82:5:_kill	16	static
../source/syscalls.c:88:6:_exit	16	static
../source/syscalls.c:94:27:_read	32	static
../source/syscalls.c:106:27:_write	32	static
../source/syscalls.c:141:5:_close	16	static
../source/syscalls.c:147:5:_fstat	16	static
../source/syscalls.c:153:5:_isatty	16	static
../source/syscalls.c:158:5:_lseek	24	static
../source/syscalls.c:163:5:_open	12	static
../source/syscalls.c:169:5:_wait	16	static
../source/syscalls.c:175:5:_unlink	16	static
../source/syscalls.c:181:5:_times	16	static
../source/syscalls.c:186:5:_stat	16	static
../source/syscalls.c:192:5:_link	16	static
../source/syscalls.c:198:5:_fork	8	static
../source/syscalls.c:204:5:_execve	24	static
