D:\Work\NXPWork\Teensy4.1\MIMXRT1062_Project_LEDToggle\drivers/fsl_common_arm.h:579:24:DisableGlobalIRQ	16	static
D:\Work\NXPWork\Teensy4.1\MIMXRT1062_Project_LEDToggle\drivers/fsl_common_arm.h:606:20:EnableGlobalIRQ	24	static
../component/timer_manager/fsl_component_timer_manager.c:174:16:TimerGetTimerStatus	24	static
../component/timer_manager/fsl_component_timer_manager.c:185:13:TimerSetTimerStatus	24	static
../component/timer_manager/fsl_component_timer_manager.c:197:16:TimerGetTimerType	24	static
../component/timer_manager/fsl_component_timer_manager.c:208:13:TimerSetTimerType	24	static
../component/timer_manager/fsl_component_timer_manager.c:220:13:TimerMarkTimerFree	24	static
../component/timer_manager/fsl_component_timer_manager.c:230:13:NotifyTimersTask	8	static
../component/timer_manager/fsl_component_timer_manager.c:248:13:TimersUpdate	48	static
../component/timer_manager/fsl_component_timer_manager.c:284:13:TimersUpdateSyncTask	16	static
../component/timer_manager/fsl_component_timer_manager.c:294:13:HAL_TIMER_Callback	16	static
../component/timer_manager/fsl_component_timer_manager.c:303:13:TimerManagerTask	48	static
../component/timer_manager/fsl_component_timer_manager.c:407:23:TimerStop	32	static
../component/timer_manager/fsl_component_timer_manager.c:443:13:TimerEnable	24	static
../component/timer_manager/fsl_component_timer_manager.c:470:16:TM_Init	40	static
../component/timer_manager/fsl_component_timer_manager.c:522:6:TM_Deinit	8	static
../component/timer_manager/fsl_component_timer_manager.c:539:6:TM_ExitLowpower	8	static
../component/timer_manager/fsl_component_timer_manager.c:553:6:TM_EnterLowpower	8	static
../component/timer_manager/fsl_component_timer_manager.c:564:10:TM_GetTimestamp	4	static
../component/timer_manager/fsl_component_timer_manager.c:581:16:TM_Open	24	static
../component/timer_manager/fsl_component_timer_manager.c:609:16:TM_Close	32	static
../component/timer_manager/fsl_component_timer_manager.c:651:9:TM_AreAllTimersOff	4	static
../component/timer_manager/fsl_component_timer_manager.c:663:9:TM_IsTimerActive	16	static
../component/timer_manager/fsl_component_timer_manager.c:676:9:TM_IsTimerReady	16	static
../component/timer_manager/fsl_component_timer_manager.c:692:16:TM_InstallCallback	32	static
../component/timer_manager/fsl_component_timer_manager.c:713:16:TM_Start	192	static
../component/timer_manager/fsl_component_timer_manager.c:754:16:TM_Stop	24	static
../component/timer_manager/fsl_component_timer_manager.c:772:10:TM_GetRemainingTime	32	static
../component/timer_manager/fsl_component_timer_manager.c:788:10:TM_GetFirstExpireTime	32	static
../component/timer_manager/fsl_component_timer_manager.c:817:16:TM_GetFirstTimerWithParam	24	static
../component/timer_manager/fsl_component_timer_manager.c:838:10:TM_NotCountedTimeBeforeSleep	16	static
../component/timer_manager/fsl_component_timer_manager.c:867:6:TM_SyncLpmTimers	16	static
../component/timer_manager/fsl_component_timer_manager.c:885:6:TM_MakeTimerTaskReady	8	static
