Archive member included to satisfy reference by file (symbol)

c:/nxp/mcuxpressoide_11.5.1_7266/ide/plugins/com.nxp.mcuxpresso.tools.win32_11.5.1.202201181444/tools/bin/../lib/gcc/arm-none-eabi/10.3.1/../../../../arm-none-eabi/lib/thumb/v7e-m+fp/hard\libcr_nohost_nf.a(_cr__main.o)
                              ./startup/startup_mimxrt1062.o (__main)
c:/nxp/mcuxpressoide_11.5.1_7266/ide/plugins/com.nxp.mcuxpresso.tools.win32_11.5.1.202201181444/tools/bin/../lib/gcc/arm-none-eabi/10.3.1/../../../../arm-none-eabi/lib/thumb/v7e-m+fp/hard\libcr_nohost_nf.a(_cr_assert.o)
                              ./drivers/fsl_clock.o (__assertion_failed)
c:/nxp/mcuxpressoide_11.5.1_7266/ide/plugins/com.nxp.mcuxpresso.tools.win32_11.5.1.202201181444/tools/bin/../lib/gcc/arm-none-eabi/10.3.1/../../../../arm-none-eabi/lib/thumb/v7e-m+fp/hard\libcr_nohost_nf.a(__ciob.o)
                              c:/nxp/mcuxpressoide_11.5.1_7266/ide/plugins/com.nxp.mcuxpresso.tools.win32_11.5.1.202201181444/tools/bin/../lib/gcc/arm-none-eabi/10.3.1/../../../../arm-none-eabi/lib/thumb/v7e-m+fp/hard\libcr_nohost_nf.a(_cr_assert.o) (__Ciob)
c:/nxp/mcuxpressoide_11.5.1_7266/ide/plugins/com.nxp.mcuxpresso.tools.win32_11.5.1.202201181444/tools/bin/../lib/gcc/arm-none-eabi/10.3.1/../../../../arm-none-eabi/lib/thumb/v7e-m+fp/hard\libcr_nohost_nf.a(__sys_appexit.o)
                              c:/nxp/mcuxpressoide_11.5.1_7266/ide/plugins/com.nxp.mcuxpresso.tools.win32_11.5.1.202201181444/tools/bin/../lib/gcc/arm-none-eabi/10.3.1/../../../../arm-none-eabi/lib/thumb/v7e-m+fp/hard\libcr_nohost_nf.a(_cr_assert.o) (__sys_appexit)
c:/nxp/mcuxpressoide_11.5.1_7266/ide/plugins/com.nxp.mcuxpresso.tools.win32_11.5.1.202201181444/tools/bin/../lib/gcc/arm-none-eabi/10.3.1/../../../../arm-none-eabi/lib/thumb/v7e-m+fp/hard\libcr_c.a(memcpy.o)
                              ./utilities/fsl_str.o (memcpy)
c:/nxp/mcuxpressoide_11.5.1_7266/ide/plugins/com.nxp.mcuxpresso.tools.win32_11.5.1.202201181444/tools/bin/../lib/gcc/arm-none-eabi/10.3.1/../../../../arm-none-eabi/lib/thumb/v7e-m+fp/hard\libcr_c.a(memset.o)
                              ./utilities/fsl_debug_console.o (memset)
c:/nxp/mcuxpressoide_11.5.1_7266/ide/plugins/com.nxp.mcuxpresso.tools.win32_11.5.1.202201181444/tools/bin/../lib/gcc/arm-none-eabi/10.3.1/../../../../arm-none-eabi/lib/thumb/v7e-m+fp/hard\libcr_c.a(_deferredlazyseek.o)
                              c:/nxp/mcuxpressoide_11.5.1_7266/ide/plugins/com.nxp.mcuxpresso.tools.win32_11.5.1.202201181444/tools/bin/../lib/gcc/arm-none-eabi/10.3.1/../../../../arm-none-eabi/lib/thumb/v7e-m+fp/hard\libcr_nohost_nf.a(_cr_assert.o) (__flsbuf)
c:/nxp/mcuxpressoide_11.5.1_7266/ide/plugins/com.nxp.mcuxpresso.tools.win32_11.5.1.202201181444/tools/bin/../lib/gcc/arm-none-eabi/10.3.1/../../../../arm-none-eabi/lib/thumb/v7e-m+fp/hard\libcr_c.a(_fflush.o)
                              c:/nxp/mcuxpressoide_11.5.1_7266/ide/plugins/com.nxp.mcuxpresso.tools.win32_11.5.1.202201181444/tools/bin/../lib/gcc/arm-none-eabi/10.3.1/../../../../arm-none-eabi/lib/thumb/v7e-m+fp/hard\libcr_c.a(_deferredlazyseek.o) (_fflush)
c:/nxp/mcuxpressoide_11.5.1_7266/ide/plugins/com.nxp.mcuxpresso.tools.win32_11.5.1.202201181444/tools/bin/../lib/gcc/arm-none-eabi/10.3.1/../../../../arm-none-eabi/lib/thumb/v7e-m+fp/hard\libcr_c.a(_writebuf.o)
                              c:/nxp/mcuxpressoide_11.5.1_7266/ide/plugins/com.nxp.mcuxpresso.tools.win32_11.5.1.202201181444/tools/bin/../lib/gcc/arm-none-eabi/10.3.1/../../../../arm-none-eabi/lib/thumb/v7e-m+fp/hard\libcr_c.a(_deferredlazyseek.o) (_Cwritebuf)
c:/nxp/mcuxpressoide_11.5.1_7266/ide/plugins/com.nxp.mcuxpresso.tools.win32_11.5.1.202201181444/tools/bin/../lib/gcc/arm-none-eabi/10.3.1/../../../../arm-none-eabi/lib/thumb/v7e-m+fp/hard\libcr_c.a(alloc.o)
                              ./drivers/fsl_common.o (malloc)
c:/nxp/mcuxpressoide_11.5.1_7266/ide/plugins/com.nxp.mcuxpresso.tools.win32_11.5.1.202201181444/tools/bin/../lib/gcc/arm-none-eabi/10.3.1/../../../../arm-none-eabi/lib/thumb/v7e-m+fp/hard\libcr_c.a(errno.o)
                              ./utilities/fsl_str.o (errno)
c:/nxp/mcuxpressoide_11.5.1_7266/ide/plugins/com.nxp.mcuxpresso.tools.win32_11.5.1.202201181444/tools/bin/../lib/gcc/arm-none-eabi/10.3.1/../../../../arm-none-eabi/lib/thumb/v7e-m+fp/hard\libcr_c.a(fputs.o)
                              c:/nxp/mcuxpressoide_11.5.1_7266/ide/plugins/com.nxp.mcuxpresso.tools.win32_11.5.1.202201181444/tools/bin/../lib/gcc/arm-none-eabi/10.3.1/../../../../arm-none-eabi/lib/thumb/v7e-m+fp/hard\libcr_nohost_nf.a(_cr_assert.o) (fputs)
c:/nxp/mcuxpressoide_11.5.1_7266/ide/plugins/com.nxp.mcuxpresso.tools.win32_11.5.1.202201181444/tools/bin/../lib/gcc/arm-none-eabi/10.3.1/../../../../arm-none-eabi/lib/thumb/v7e-m+fp/hard\libcr_c.a(fseek.o)
[...]
Memory Configuration

Name             Origin             Length             Attributes
FLASH            0x60000000         0x00080000         xr
SRAM_DTC         0x20000000         0x00020000         xrw
SRAM_ITC         0x00000000         0x00020000         xrw
SRAM_OC          0x20200000         0x00040000         xrw
*default*        0x00000000         0xffffffff

Linker script and memory map

LOAD ./xip/evkbmimxrt1060_flexspi_nor_config.o
LOAD ./xip/fsl_flexspi_nor_boot.o
LOAD ./utilities/fsl_debug_console.o
LOAD ./utilities/fsl_str.o
LOAD ./startup/startup_mimxrt1062.o
LOAD ./source/MIMXRT1062_Project_FreeRTOS.o
LOAD ./source/semihost_hardfault.o
LOAD ./freertos/freertos_kernel/portable/MemMang/heap_4.o
LOAD ./freertos/freertos_kernel/portable/GCC/ARM_CM4F/port.o
LOAD ./freertos/freertos_kernel/croutine.o
LOAD ./freertos/freertos_kernel/event_groups.o
LOAD ./freertos/freertos_kernel/list.o
LOAD ./freertos/freertos_kernel/queue.o
LOAD ./freertos/freertos_kernel/stream_buffer.o
LOAD ./freertos/freertos_kernel/tasks.o
LOAD ./freertos/freertos_kernel/timers.o
LOAD ./drivers/fsl_clock.o
LOAD ./drivers/fsl_common.o
LOAD ./drivers/fsl_common_arm.o
LOAD ./drivers/fsl_gpio.o
LOAD ./drivers/fsl_lpuart.o
LOAD ./device/system_MIMXRT1062.o
LOAD ./component/uart/fsl_adapter_lpuart.o
LOAD ./component/serial_manager/fsl_component_serial_manager.o
LOAD ./component/serial_manager/fsl_component_serial_port_uart.o
LOAD ./component/osa/fsl_os_abstraction_free_rtos.o
LOAD ./component/lists/fsl_component_generic_list.o
LOAD ./component/common_task/fsl_component_common_task.o
LOAD ./board/board.o
LOAD ./board/clock_config.o
LOAD ./board/dcd.o
LOAD ./board/peripherals.o
LOAD ./board/pin_mux.o
START GROUP
LOAD c:/nxp/mcuxpressoide_11.5.1_7266/ide/plugins/com.nxp.mcuxpresso.tools.win32_11.5.1.202201181444/tools/bin/../lib/gcc/arm-none-eabi/10.3.1/../../../../arm-none-eabi/lib/thumb/v7e-m+fp/hard\libcr_nohost_nf.a
LOAD c:/nxp/mcuxpressoide_11.5.1_7266/ide/plugins/com.nxp.mcuxpresso.tools.win32_11.5.1.202201181444/tools/bin/../lib/gcc/arm-none-eabi/10.3.1/../../../../arm-none-eabi/lib/thumb/v7e-m+fp/hard\libcr_c.a
LOAD c:/nxp/mcuxpressoide_11.5.1_7266/ide/plugins/com.nxp.mcuxpresso.tools.win32_11.5.1.202201181444/tools/bin/../lib/gcc/arm-none-eabi/10.3.1/thumb/v7e-m+fp/hard\libcr_eabihelpers.a
LOAD c:/nxp/mcuxpressoide_11.5.1_7266/ide/plugins/com.nxp.mcuxpresso.tools.win32_11.5.1.202201181444/tools/bin/../lib/gcc/arm-none-eabi/10.3.1/thumb/v7e-m+fp/hard\libgcc.a
END GROUP
                0x60000000                __base_FLASH = 0x60000000
                0x60000000                __base_Flash = 0x60000000
                0x60080000                __top_FLASH = 0x60080000
                0x60080000                __top_Flash = 0x60080000
                0x20000000                __base_SRAM_DTC = 0x20000000
                0x20000000                __base_RAM = 0x20000000
                0x20020000                __top_SRAM_DTC = 0x20020000
                0x20020000                __top_RAM = 0x20020000
                0x00000000                __base_SRAM_ITC = 0x0
                0x00000000                __base_RAM2 = 0x0
                0x00020000                __top_SRAM_ITC = 0x20000
                0x00020000                __top_RAM2 = 0x20000
                0x20200000                __base_SRAM_OC = 0x20200000
                0x20200000                __base_RAM3 = 0x20200000
                0x20240000                __top_SRAM_OC = 0x20240000
                0x20240000                __top_RAM3 = 0x20240000

.boot_hdr       0x60000000     0x2000
 FILL mask 0xff
                0x60000000                __boot_hdr_start__ = ABSOLUTE (.)
 *(SORT_BY_ALIGNMENT(.boot_hdr.conf))
 .boot_hdr.conf
                0x60000000      0x200 ./xip/evkbmimxrt1060_flexspi_nor_config.o
                0x60000000                qspiflash_config
                0x00001000                . = 0x1000
 *fill*         0x60000200      0xe00 ff
 *(SORT_BY_ALIGNMENT(.boot_hdr.ivt))
 .boot_hdr.ivt  0x60001000       0x20 ./xip/fsl_flexspi_nor_boot.o
                0x60001000                image_vector_table
                0x00001020                . = 0x1020
 *(SORT_BY_ALIGNMENT(.boot_hdr.boot_data))
 .boot_hdr.boot_data
                0x60001020       0x10 ./xip/fsl_flexspi_nor_boot.o
                0x60001020                g_boot_data
                0x00001030                . = 0x1030
 *(SORT_BY_ALIGNMENT(.boot_hdr.dcd_data))
                0x60001030                __boot_hdr_end__ = ABSOLUTE (.)
                0x00002000                . = 0x2000
 *fill*         0x60001030      0xfd0 ff

.text           0x60002000     0x701c
 FILL mask 0xff
                0x60002000                __vectors_start__ = ABSOLUTE (.)
 *(SORT_BY_ALIGNMENT(.isr_vector))
 .isr_vector    0x60002000      0x2b8 ./startup/startup_mimxrt1062.o
                0x60002000                g_pfnVectors
                0x60002000                __Vectors
                0x600022b8                . = ALIGN (0x4)
                0x600022b8                __section_table_start = .
                0x600022b8                __data_section_table = .
                0x600022b8        0x4 LONG 0x6000901c LOADADDR (.data)
                0x600022bc        0x4 LONG 0x20000000 ADDR (.data)
                0x600022c0        0x4 LONG 0xc SIZEOF (.data)
                0x600022c4        0x4 LONG 0x6000901c LOADADDR (.data_RAM2)
                0x600022c8        0x4 LONG 0x0 ADDR (.data_RAM2)
                0x600022cc        0x4 LONG 0x0 SIZEOF (.data_RAM2)
                0x600022d0        0x4 LONG 0x6000901c LOADADDR (.data_RAM3)
                0x600022d4        0x4 LONG 0x20200000 ADDR (.data_RAM3)
                0x600022d8        0x4 LONG 0x0 SIZEOF (.data_RAM3)
                0x600022dc                __data_section_table_end = .
                0x600022dc                __bss_section_table = .
                0x600022dc        0x4 LONG 0x2000000c ADDR (.bss)
                0x600022e0        0x4 LONG 0x2abc SIZEOF (.bss)
                0x600022e4        0x4 LONG 0x0 ADDR (.bss_RAM2)
                0x600022e8        0x4 LONG 0x0 SIZEOF (.bss_RAM2)
                0x600022ec        0x4 LONG 0x20200000 ADDR (.bss_RAM3)
                0x600022f0        0x4 LONG 0x0 SIZEOF (.bss_RAM3)
                0x600022f4                __bss_section_table_end = .
                0x600022f4                __section_table_end = .
 *(SORT_BY_ALIGNMENT(.after_vectors*))
 .after_vectors.reset
                0x600022f4       0x54 ./startup/startup_mimxrt1062.o
                0x600022f4                ResetISR
 .after_vectors.init_data
                0x60002348       0x1e ./startup/startup_mimxrt1062.o
                0x60002348                data_init
 .after_vectors.init_bss
                0x60002366       0x12 ./startup/startup_mimxrt1062.o
                0x60002366                bss_init
 .after_vectors
                0x60002378       0x14 ./startup/startup_mimxrt1062.o
                0x60002378                NMI_Handler
                0x6000237c                MemManage_Handler
                0x6000237e                BusFault_Handler
                0x60002380                UsageFault_Handler
                0x60002384                DebugMon_Handler
                0x6000238a                LPSPI2_DriverIRQHandler
                0x6000238a                LCDIF_DriverIRQHandler
                0x6000238a                SAI3_RX_DriverIRQHandler
                0x6000238a                CCM_2_DriverIRQHandler
                0x6000238a                PIT_DriverIRQHandler
                0x6000238a                PMU_EVENT_DriverIRQHandler
                0x6000238a                PWM4_FAULT_DriverIRQHandler
                0x6000238a                DMA13_DMA29_DriverIRQHandler
                0x6000238a                FLEXRAM_DriverIRQHandler
                0x6000238a                LPSPI4_DriverIRQHandler
                0x6000238a                SEMC_DriverIRQHandler
                0x6000238a                SPDIF_DriverIRQHandler
                0x6000238a                PWM4_3_DriverIRQHandler
                0x6000238a                ENET2_DriverIRQHandler
                0x6000238a                KPP_DriverIRQHandler
                0x6000238a                USB_PHY1_DriverIRQHandler
                0x6000238a                GPIO3_Combined_0_15_DriverIRQHandler
                0x6000238a                CAN3_DriverIRQHandler
                0x6000238a                Reserved171_DriverIRQHandler
                0x6000238a                DMA7_DMA23_DriverIRQHandler
                0x6000238a                BEE_DriverIRQHandler
                0x6000238a                LPI2C3_DriverIRQHandler
                0x6000238a                GPR_IRQ_DriverIRQHandler
                0x6000238a                PWM2_FAULT_DriverIRQHandler
                0x6000238a                PWM3_1_DriverIRQHandler
                0x6000238a                DMA14_DMA30_DriverIRQHandler
                0x6000238a                TMR1_DriverIRQHandler
                0x6000238a                TRNG_DriverIRQHandler
                0x6000238a                PWM3_2_DriverIRQHandler
                0x6000238a                ENET_1588_Timer_DriverIRQHandler
                0x6000238a                FLEXIO2_DriverIRQHandler
                0x6000238a                GPIO2_Combined_16_31_DriverIRQHandler
                0x6000238a                Reserved143_DriverIRQHandler
                0x6000238a                FLEXSPI2_DriverIRQHandler
                0x6000238a                PWM4_1_DriverIRQHandler
                0x6000238a                PWM3_3_DriverIRQHandler
                0x6000238a                DMA0_DMA16_DriverIRQHandler
                0x6000238a                IntDefaultHandler
                0x6000238a                DMA2_DMA18_DriverIRQHandler
                0x6000238a                SRC_DriverIRQHandler
                0x6000238a                GPIO1_INT4_DriverIRQHandler
                0x6000238a                Reserved144_DriverIRQHandler
                0x6000238a                USDHC1_DriverIRQHandler
                0x6000238a                ENC3_DriverIRQHandler
                0x6000238a                PWM3_FAULT_DriverIRQHandler
                0x6000238a                Reserved87_DriverIRQHandler
                0x6000238a                TSC_DIG_DriverIRQHandler
                0x6000238a                WDOG1_DriverIRQHandler
                0x6000238a                FLEXIO1_DriverIRQHandler
                0x6000238a                ENET_DriverIRQHandler
                0x6000238a                Reserved78_DriverIRQHandler
                0x6000238a                TMR4_DriverIRQHandler
                0x6000238a                ENC2_DriverIRQHandler
                0x6000238a                ADC_ETC_IRQ2_DriverIRQHandler
                0x6000238a                GPIO1_Combined_16_31_DriverIRQHandler
                0x6000238a                GPIO1_INT7_DriverIRQHandler
                0x6000238a                SAI1_DriverIRQHandler
                0x6000238a                DCDC_DriverIRQHandler
                0x6000238a                DMA12_DMA28_DriverIRQHandler
                0x6000238a                PWM4_0_DriverIRQHandler
                0x6000238a                ADC_ETC_ERROR_IRQ_DriverIRQHandler
                0x6000238a                ACMP2_DriverIRQHandler
                0x6000238a                GPIO5_Combined_0_15_DriverIRQHandler
                0x6000238a                GPIO1_INT0_DriverIRQHandler
                0x6000238a                GPIO1_INT2_DriverIRQHandler
                0x6000238a                RTWDOG_DriverIRQHandler
                0x6000238a                FLEXSPI_DriverIRQHandler
                0x6000238a                GPT2_DriverIRQHandler
                0x6000238a                USB_PHY2_DriverIRQHandler
                0x6000238a                DMA10_DMA26_DriverIRQHandler
                0x6000238a                PWM2_1_DriverIRQHandler
                0x6000238a                PWM1_1_DriverIRQHandler
                0x6000238a                PXP_DriverIRQHandler
                0x6000238a                ADC1_DriverIRQHandler
                0x6000238a                PWM1_0_DriverIRQHandler
                0x6000238a                SJC_DriverIRQHandler
                0x6000238a                DMA1_DMA17_DriverIRQHandler
                0x6000238a                ENC1_DriverIRQHandler
                0x6000238a                ENC4_DriverIRQHandler
                0x6000238a                CAN2_DriverIRQHandler
                0x6000238a                DCP_DriverIRQHandler
                0x6000238a                CTI0_ERROR_DriverIRQHandler
                0x6000238a                DMA8_DMA24_DriverIRQHandler
                0x6000238a                GPT1_DriverIRQHandler
                0x6000238a                ACMP3_DriverIRQHandler
                0x6000238a                DMA6_DMA22_DriverIRQHandler
                0x6000238a                CSU_DriverIRQHandler
                0x6000238a                GPIO1_INT5_DriverIRQHandler
                0x6000238a                TMR3_DriverIRQHandler
                0x6000238a                TMR2_DriverIRQHandler
                0x6000238a                CTI1_ERROR_DriverIRQHandler
                0x6000238a                GPIO1_Combined_0_15_DriverIRQHandler
                0x6000238a                USDHC2_DriverIRQHandler
                0x6000238a                PWM4_2_DriverIRQHandler
                0x6000238a                EWM_DriverIRQHandler
                0x6000238a                SAI2_DriverIRQHandler
                0x6000238a                CORE_DriverIRQHandler
                0x6000238a                DMA11_DMA27_DriverIRQHandler
                0x6000238a                CSI_DriverIRQHandler
                0x6000238a                PWM2_3_DriverIRQHandler
                0x6000238a                XBAR1_IRQ_2_3_DriverIRQHandler
                0x6000238a                SNVS_HP_WRAPPER_TZ_DriverIRQHandler
                0x6000238a                GPIO3_Combined_16_31_DriverIRQHandler
                0x6000238a                PWM1_FAULT_DriverIRQHandler
                0x6000238a                LPI2C1_DriverIRQHandler
                0x6000238a                ENET2_1588_Timer_DriverIRQHandler
                0x6000238a                PWM2_2_DriverIRQHandler
                0x6000238a                DMA4_DMA20_DriverIRQHandler
                0x6000238a                DMA9_DMA25_DriverIRQHandler
                0x6000238a                SNVS_HP_WRAPPER_DriverIRQHandler
                0x6000238a                XBAR1_IRQ_0_1_DriverIRQHandler
                0x6000238a                ADC_ETC_IRQ1_DriverIRQHandler
                0x6000238a                LPSPI1_DriverIRQHandler
                0x6000238a                DMA3_DMA19_DriverIRQHandler
                0x6000238a                GPIO1_INT3_DriverIRQHandler
                0x6000238a                DCP_VMI_DriverIRQHandler
                0x6000238a                LPI2C4_DriverIRQHandler
                0x6000238a                GPC_DriverIRQHandler
                0x6000238a                GPIO2_Combined_0_15_DriverIRQHandler
                0x6000238a                PWM1_2_DriverIRQHandler
                0x6000238a                USB_OTG1_DriverIRQHandler
                0x6000238a                TEMP_LOW_HIGH_DriverIRQHandler
                0x6000238a                SAI3_TX_DriverIRQHandler
                0x6000238a                FLEXIO3_DriverIRQHandler
                0x6000238a                WDOG2_DriverIRQHandler
                0x6000238a                Reserved68_DriverIRQHandler
                0x6000238a                PWM3_0_DriverIRQHandler
                0x6000238a                GPIO4_Combined_0_15_DriverIRQHandler
                0x6000238a                GPIO4_Combined_16_31_DriverIRQHandler
                0x6000238a                GPIO6_7_8_9_DriverIRQHandler
                0x6000238a                GPIO5_Combined_16_31_DriverIRQHandler
                0x6000238a                DMA5_DMA21_DriverIRQHandler
                0x6000238a                CCM_1_DriverIRQHandler
                0x6000238a                ADC2_DriverIRQHandler
                0x6000238a                Reserved115_DriverIRQHandler
                0x6000238a                TEMP_PANIC_DriverIRQHandler
                0x6000238a                ACMP4_DriverIRQHandler
                0x6000238a                DMA15_DMA31_DriverIRQHandler
                0x6000238a                LPSPI3_DriverIRQHandler
                0x6000238a                PWM1_3_DriverIRQHandler
                0x6000238a                ACMP1_DriverIRQHandler
                0x6000238a                LPI2C2_DriverIRQHandler
                0x6000238a                Reserved86_DriverIRQHandler
                0x6000238a                DMA_ERROR_DriverIRQHandler
                0x6000238a                ADC_ETC_IRQ0_DriverIRQHandler
                0x6000238a                CAN1_DriverIRQHandler
                0x6000238a                GPIO1_INT6_DriverIRQHandler
                0x6000238a                GPIO1_INT1_DriverIRQHandler
                0x6000238a                PWM2_0_DriverIRQHandler
                0x6000238a                SNVS_LP_WRAPPER_DriverIRQHandler
                0x6000238a                USB_OTG2_DriverIRQHandler
 *(SORT_BY_ALIGNMENT(.text*))
 *fill*         0x6000238c        0x4 ff
 .text.SVC_Handler
                0x60002390       0x28 ./freertos/freertos_kernel/portable/GCC/ARM_CM4F/port.o
                0x60002390                SVC_Handler
 *fill*         0x600023b8        0x8 ff
 .text.PendSV_Handler
                0x600023c0       0x68 ./freertos/freertos_kernel/portable/GCC/ARM_CM4F/port.o
                0x600023c0                PendSV_Handler
 .text.DbgConsole_SendDataReliable
                0x60002428       0x54 ./utilities/fsl_debug_console.o
                0x60002428                DbgConsole_SendDataReliable
 .text.DbgConsole_Init
                0x6000247c      0x118 ./utilities/fsl_debug_console.o
                0x6000247c                DbgConsole_Init
 .text.DbgConsole_Vprintf
                0x60002594       0x6c ./utilities/fsl_debug_console.o
                0x60002594                DbgConsole_Vprintf
 .text.main     0x60002600       0x68 ./source/MIMXRT1062_Project_FreeRTOS.o
                0x60002600                main
 .text.hello_task
                0x60002668       0x28 ./source/MIMXRT1062_Project_FreeRTOS.o
 .text.pvPortMalloc
                0x60002690      0x1c0 ./freertos/freertos_kernel/portable/MemMang/heap_4.o
                0x60002690                pvPortMalloc
 .text.vPortFree
                0x60002850       0xc4 ./freertos/freertos_kernel/portable/MemMang/heap_4.o
                0x60002850                vPortFree
 .text.prvHeapInit
                0x60002914       0xc4 ./freertos/freertos_kernel/portable/MemMang/heap_4.o
 .text.prvInsertBlockIntoFreeList
                0x600029d8       0xb4 ./freertos/freertos_kernel/portable/MemMang/heap_4.o
 .text.pxPortInitialiseStack
                0x60002a8c       0x68 ./freertos/freertos_kernel/portable/GCC/ARM_CM4F/port.o
                0x60002a8c                pxPortInitialiseStack
 .text.prvTaskExitError
                0x60002af4       0x58 ./freertos/freertos_kernel/portable/GCC/ARM_CM4F/port.o
 .text.prvPortStartFirstTask
                0x60002b4c       0x2c ./freertos/freertos_kernel/portable/GCC/ARM_CM4F/port.o
 .text.xPortStartScheduler
                0x60002b78      0x144 ./freertos/freertos_kernel/portable/GCC/ARM_CM4F/port.o
                0x60002b78                xPortStartScheduler
 .text.vPortEnterCritical
                0x60002cbc       0x60 ./freertos/freertos_kernel/portable/GCC/ARM_CM4F/port.o
                0x60002cbc                vPortEnterCritical
 .text.vPortExitCritical
                0x60002d1c       0x54 ./freertos/freertos_kernel/portable/GCC/ARM_CM4F/port.o
                0x60002d1c                vPortExitCritical
 .text.SysTick_Handler
                0x60002d70       0x44 ./freertos/freertos_kernel/portable/GCC/ARM_CM4F/port.o
                0x60002d70                SysTick_Handler
 .text.vPortSetupTimerInterrupt
                0x60002db4       0x48 ./freertos/freertos_kernel/portable/GCC/ARM_CM4F/port.o
                0x60002db4                vPortSetupTimerInterrupt
 .text.vPortEnableVFP
                0x60002dfc       0x18 ./freertos/freertos_kernel/portable/GCC/ARM_CM4F/port.o
 .text.vPortValidateInterruptPriority
                0x60002e14       0x80 ./freertos/freertos_kernel/portable/GCC/ARM_CM4F/port.o
                0x60002e14                vPortValidateInterruptPriority
 .text.xQueueGenericReset
                0x60002e94       0xd0 ./freertos/freertos_kernel/queue.o
                0x60002e94                xQueueGenericReset
 .text.xQueueGenericSend
                0x60002f64      0x1fc ./freertos/freertos_kernel/queue.o
                0x60002f64                xQueueGenericSend
 .text.xQueueReceive
                0x60003160      0x1c0 ./freertos/freertos_kernel/queue.o
                0x60003160                xQueueReceive
 .text.vQueueAddToRegistry
                0x60003320       0x54 ./freertos/freertos_kernel/queue.o
                0x60003320                vQueueAddToRegistry
 .text.prvAddNewTaskToReadyList
                0x60003374       0xdc ./freertos/freertos_kernel/tasks.o
 .text.vTaskDelay
                0x60003450       0x68 ./freertos/freertos_kernel/tasks.o
                0x60003450                vTaskDelay
 .text.vTaskStartScheduler
                0x600034b8       0xa4 ./freertos/freertos_kernel/tasks.o
                0x600034b8                vTaskStartScheduler
 .text.vTaskSuspendAll
                0x6000355c       0x1c ./freertos/freertos_kernel/tasks.o
                0x6000355c                vTaskSuspendAll
 .text.xTaskResumeAll
                0x60003578      0x138 ./freertos/freertos_kernel/tasks.o
                0x60003578                xTaskResumeAll
 .text.xTaskGetTickCount
                0x600036b0       0x20 ./freertos/freertos_kernel/tasks.o
                0x600036b0                xTaskGetTickCount
 .text.xTaskIncrementTick
                0x600036d0      0x154 ./freertos/freertos_kernel/tasks.o
                0x600036d0                xTaskIncrementTick
 .text.vTaskSwitchContext
                0x60003824       0xb8 ./freertos/freertos_kernel/tasks.o
                0x60003824                vTaskSwitchContext
 .text.vTaskPlaceOnEventList
                0x600038dc       0x48 ./freertos/freertos_kernel/tasks.o
                0x600038dc                vTaskPlaceOnEventList
 .text.vTaskPlaceOnEventListRestricted
                0x60003924       0x58 ./freertos/freertos_kernel/tasks.o
                0x60003924                vTaskPlaceOnEventListRestricted
 .text.xTaskRemoveFromEventList
                0x6000397c       0xc4 ./freertos/freertos_kernel/tasks.o
                0x6000397c                xTaskRemoveFromEventList
 .text.vTaskInternalSetTimeOutState
                0x60003a40       0x2c ./freertos/freertos_kernel/tasks.o
                0x60003a40                vTaskInternalSetTimeOutState
 .text.xTaskCheckForTimeOut
                0x60003a6c       0xcc ./freertos/freertos_kernel/tasks.o
                0x60003a6c                xTaskCheckForTimeOut
 .text.vTaskMissedYield
                0x60003b38       0x18 ./freertos/freertos_kernel/tasks.o
                0x60003b38                vTaskMissedYield
 .text.prvIdleTask
                0x60003b50       0x30 ./freertos/freertos_kernel/tasks.o
 .text.prvInitialiseTaskLists
                0x60003b80       0x80 ./freertos/freertos_kernel/tasks.o
 .text.prvCheckTasksWaitingTermination
                0x60003c00       0x5c ./freertos/freertos_kernel/tasks.o
 .text.prvResetNextTaskUnblockTime
                0x60003c5c       0x38 ./freertos/freertos_kernel/tasks.o
 .text.xTaskGetSchedulerState
                0x60003c94       0x3c ./freertos/freertos_kernel/tasks.o
                0x60003c94                xTaskGetSchedulerState
 .text.xTaskPriorityDisinherit
                0x60003cd0       0xf4 ./freertos/freertos_kernel/tasks.o
                0x60003cd0                xTaskPriorityDisinherit
 .text.prvAddCurrentTaskToDelayedList
                0x60003dc4       0xcc ./freertos/freertos_kernel/tasks.o
 .text.xTimerCreateTimerTask
                0x60003e90       0x64 ./freertos/freertos_kernel/timers.o
                0x60003e90                xTimerCreateTimerTask
 .text.xTimerGenericCommand
                0x60003ef4       0x9c ./freertos/freertos_kernel/timers.o
                0x60003ef4                xTimerGenericCommand
 .text.prvProcessExpiredTimer
                0x60003f90       0x98 ./freertos/freertos_kernel/timers.o
 .text.prvProcessTimerOrBlockTask
                0x60004028       0x9c ./freertos/freertos_kernel/timers.o
 .text.prvGetNextExpireTime
                0x600040c4       0x48 ./freertos/freertos_kernel/timers.o
 .text.prvSampleTimeNow
                0x6000410c       0x40 ./freertos/freertos_kernel/timers.o
 .text.prvInsertTimerInActiveList
                0x6000414c       0x84 ./freertos/freertos_kernel/timers.o
 .text.prvProcessReceivedCommands
                0x600041d0      0x1c4 ./freertos/freertos_kernel/timers.o
 .text.prvSwitchTimerLists
                0x60004394       0xc8 ./freertos/freertos_kernel/timers.o
 .text.prvCheckForValidListAndQueue
                0x6000445c       0x6c ./freertos/freertos_kernel/timers.o
 .text.CLOCK_GetOscFreq
                0x600044c8       0x30 ./drivers/fsl_clock.o
 .text.CLOCK_InitExternalClk
                0x600044f8       0x6c ./drivers/fsl_clock.o
                0x600044f8                CLOCK_InitExternalClk
 .text.CLOCK_SwitchOsc
                0x60004564       0x34 ./drivers/fsl_clock.o
                0x60004564                CLOCK_SwitchOsc
 .text.CLOCK_InitRcOsc24M
                0x60004598       0x24 ./drivers/fsl_clock.o
                0x60004598                CLOCK_InitRcOsc24M
 .text.CLOCK_InitArmPll
                0x600045bc       0x68 ./drivers/fsl_clock.o
                0x600045bc                CLOCK_InitArmPll
 .text.CLOCK_InitSysPll
                0x60004624       0x9c ./drivers/fsl_clock.o
                0x60004624                CLOCK_InitSysPll
 .text.CLOCK_DeinitUsb2Pll
                0x600046c0       0x18 ./drivers/fsl_clock.o
                0x600046c0                CLOCK_DeinitUsb2Pll
 .text.CLOCK_DeinitAudioPll
                0x600046d8       0x1c ./drivers/fsl_clock.o
                0x600046d8                CLOCK_DeinitAudioPll
 .text.CLOCK_DeinitVideoPll
                0x600046f4       0x1c ./drivers/fsl_clock.o
                0x600046f4                CLOCK_DeinitVideoPll
 .text.CLOCK_InitEnetPll
                0x60004710       0xb0 ./drivers/fsl_clock.o
                0x60004710                CLOCK_InitEnetPll
 .text.CLOCK_GetPllFreq
                0x600047c0      0x434 ./drivers/fsl_clock.o
                0x600047c0                CLOCK_GetPllFreq
 .text.CLOCK_InitSysPfd
                0x60004bf4       0x64 ./drivers/fsl_clock.o
                0x60004bf4                CLOCK_InitSysPfd
 .text.CLOCK_ControlGate
                0x60004c58       0x60 ./drivers/fsl_gpio.o
 .text.GPIO_GetInstance
                0x60004cb8       0x4c ./drivers/fsl_gpio.o
 .text.GPIO_PinInit
                0x60004d04       0xa4 ./drivers/fsl_gpio.o
                0x60004d04                GPIO_PinInit
 .text.GPIO_PinWrite
                0x60004da8       0x48 ./drivers/fsl_gpio.o
                0x60004da8                GPIO_PinWrite
 .text.GPIO_PinSetInterruptConfig
                0x60004df0       0xfc ./drivers/fsl_gpio.o
                0x60004df0                GPIO_PinSetInterruptConfig
 .text.CLOCK_ControlGate
                0x60004eec       0x60 ./drivers/fsl_lpuart.o
 .text.LPUART_GetInstance
                0x60004f4c       0x4c ./drivers/fsl_lpuart.o
                0x60004f4c                LPUART_GetInstance
 .text.LPUART_Init
                0x60004f98      0x310 ./drivers/fsl_lpuart.o
                0x60004f98                LPUART_Init
 .text.LPUART_GetDefaultConfig
                0x600052a8       0x88 ./drivers/fsl_lpuart.o
                0x600052a8                LPUART_GetDefaultConfig
 .text.LPUART_WriteBlocking
                0x60005330       0x68 ./drivers/fsl_lpuart.o
                0x60005330                LPUART_WriteBlocking
 .text.LPUART1_DriverIRQHandler
                0x60005398       0x28 ./drivers/fsl_lpuart.o
                0x60005398                LPUART1_DriverIRQHandler
 .text.LPUART2_DriverIRQHandler
                0x600053c0       0x28 ./drivers/fsl_lpuart.o
                0x600053c0                LPUART2_DriverIRQHandler
 .text.LPUART3_DriverIRQHandler
                0x600053e8       0x28 ./drivers/fsl_lpuart.o
                0x600053e8                LPUART3_DriverIRQHandler
 .text.LPUART4_DriverIRQHandler
                0x60005410       0x28 ./drivers/fsl_lpuart.o
                0x60005410                LPUART4_DriverIRQHandler
 .text.LPUART5_DriverIRQHandler
                0x60005438       0x28 ./drivers/fsl_lpuart.o
                0x60005438                LPUART5_DriverIRQHandler
 .text.LPUART6_DriverIRQHandler
                0x60005460       0x28 ./drivers/fsl_lpuart.o
                0x60005460                LPUART6_DriverIRQHandler
 .text.LPUART7_DriverIRQHandler
                0x60005488       0x28 ./drivers/fsl_lpuart.o
                0x60005488                LPUART7_DriverIRQHandler
 .text.LPUART8_DriverIRQHandler
                0x600054b0       0x28 ./drivers/fsl_lpuart.o
                0x600054b0                LPUART8_DriverIRQHandler
 .text.SystemInit
                0x600054d8      0x144 ./device/system_MIMXRT1062.o
                0x600054d8                SystemInit
 .text.HAL_UartInitCommon
                0x6000561c       0xac ./component/uart/fsl_adapter_lpuart.o
 .text.HAL_UartInit
                0x600056c8       0x84 ./component/uart/fsl_adapter_lpuart.o
                0x600056c8                HAL_UartInit
 .text.HAL_UartSendBlocking
                0x6000574c       0x64 ./component/uart/fsl_adapter_lpuart.o
                0x6000574c                HAL_UartSendBlocking
 .text.ARM_MPU_Enable
                0x600057b0       0x40 ./board/board.o
 .text.ARM_MPU_Disable
                0x600057f0       0x34 ./board/board.o
 .text.CLOCK_GetMux
                0x60005824       0x44 ./board/board.o
 .text.CLOCK_GetDiv
                0x60005868       0x44 ./board/board.o
 .text.CLOCK_GetOscFreq
                0x600058ac       0x30 ./board/board.o
 .text.BOARD_DebugConsoleSrcFreq
                0x600058dc       0x64 ./board/board.o
                0x600058dc                BOARD_DebugConsoleSrcFreq
 .text.BOARD_ConfigMPU
                0x60005940      0x2a8 ./board/board.o
                0x60005940                BOARD_ConfigMPU
 .text.CLOCK_SetMux
                0x60005be8       0x9c ./board/clock_config.o
 .text.CLOCK_SetDiv
                0x60005c84       0x9c ./board/clock_config.o
 .text.CLOCK_ControlGate
                0x60005d20       0x60 ./board/clock_config.o
 .text.CLOCK_SetXtalFreq
                0x60005d80       0x20 ./board/clock_config.o
 .text.IOMUXC_MQSConfig
                0x60005da0       0x44 ./board/clock_config.o
 .text.BOARD_BootClockRUN
                0x60005de4      0x630 ./board/clock_config.o
                0x60005de4                BOARD_BootClockRUN
 .text.CLOCK_ControlGate
                0x60006414       0x60 ./board/pin_mux.o
 .text.BOARD_InitPins
                0x60006474       0x68 ./board/pin_mux.o
                0x60006474                BOARD_InitPins
 .text.__assertion_failed
                0x600064dc       0x4c c:/nxp/mcuxpressoide_11.5.1_7266/ide/plugins/com.nxp.mcuxpresso.tools.win32_11.5.1.202201181444/tools/bin/../lib/gcc/arm-none-eabi/10.3.1/../../../../arm-none-eabi/lib/thumb/v7e-m+fp/hard\libcr_nohost_nf.a(_cr_assert.o)
                0x600064dc                __assertion_failed
 .text._Cwritebuf
                0x60006528       0x6c c:/nxp/mcuxpressoide_11.5.1_7266/ide/plugins/com.nxp.mcuxpresso.tools.win32_11.5.1.202201181444/tools/bin/../lib/gcc/arm-none-eabi/10.3.1/../../../../arm-none-eabi/lib/thumb/v7e-m+fp/hard\libcr_c.a(_writebuf.o)
                0x60006528                _Cwritebuf
 .text.malloc   0x60006594       0xc8 c:/nxp/mcuxpressoide_11.5.1_7266/ide/plugins/com.nxp.mcuxpresso.tools.win32_11.5.1.202201181444/tools/bin/../lib/gcc/arm-none-eabi/10.3.1/../../../../arm-none-eabi/lib/thumb/v7e-m+fp/hard\libcr_c.a(alloc.o)
                0x60006594                malloc
 .text._Csys_alloc
                0x6000665c       0x20 c:/nxp/mcuxpressoide_11.5.1_7266/ide/plugins/com.nxp.mcuxpresso.tools.win32_11.5.1.202201181444/tools/bin/../lib/gcc/arm-none-eabi/10.3.1/../../../../arm-none-eabi/lib/thumb/v7e-m+fp/hard\libcr_c.a(alloc.o)
                0x6000665c                _Csys_alloc
 .text.fseek    0x6000667c       0xfc c:/nxp/mcuxpressoide_11.5.1_7266/ide/plugins/com.nxp.mcuxpresso.tools.win32_11.5.1.202201181444/tools/bin/../lib/gcc/arm-none-eabi/10.3.1/../../../../arm-none-eabi/lib/thumb/v7e-m+fp/hard\libcr_c.a(fseek.o)
                0x6000667c                fseek
 .text.ftell    0x60006778       0x44 c:/nxp/mcuxpressoide_11.5.1_7266/ide/plugins/com.nxp.mcuxpresso.tools.win32_11.5.1.202201181444/tools/bin/../lib/gcc/arm-none-eabi/10.3.1/../../../../arm-none-eabi/lib/thumb/v7e-m+fp/hard\libcr_c.a(ftell.o)
                0x60006778                ftell
 .text._initio  0x600067bc       0x78 c:/nxp/mcuxpressoide_11.5.1_7266/ide/plugins/com.nxp.mcuxpresso.tools.win32_11.5.1.202201181444/tools/bin/../lib/gcc/arm-none-eabi/10.3.1/../../../../arm-none-eabi/lib/thumb/v7e-m+fp/hard\libcr_c.a(initio.o)
                0x600067bc                _initio
 .text._sbrk    0x60006834       0x3c c:/nxp/mcuxpressoide_11.5.1_7266/ide/plugins/com.nxp.mcuxpresso.tools.win32_11.5.1.202201181444/tools/bin/../lib/gcc/arm-none-eabi/10.3.1/../../../../arm-none-eabi/lib/thumb/v7e-m+fp/hard\libcr_c.a(_cr_sbrk.o)
                0x60006834                _sbrk
 .text.fflush   0x60006870       0x3c c:/nxp/mcuxpressoide_11.5.1_7266/ide/plugins/com.nxp.mcuxpresso.tools.win32_11.5.1.202201181444/tools/bin/../lib/gcc/arm-none-eabi/10.3.1/../../../../arm-none-eabi/lib/thumb/v7e-m+fp/hard\libcr_c.a(fflush.o)
                0x60006870                fflush
 .text.__check_heap_overflow
                0x600068ac       0x18 c:/nxp/mcuxpressoide_11.5.1_7266/ide/plugins/com.nxp.mcuxpresso.tools.win32_11.5.1.202201181444/tools/bin/../lib/gcc/arm-none-eabi/10.3.1/../../../../arm-none-eabi/lib/thumb/v7e-m+fp/hard\libcr_c.a(_cr_check_heap.o)
                0x600068ac                __check_heap_overflow
 .text.DbgConsole_PrintCallback
                0x600068c4       0x66 ./utilities/fsl_debug_console.o
 .text.DbgConsole_Printf
                0x6000692a       0x2c ./utilities/fsl_debug_console.o
                0x6000692a                DbgConsole_Printf
 .text.PrintGetWidth
                0x60006956       0x6a ./utilities/fsl_str.o
 .text.PrintGetPrecision
                0x600069c0       0x8c ./utilities/fsl_str.o
 .text.PrintIsobpu
                0x60006a4c       0x38 ./utilities/fsl_str.o
 .text.PrintIsdi
                0x60006a84       0x2c ./utilities/fsl_str.o
 .text.PrintOutputdifFobpu
                0x60006ab0       0x44 ./utilities/fsl_str.o
 .text.PrintOutputxX
                0x60006af4       0x44 ./utilities/fsl_str.o
 .text.PrintIsfF
                0x60006b38       0x2c ./utilities/fsl_str.o
 .text.PrintIsxX
                0x60006b64       0x2c ./utilities/fsl_str.o
 .text.PrintFilterLengthFlag
                0x60006b90       0x3e ./utilities/fsl_str.o
 .text.PrintGetRadixFromobpu
                0x60006bce       0x40 ./utilities/fsl_str.o
 .text.ConvertRadixNumToString
                0x60006c0e       0xc2 ./utilities/fsl_str.o
 .text.StrFormatPrintf
                0x60006cd0      0x2ac ./utilities/fsl_str.o
                0x60006cd0                StrFormatPrintf
 .text.DMA0_DMA16_IRQHandler
                0x60006f7c        0x8 ./startup/startup_mimxrt1062.o
                0x60006f7c                DMA0_DMA16_IRQHandler
 .text.DMA1_DMA17_IRQHandler
                0x60006f84        0x8 ./startup/startup_mimxrt1062.o
                0x60006f84                DMA1_DMA17_IRQHandler
 .text.DMA2_DMA18_IRQHandler
                0x60006f8c        0x8 ./startup/startup_mimxrt1062.o
                0x60006f8c                DMA2_DMA18_IRQHandler
 .text.DMA3_DMA19_IRQHandler
                0x60006f94        0x8 ./startup/startup_mimxrt1062.o
                0x60006f94                DMA3_DMA19_IRQHandler
 .text.DMA4_DMA20_IRQHandler
                0x60006f9c        0x8 ./startup/startup_mimxrt1062.o
                0x60006f9c                DMA4_DMA20_IRQHandler
 .text.DMA5_DMA21_IRQHandler
                0x60006fa4        0x8 ./startup/startup_mimxrt1062.o
                0x60006fa4                DMA5_DMA21_IRQHandler
 .text.DMA6_DMA22_IRQHandler
                0x60006fac        0x8 ./startup/startup_mimxrt1062.o
                0x60006fac                DMA6_DMA22_IRQHandler
 .text.DMA7_DMA23_IRQHandler
                0x60006fb4        0x8 ./startup/startup_mimxrt1062.o
                0x60006fb4                DMA7_DMA23_IRQHandler
 .text.DMA8_DMA24_IRQHandler
                0x60006fbc        0x8 ./startup/startup_mimxrt1062.o
                0x60006fbc                DMA8_DMA24_IRQHandler
 .text.DMA9_DMA25_IRQHandler
                0x60006fc4        0x8 ./startup/startup_mimxrt1062.o
                0x60006fc4                DMA9_DMA25_IRQHandler
 .text.DMA10_DMA26_IRQHandler
                0x60006fcc        0x8 ./startup/startup_mimxrt1062.o
                0x60006fcc                DMA10_DMA26_IRQHandler
 .text.DMA11_DMA27_IRQHandler
                0x60006fd4        0x8 ./startup/startup_mimxrt1062.o
                0x60006fd4                DMA11_DMA27_IRQHandler
 .text.DMA12_DMA28_IRQHandler
                0x60006fdc        0x8 ./startup/startup_mimxrt1062.o
                0x60006fdc                DMA12_DMA28_IRQHandler
 .text.DMA13_DMA29_IRQHandler
                0x60006fe4        0x8 ./startup/startup_mimxrt1062.o
                0x60006fe4                DMA13_DMA29_IRQHandler
 .text.DMA14_DMA30_IRQHandler
                0x60006fec        0x8 ./startup/startup_mimxrt1062.o
                0x60006fec                DMA14_DMA30_IRQHandler
 .text.DMA15_DMA31_IRQHandler
                0x60006ff4        0x8 ./startup/startup_mimxrt1062.o
                0x60006ff4                DMA15_DMA31_IRQHandler
 .text.DMA_ERROR_IRQHandler
                0x60006ffc        0x8 ./startup/startup_mimxrt1062.o
                0x60006ffc                DMA_ERROR_IRQHandler
 .text.CTI0_ERROR_IRQHandler
                0x60007004        0x8 ./startup/startup_mimxrt1062.o
                0x60007004                CTI0_ERROR_IRQHandler
 .text.CTI1_ERROR_IRQHandler
                0x6000700c        0x8 ./startup/startup_mimxrt1062.o
                0x6000700c                CTI1_ERROR_IRQHandler
 .text.CORE_IRQHandler
                0x60007014        0x8 ./startup/startup_mimxrt1062.o
                0x60007014                CORE_IRQHandler
 .text.LPUART1_IRQHandler
                0x6000701c        0x8 ./startup/startup_mimxrt1062.o
                0x6000701c                LPUART1_IRQHandler
 .text.LPUART2_IRQHandler
                0x60007024        0x8 ./startup/startup_mimxrt1062.o
                0x60007024                LPUART2_IRQHandler
 .text.LPUART3_IRQHandler
                0x6000702c        0x8 ./startup/startup_mimxrt1062.o
                0x6000702c                LPUART3_IRQHandler
 .text.LPUART4_IRQHandler
                0x60007034        0x8 ./startup/startup_mimxrt1062.o
                0x60007034                LPUART4_IRQHandler
 .text.LPUART5_IRQHandler
                0x6000703c        0x8 ./startup/startup_mimxrt1062.o
                0x6000703c                LPUART5_IRQHandler
 .text.LPUART6_IRQHandler
                0x60007044        0x8 ./startup/startup_mimxrt1062.o
                0x60007044                LPUART6_IRQHandler
 .text.LPUART7_IRQHandler
                0x6000704c        0x8 ./startup/startup_mimxrt1062.o
                0x6000704c                LPUART7_IRQHandler
 .text.LPUART8_IRQHandler
                0x60007054        0x8 ./startup/startup_mimxrt1062.o
                0x60007054                LPUART8_IRQHandler
 .text.LPI2C1_IRQHandler
                0x6000705c        0x8 ./startup/startup_mimxrt1062.o
                0x6000705c                LPI2C1_IRQHandler
 .text.LPI2C2_IRQHandler
                0x60007064        0x8 ./startup/startup_mimxrt1062.o
                0x60007064                LPI2C2_IRQHandler
 .text.LPI2C3_IRQHandler
                0x6000706c        0x8 ./startup/startup_mimxrt1062.o
                0x6000706c                LPI2C3_IRQHandler
 .text.LPI2C4_IRQHandler
                0x60007074        0x8 ./startup/startup_mimxrt1062.o
                0x60007074                LPI2C4_IRQHandler
 .text.LPSPI1_IRQHandler
                0x6000707c        0x8 ./startup/startup_mimxrt1062.o
                0x6000707c                LPSPI1_IRQHandler
 .text.LPSPI2_IRQHandler
                0x60007084        0x8 ./startup/startup_mimxrt1062.o
                0x60007084                LPSPI2_IRQHandler
 .text.LPSPI3_IRQHandler
                0x6000708c        0x8 ./startup/startup_mimxrt1062.o
                0x6000708c                LPSPI3_IRQHandler
 .text.LPSPI4_IRQHandler
                0x60007094        0x8 ./startup/startup_mimxrt1062.o
                0x60007094                LPSPI4_IRQHandler
 .text.CAN1_IRQHandler
                0x6000709c        0x8 ./startup/startup_mimxrt1062.o
                0x6000709c                CAN1_IRQHandler
 .text.CAN2_IRQHandler
                0x600070a4        0x8 ./startup/startup_mimxrt1062.o
                0x600070a4                CAN2_IRQHandler
 .text.FLEXRAM_IRQHandler
                0x600070ac        0x8 ./startup/startup_mimxrt1062.o
                0x600070ac                FLEXRAM_IRQHandler
 .text.KPP_IRQHandler
                0x600070b4        0x8 ./startup/startup_mimxrt1062.o
                0x600070b4                KPP_IRQHandler
 .text.TSC_DIG_IRQHandler
                0x600070bc        0x8 ./startup/startup_mimxrt1062.o
                0x600070bc                TSC_DIG_IRQHandler
 .text.GPR_IRQ_IRQHandler
                0x600070c4        0x8 ./startup/startup_mimxrt1062.o
                0x600070c4                GPR_IRQ_IRQHandler
 .text.LCDIF_IRQHandler
                0x600070cc        0x8 ./startup/startup_mimxrt1062.o
                0x600070cc                LCDIF_IRQHandler
 .text.CSI_IRQHandler
                0x600070d4        0x8 ./startup/startup_mimxrt1062.o
                0x600070d4                CSI_IRQHandler
 .text.PXP_IRQHandler
                0x600070dc        0x8 ./startup/startup_mimxrt1062.o
                0x600070dc                PXP_IRQHandler
 .text.WDOG2_IRQHandler
                0x600070e4        0x8 ./startup/startup_mimxrt1062.o
                0x600070e4                WDOG2_IRQHandler
 .text.SNVS_HP_WRAPPER_IRQHandler
                0x600070ec        0x8 ./startup/startup_mimxrt1062.o
                0x600070ec                SNVS_HP_WRAPPER_IRQHandler
 .text.SNVS_HP_WRAPPER_TZ_IRQHandler
                0x600070f4        0x8 ./startup/startup_mimxrt1062.o
                0x600070f4                SNVS_HP_WRAPPER_TZ_IRQHandler
 .text.SNVS_LP_WRAPPER_IRQHandler
                0x600070fc        0x8 ./startup/startup_mimxrt1062.o
                0x600070fc                SNVS_LP_WRAPPER_IRQHandler
 .text.CSU_IRQHandler
                0x60007104        0x8 ./startup/startup_mimxrt1062.o
                0x60007104                CSU_IRQHandler
 .text.DCP_IRQHandler
                0x6000710c        0x8 ./startup/startup_mimxrt1062.o
                0x6000710c                DCP_IRQHandler
 .text.DCP_VMI_IRQHandler
                0x60007114        0x8 ./startup/startup_mimxrt1062.o
                0x60007114                DCP_VMI_IRQHandler
 .text.Reserved68_IRQHandler
                0x6000711c        0x8 ./startup/startup_mimxrt1062.o
                0x6000711c                Reserved68_IRQHandler
 .text.TRNG_IRQHandler
                0x60007124        0x8 ./startup/startup_mimxrt1062.o
                0x60007124                TRNG_IRQHandler
 .text.SJC_IRQHandler
                0x6000712c        0x8 ./startup/startup_mimxrt1062.o
                0x6000712c                SJC_IRQHandler
 .text.BEE_IRQHandler
                0x60007134        0x8 ./startup/startup_mimxrt1062.o
                0x60007134                BEE_IRQHandler
 .text.SAI1_IRQHandler
                0x6000713c        0x8 ./startup/startup_mimxrt1062.o
                0x6000713c                SAI1_IRQHandler
 .text.SAI2_IRQHandler
                0x60007144        0x8 ./startup/startup_mimxrt1062.o
                0x60007144                SAI2_IRQHandler
 .text.SAI3_RX_IRQHandler
                0x6000714c        0x8 ./startup/startup_mimxrt1062.o
                0x6000714c                SAI3_RX_IRQHandler
 .text.SAI3_TX_IRQHandler
                0x60007154        0x8 ./startup/startup_mimxrt1062.o
                0x60007154                SAI3_TX_IRQHandler
 .text.SPDIF_IRQHandler
                0x6000715c        0x8 ./startup/startup_mimxrt1062.o
                0x6000715c                SPDIF_IRQHandler
 .text.PMU_EVENT_IRQHandler
                0x60007164        0x8 ./startup/startup_mimxrt1062.o
                0x60007164                PMU_EVENT_IRQHandler
 .text.Reserved78_IRQHandler
                0x6000716c        0x8 ./startup/startup_mimxrt1062.o
                0x6000716c                Reserved78_IRQHandler
 .text.TEMP_LOW_HIGH_IRQHandler
                0x60007174        0x8 ./startup/startup_mimxrt1062.o
                0x60007174                TEMP_LOW_HIGH_IRQHandler
 .text.TEMP_PANIC_IRQHandler
                0x6000717c        0x8 ./startup/startup_mimxrt1062.o
                0x6000717c                TEMP_PANIC_IRQHandler
 .text.USB_PHY1_IRQHandler
                0x60007184        0x8 ./startup/startup_mimxrt1062.o
                0x60007184                USB_PHY1_IRQHandler
 .text.USB_PHY2_IRQHandler
                0x6000718c        0x8 ./startup/startup_mimxrt1062.o
                0x6000718c                USB_PHY2_IRQHandler
 .text.ADC1_IRQHandler
                0x60007194        0x8 ./startup/startup_mimxrt1062.o
                0x60007194                ADC1_IRQHandler
 .text.ADC2_IRQHandler
                0x6000719c        0x8 ./startup/startup_mimxrt1062.o
                0x6000719c                ADC2_IRQHandler
 .text.DCDC_IRQHandler
                0x600071a4        0x8 ./startup/startup_mimxrt1062.o
                0x600071a4                DCDC_IRQHandler
 .text.Reserved86_IRQHandler
                0x600071ac        0x8 ./startup/startup_mimxrt1062.o
                0x600071ac                Reserved86_IRQHandler
 .text.Reserved87_IRQHandler
                0x600071b4        0x8 ./startup/startup_mimxrt1062.o
                0x600071b4                Reserved87_IRQHandler
 .text.GPIO1_INT0_IRQHandler
                0x600071bc        0x8 ./startup/startup_mimxrt1062.o
                0x600071bc                GPIO1_INT0_IRQHandler
 .text.GPIO1_INT1_IRQHandler
                0x600071c4        0x8 ./startup/startup_mimxrt1062.o
                0x600071c4                GPIO1_INT1_IRQHandler
 .text.GPIO1_INT2_IRQHandler
                0x600071cc        0x8 ./startup/startup_mimxrt1062.o
                0x600071cc                GPIO1_INT2_IRQHandler
 .text.GPIO1_INT3_IRQHandler
                0x600071d4        0x8 ./startup/startup_mimxrt1062.o
                0x600071d4                GPIO1_INT3_IRQHandler
 .text.GPIO1_INT4_IRQHandler
                0x600071dc        0x8 ./startup/startup_mimxrt1062.o
                0x600071dc                GPIO1_INT4_IRQHandler
 .text.GPIO1_INT5_IRQHandler
                0x600071e4        0x8 ./startup/startup_mimxrt1062.o
                0x600071e4                GPIO1_INT5_IRQHandler
 .text.GPIO1_INT6_IRQHandler
                0x600071ec        0x8 ./startup/startup_mimxrt1062.o
                0x600071ec                GPIO1_INT6_IRQHandler
 .text.GPIO1_INT7_IRQHandler
                0x600071f4        0x8 ./startup/startup_mimxrt1062.o
                0x600071f4                GPIO1_INT7_IRQHandler
 .text.GPIO1_Combined_0_15_IRQHandler
                0x600071fc        0x8 ./startup/startup_mimxrt1062.o
                0x600071fc                GPIO1_Combined_0_15_IRQHandler
 .text.GPIO1_Combined_16_31_IRQHandler
                0x60007204        0x8 ./startup/startup_mimxrt1062.o
                0x60007204                GPIO1_Combined_16_31_IRQHandler
 .text.GPIO2_Combined_0_15_IRQHandler
                0x6000720c        0x8 ./startup/startup_mimxrt1062.o
                0x6000720c                GPIO2_Combined_0_15_IRQHandler
 .text.GPIO2_Combined_16_31_IRQHandler
                0x60007214        0x8 ./startup/startup_mimxrt1062.o
                0x60007214                GPIO2_Combined_16_31_IRQHandler
 .text.GPIO3_Combined_0_15_IRQHandler
                0x6000721c        0x8 ./startup/startup_mimxrt1062.o
                0x6000721c                GPIO3_Combined_0_15_IRQHandler
 .text.GPIO3_Combined_16_31_IRQHandler
                0x60007224        0x8 ./startup/startup_mimxrt1062.o
                0x60007224                GPIO3_Combined_16_31_IRQHandler
 .text.GPIO4_Combined_0_15_IRQHandler
                0x6000722c        0x8 ./startup/startup_mimxrt1062.o
                0x6000722c                GPIO4_Combined_0_15_IRQHandler
 .text.GPIO4_Combined_16_31_IRQHandler
                0x60007234        0x8 ./startup/startup_mimxrt1062.o
                0x60007234                GPIO4_Combined_16_31_IRQHandler
 .text.GPIO5_Combined_0_15_IRQHandler
                0x6000723c        0x8 ./startup/startup_mimxrt1062.o
                0x6000723c                GPIO5_Combined_0_15_IRQHandler
 .text.GPIO5_Combined_16_31_IRQHandler
                0x60007244        0x8 ./startup/startup_mimxrt1062.o
                0x60007244                GPIO5_Combined_16_31_IRQHandler
 .text.FLEXIO1_IRQHandler
                0x6000724c        0x8 ./startup/startup_mimxrt1062.o
                0x6000724c                FLEXIO1_IRQHandler
 .text.FLEXIO2_IRQHandler
                0x60007254        0x8 ./startup/startup_mimxrt1062.o
                0x60007254                FLEXIO2_IRQHandler
 .text.WDOG1_IRQHandler
                0x6000725c        0x8 ./startup/startup_mimxrt1062.o
                0x6000725c                WDOG1_IRQHandler
 .text.RTWDOG_IRQHandler
                0x60007264        0x8 ./startup/startup_mimxrt1062.o
                0x60007264                RTWDOG_IRQHandler
 .text.EWM_IRQHandler
                0x6000726c        0x8 ./startup/startup_mimxrt1062.o
                0x6000726c                EWM_IRQHandler
 .text.CCM_1_IRQHandler
                0x60007274        0x8 ./startup/startup_mimxrt1062.o
                0x60007274                CCM_1_IRQHandler
 .text.CCM_2_IRQHandler
                0x6000727c        0x8 ./startup/startup_mimxrt1062.o
                0x6000727c                CCM_2_IRQHandler
 .text.GPC_IRQHandler
                0x60007284        0x8 ./startup/startup_mimxrt1062.o
                0x60007284                GPC_IRQHandler
 .text.SRC_IRQHandler
                0x6000728c        0x8 ./startup/startup_mimxrt1062.o
                0x6000728c                SRC_IRQHandler
 .text.Reserved115_IRQHandler
                0x60007294        0x8 ./startup/startup_mimxrt1062.o
                0x60007294                Reserved115_IRQHandler
 .text.GPT1_IRQHandler
                0x6000729c        0x8 ./startup/startup_mimxrt1062.o
                0x6000729c                GPT1_IRQHandler
 .text.GPT2_IRQHandler
                0x600072a4        0x8 ./startup/startup_mimxrt1062.o
                0x600072a4                GPT2_IRQHandler
 .text.PWM1_0_IRQHandler
                0x600072ac        0x8 ./startup/startup_mimxrt1062.o
                0x600072ac                PWM1_0_IRQHandler
 .text.PWM1_1_IRQHandler
                0x600072b4        0x8 ./startup/startup_mimxrt1062.o
                0x600072b4                PWM1_1_IRQHandler
 .text.PWM1_2_IRQHandler
                0x600072bc        0x8 ./startup/startup_mimxrt1062.o
                0x600072bc                PWM1_2_IRQHandler
 .text.PWM1_3_IRQHandler
                0x600072c4        0x8 ./startup/startup_mimxrt1062.o
                0x600072c4                PWM1_3_IRQHandler
 .text.PWM1_FAULT_IRQHandler
                0x600072cc        0x8 ./startup/startup_mimxrt1062.o
                0x600072cc                PWM1_FAULT_IRQHandler
 .text.FLEXSPI2_IRQHandler
                0x600072d4        0x8 ./startup/startup_mimxrt1062.o
                0x600072d4                FLEXSPI2_IRQHandler
 .text.FLEXSPI_IRQHandler
                0x600072dc        0x8 ./startup/startup_mimxrt1062.o
                0x600072dc                FLEXSPI_IRQHandler
 .text.SEMC_IRQHandler
                0x600072e4        0x8 ./startup/startup_mimxrt1062.o
                0x600072e4                SEMC_IRQHandler
 .text.USDHC1_IRQHandler
                0x600072ec        0x8 ./startup/startup_mimxrt1062.o
                0x600072ec                USDHC1_IRQHandler
 .text.USDHC2_IRQHandler
                0x600072f4        0x8 ./startup/startup_mimxrt1062.o
                0x600072f4                USDHC2_IRQHandler
 .text.USB_OTG2_IRQHandler
                0x600072fc        0x8 ./startup/startup_mimxrt1062.o
                0x600072fc                USB_OTG2_IRQHandler
 .text.USB_OTG1_IRQHandler
                0x60007304        0x8 ./startup/startup_mimxrt1062.o
                0x60007304                USB_OTG1_IRQHandler
 .text.ENET_IRQHandler
                0x6000730c        0x8 ./startup/startup_mimxrt1062.o
                0x6000730c                ENET_IRQHandler
 .text.ENET_1588_Timer_IRQHandler
                0x60007314        0x8 ./startup/startup_mimxrt1062.o
                0x60007314                ENET_1588_Timer_IRQHandler
 .text.XBAR1_IRQ_0_1_IRQHandler
                0x6000731c        0x8 ./startup/startup_mimxrt1062.o
                0x6000731c                XBAR1_IRQ_0_1_IRQHandler
 .text.XBAR1_IRQ_2_3_IRQHandler
                0x60007324        0x8 ./startup/startup_mimxrt1062.o
                0x60007324                XBAR1_IRQ_2_3_IRQHandler
 .text.ADC_ETC_IRQ0_IRQHandler
                0x6000732c        0x8 ./startup/startup_mimxrt1062.o
                0x6000732c                ADC_ETC_IRQ0_IRQHandler
 .text.ADC_ETC_IRQ1_IRQHandler
                0x60007334        0x8 ./startup/startup_mimxrt1062.o
                0x60007334                ADC_ETC_IRQ1_IRQHandler
 .text.ADC_ETC_IRQ2_IRQHandler
                0x6000733c        0x8 ./startup/startup_mimxrt1062.o
                0x6000733c                ADC_ETC_IRQ2_IRQHandler
 .text.ADC_ETC_ERROR_IRQ_IRQHandler
                0x60007344        0x8 ./startup/startup_mimxrt1062.o
                0x60007344                ADC_ETC_ERROR_IRQ_IRQHandler
 .text.PIT_IRQHandler
                0x6000734c        0x8 ./startup/startup_mimxrt1062.o
                0x6000734c                PIT_IRQHandler
 .text.ACMP1_IRQHandler
                0x60007354        0x8 ./startup/startup_mimxrt1062.o
                0x60007354                ACMP1_IRQHandler
 .text.ACMP2_IRQHandler
                0x6000735c        0x8 ./startup/startup_mimxrt1062.o
                0x6000735c                ACMP2_IRQHandler
 .text.ACMP3_IRQHandler
                0x60007364        0x8 ./startup/startup_mimxrt1062.o
                0x60007364                ACMP3_IRQHandler
 .text.ACMP4_IRQHandler
                0x6000736c        0x8 ./startup/startup_mimxrt1062.o
                0x6000736c                ACMP4_IRQHandler
 .text.Reserved143_IRQHandler
                0x60007374        0x8 ./startup/startup_mimxrt1062.o
                0x60007374                Reserved143_IRQHandler
 .text.Reserved144_IRQHandler
                0x6000737c        0x8 ./startup/startup_mimxrt1062.o
                0x6000737c                Reserved144_IRQHandler
 .text.ENC1_IRQHandler
                0x60007384        0x8 ./startup/startup_mimxrt1062.o
                0x60007384                ENC1_IRQHandler
 .text.ENC2_IRQHandler
                0x6000738c        0x8 ./startup/startup_mimxrt1062.o
                0x6000738c                ENC2_IRQHandler
 .text.ENC3_IRQHandler
                0x60007394        0x8 ./startup/startup_mimxrt1062.o
                0x60007394                ENC3_IRQHandler
 .text.ENC4_IRQHandler
                0x6000739c        0x8 ./startup/startup_mimxrt1062.o
                0x6000739c                ENC4_IRQHandler
 .text.TMR1_IRQHandler
                0x600073a4        0x8 ./startup/startup_mimxrt1062.o
                0x600073a4                TMR1_IRQHandler
 .text.TMR2_IRQHandler
                0x600073ac        0x8 ./startup/startup_mimxrt1062.o
                0x600073ac                TMR2_IRQHandler
 .text.TMR3_IRQHandler
                0x600073b4        0x8 ./startup/startup_mimxrt1062.o
                0x600073b4                TMR3_IRQHandler
 .text.TMR4_IRQHandler
                0x600073bc        0x8 ./startup/startup_mimxrt1062.o
                0x600073bc                TMR4_IRQHandler
 .text.PWM2_0_IRQHandler
                0x600073c4        0x8 ./startup/startup_mimxrt1062.o
                0x600073c4                PWM2_0_IRQHandler
 .text.PWM2_1_IRQHandler
                0x600073cc        0x8 ./startup/startup_mimxrt1062.o
                0x600073cc                PWM2_1_IRQHandler
 .text.PWM2_2_IRQHandler
                0x600073d4        0x8 ./startup/startup_mimxrt1062.o
                0x600073d4                PWM2_2_IRQHandler
 .text.PWM2_3_IRQHandler
                0x600073dc        0x8 ./startup/startup_mimxrt1062.o
                0x600073dc                PWM2_3_IRQHandler
 .text.PWM2_FAULT_IRQHandler
                0x600073e4        0x8 ./startup/startup_mimxrt1062.o
                0x600073e4                PWM2_FAULT_IRQHandler
 .text.PWM3_0_IRQHandler
                0x600073ec        0x8 ./startup/startup_mimxrt1062.o
                0x600073ec                PWM3_0_IRQHandler
 .text.PWM3_1_IRQHandler
                0x600073f4        0x8 ./startup/startup_mimxrt1062.o
                0x600073f4                PWM3_1_IRQHandler
 .text.PWM3_2_IRQHandler
                0x600073fc        0x8 ./startup/startup_mimxrt1062.o
                0x600073fc                PWM3_2_IRQHandler
 .text.PWM3_3_IRQHandler
                0x60007404        0x8 ./startup/startup_mimxrt1062.o
                0x60007404                PWM3_3_IRQHandler
 .text.PWM3_FAULT_IRQHandler
                0x6000740c        0x8 ./startup/startup_mimxrt1062.o
                0x6000740c                PWM3_FAULT_IRQHandler
 .text.PWM4_0_IRQHandler
                0x60007414        0x8 ./startup/startup_mimxrt1062.o
                0x60007414                PWM4_0_IRQHandler
 .text.PWM4_1_IRQHandler
                0x6000741c        0x8 ./startup/startup_mimxrt1062.o
                0x6000741c                PWM4_1_IRQHandler
 .text.PWM4_2_IRQHandler
                0x60007424        0x8 ./startup/startup_mimxrt1062.o
                0x60007424                PWM4_2_IRQHandler
 .text.PWM4_3_IRQHandler
                0x6000742c        0x8 ./startup/startup_mimxrt1062.o
                0x6000742c                PWM4_3_IRQHandler
 .text.PWM4_FAULT_IRQHandler
                0x60007434        0x8 ./startup/startup_mimxrt1062.o
                0x60007434                PWM4_FAULT_IRQHandler
 .text.ENET2_IRQHandler
                0x6000743c        0x8 ./startup/startup_mimxrt1062.o
                0x6000743c                ENET2_IRQHandler
 .text.ENET2_1588_Timer_IRQHandler
                0x60007444        0x8 ./startup/startup_mimxrt1062.o
                0x60007444                ENET2_1588_Timer_IRQHandler
 .text.CAN3_IRQHandler
                0x6000744c        0x8 ./startup/startup_mimxrt1062.o
                0x6000744c                CAN3_IRQHandler
 .text.Reserved171_IRQHandler
                0x60007454        0x8 ./startup/startup_mimxrt1062.o
                0x60007454                Reserved171_IRQHandler
 .text.FLEXIO3_IRQHandler
                0x6000745c        0x8 ./startup/startup_mimxrt1062.o
                0x6000745c                FLEXIO3_IRQHandler
 .text.GPIO6_7_8_9_IRQHandler
                0x60007464        0x8 ./startup/startup_mimxrt1062.o
                0x60007464                GPIO6_7_8_9_IRQHandler
 .text.GPIO_PortToggle
                0x6000746c       0x1e ./source/MIMXRT1062_Project_FreeRTOS.o
 .text.HardFault_Handler
                0x6000748a       0x2c ./source/semihost_hardfault.o
                0x6000748a                HardFault_Handler
 .text.vListInitialise
                0x600074b6       0x40 ./freertos/freertos_kernel/list.o
                0x600074b6                vListInitialise
 .text.vListInitialiseItem
                0x600074f6       0x1a ./freertos/freertos_kernel/list.o
                0x600074f6                vListInitialiseItem
 .text.vListInsertEnd
                0x60007510       0x48 ./freertos/freertos_kernel/list.o
                0x60007510                vListInsertEnd
 .text.vListInsert
                0x60007558       0x72 ./freertos/freertos_kernel/list.o
                0x60007558                vListInsert
 .text.uxListRemove
                0x600075ca       0x54 ./freertos/freertos_kernel/list.o
                0x600075ca                uxListRemove
 .text.xQueueGenericCreate
                0x6000761e       0xbe ./freertos/freertos_kernel/queue.o
                0x6000761e                xQueueGenericCreate
 .text.prvInitialiseNewQueue
                0x600076dc       0x46 ./freertos/freertos_kernel/queue.o
 .text.xQueueGenericSendFromISR
                0x60007722      0x154 ./freertos/freertos_kernel/queue.o
                0x60007722                xQueueGenericSendFromISR
 .text.prvCopyDataToQueue
                0x60007876       0xd4 ./freertos/freertos_kernel/queue.o
 .text.prvCopyDataFromQueue
                0x6000794a       0x4c ./freertos/freertos_kernel/queue.o
 .text.prvUnlockQueue
                0x60007996       0xa4 ./freertos/freertos_kernel/queue.o
 .text.prvIsQueueEmpty
                0x60007a3a       0x2c ./freertos/freertos_kernel/queue.o
 .text.prvIsQueueFull
                0x60007a66       0x30 ./freertos/freertos_kernel/queue.o
 .text.vQueueWaitForMessageRestricted
                0x60007a96       0x68 ./freertos/freertos_kernel/queue.o
                0x60007a96                vQueueWaitForMessageRestricted
 .text.xTaskCreate
                0x60007afe       0x82 ./freertos/freertos_kernel/tasks.o
                0x60007afe                xTaskCreate
 .text.prvInitialiseNewTask
                0x60007b80      0x13a ./freertos/freertos_kernel/tasks.o
 .text.prvDeleteTCB
                0x60007cba       0x20 ./freertos/freertos_kernel/tasks.o
 .text.prvTimerTask
                0x60007cda       0x24 ./freertos/freertos_kernel/timers.o
 .text.CLOCK_IsPllBypassed
                0x60007cfe       0x32 ./drivers/fsl_clock.o
 .text.CLOCK_IsPllEnabled
                0x60007d30       0x3c ./drivers/fsl_clock.o
 .text.CLOCK_GetPllBypassRefClk
                0x60007d6c       0x34 ./drivers/fsl_clock.o
 .text._SDK_AtomicLocalClearAndSet4Byte
                0x60007da0       0x50 ./drivers/fsl_gpio.o
 .text.CLOCK_EnableClock
                0x60007df0       0x1e ./drivers/fsl_gpio.o
 .text.GPIO_SetPinInterruptConfig
                0x60007e0e       0x22 ./drivers/fsl_gpio.o
 .text._SDK_AtomicLocalClearAndSet4Byte
                0x60007e30       0x50 ./drivers/fsl_lpuart.o
 .text.CLOCK_EnableClock
                0x60007e80       0x1e ./drivers/fsl_lpuart.o
 .text.LPUART_SoftwareReset
                0x60007e9e       0x2c ./drivers/fsl_lpuart.o
 .text.SystemInitHook
                0x60007eca        0xe ./device/system_MIMXRT1062.o
                0x60007eca                SystemInitHook
 .text.HAL_UartGetStatus
                0x60007ed8       0x28 ./component/uart/fsl_adapter_lpuart.o
 .text.DisableGlobalIRQ
                0x60007f00       0x22 ./component/serial_manager/fsl_component_serial_manager.o
 .text.EnableGlobalIRQ
                0x60007f22       0x20 ./component/serial_manager/fsl_component_serial_manager.o
 .text.SerialManager_StartWriting
                0x60007f42       0x38 ./component/serial_manager/fsl_component_serial_manager.o
 .text.SerialManager_Write
                0x60007f7a       0x44 ./component/serial_manager/fsl_component_serial_manager.o
 .text.SerialManager_Init
                0x60007fbe       0x60 ./component/serial_manager/fsl_component_serial_manager.o
                0x60007fbe                SerialManager_Init
 .text.SerialManager_OpenWriteHandle
                0x6000801e       0x50 ./component/serial_manager/fsl_component_serial_manager.o
                0x6000801e                SerialManager_OpenWriteHandle
 .text.SerialManager_OpenReadHandle
                0x6000806e       0x60 ./component/serial_manager/fsl_component_serial_manager.o
                0x6000806e                SerialManager_OpenReadHandle
 .text.SerialManager_WriteBlocking
                0x600080ce       0x20 ./component/serial_manager/fsl_component_serial_manager.o
                0x600080ce                SerialManager_WriteBlocking
 .text.Serial_UartInit
                0x600080ee       0x3e ./component/serial_manager/fsl_component_serial_port_uart.o
                0x600080ee                Serial_UartInit
 .text.Serial_UartWrite
                0x6000812c       0x38 ./component/serial_manager/fsl_component_serial_port_uart.o
                0x6000812c                Serial_UartWrite
 .text.BOARD_InitDebugConsole
                0x60008164       0x22 ./board/board.o
                0x60008164                BOARD_InitDebugConsole
 .text._SDK_AtomicLocalClearAndSet4Byte
                0x60008186       0x50 ./board/clock_config.o
 .text.CLOCK_DisableClock
                0x600081d6       0x1e ./board/clock_config.o
 .text.CLOCK_SetPllBypass
                0x600081f4       0x4e ./board/clock_config.o
 .text.IOMUXC_SetSaiMClkClockSource
                0x60008242       0x6c ./board/clock_config.o
 .text.BOARD_InitBootClocks
                0x600082ae        0xc ./board/clock_config.o
                0x600082ae                BOARD_InitBootClocks
 .text.BOARD_InitPeripherals
                0x600082ba        0xe ./board/peripherals.o
                0x600082ba                BOARD_InitPeripherals
 .text.BOARD_InitBootPeripherals
                0x600082c8        0xc ./board/peripherals.o
                0x600082c8                BOARD_InitBootPeripherals
 .text._SDK_AtomicLocalClearAndSet4Byte
                0x600082d4       0x50 ./board/pin_mux.o
 .text.CLOCK_EnableClock
                0x60008324       0x1e ./board/pin_mux.o
 .text.IOMUXC_SetPinMux
                0x60008342       0x3a ./board/pin_mux.o
 .text.BOARD_InitBootPins
                0x6000837c        0xc ./board/pin_mux.o
                0x6000837c                BOARD_InitBootPins
 .text.__main   0x60008388        0xe c:/nxp/mcuxpressoide_11.5.1_7266/ide/plugins/com.nxp.mcuxpresso.tools.win32_11.5.1.202201181444/tools/bin/../lib/gcc/arm-none-eabi/10.3.1/../../../../arm-none-eabi/lib/thumb/v7e-m+fp/hard\libcr_nohost_nf.a(_cr__main.o)
                0x60008388                __main
 .text.__sys_appexit
                0x60008396        0x2 c:/nxp/mcuxpressoide_11.5.1_7266/ide/plugins/com.nxp.mcuxpresso.tools.win32_11.5.1.202201181444/tools/bin/../lib/gcc/arm-none-eabi/10.3.1/../../../../arm-none-eabi/lib/thumb/v7e-m+fp/hard\libcr_nohost_nf.a(__sys_appexit.o)
                0x60008396                __sys_appexit
                0x60008396                __exit
 .text.memcpy   0x60008398        0x4 c:/nxp/mcuxpressoide_11.5.1_7266/ide/plugins/com.nxp.mcuxpresso.tools.win32_11.5.1.202201181444/tools/bin/../lib/gcc/arm-none-eabi/10.3.1/../../../../arm-none-eabi/lib/thumb/v7e-m+fp/hard\libcr_c.a(memcpy.o)
                0x60008398                memcpy
 .text.memset   0x6000839c        0x4 c:/nxp/mcuxpressoide_11.5.1_7266/ide/plugins/com.nxp.mcuxpresso.tools.win32_11.5.1.202201181444/tools/bin/../lib/gcc/arm-none-eabi/10.3.1/../../../../arm-none-eabi/lib/thumb/v7e-m+fp/hard\libcr_c.a(memset.o)
                0x6000839c                memset
 .text._deferredlazyseek
                0x600083a0       0x40 c:/nxp/mcuxpressoide_11.5.1_7266/ide/plugins/com.nxp.mcuxpresso.tools.win32_11.5.1.202201181444/tools/bin/../lib/gcc/arm-none-eabi/10.3.1/../../../../arm-none-eabi/lib/thumb/v7e-m+fp/hard\libcr_c.a(_deferredlazyseek.o)
                0x600083a0                _deferredlazyseek
 .text.__flsbuf
                0x600083e0      0x140 c:/nxp/mcuxpressoide_11.5.1_7266/ide/plugins/com.nxp.mcuxpresso.tools.win32_11.5.1.202201181444/tools/bin/../lib/gcc/arm-none-eabi/10.3.1/../../../../arm-none-eabi/lib/thumb/v7e-m+fp/hard\libcr_c.a(_deferredlazyseek.o)
                0x600083e0                __flsbuf
 .text._fflush  0x60008520       0x52 c:/nxp/mcuxpressoide_11.5.1_7266/ide/plugins/com.nxp.mcuxpresso.tools.win32_11.5.1.202201181444/tools/bin/../lib/gcc/arm-none-eabi/10.3.1/../../../../arm-none-eabi/lib/thumb/v7e-m+fp/hard\libcr_c.a(_fflush.o)
                0x60008520                _fflush
 .text.free     0x60008572       0x30 c:/nxp/mcuxpressoide_11.5.1_7266/ide/plugins/com.nxp.mcuxpresso.tools.win32_11.5.1.202201181444/tools/bin/../lib/gcc/arm-none-eabi/10.3.1/../../../../arm-none-eabi/lib/thumb/v7e-m+fp/hard\libcr_c.a(alloc.o)
                0x60008572                free
 .text.fputs    0x600085a2       0x2c c:/nxp/mcuxpressoide_11.5.1_7266/ide/plugins/com.nxp.mcuxpresso.tools.win32_11.5.1.202201181444/tools/bin/../lib/gcc/arm-none-eabi/10.3.1/../../../../arm-none-eabi/lib/thumb/v7e-m+fp/hard\libcr_c.a(fputs.o)
                0x600085a2                fputs
 .text.setvbuf  0x600085ce       0x3e c:/nxp/mcuxpressoide_11.5.1_7266/ide/plugins/com.nxp.mcuxpresso.tools.win32_11.5.1.202201181444/tools/bin/../lib/gcc/arm-none-eabi/10.3.1/../../../../arm-none-eabi/lib/thumb/v7e-m+fp/hard\libcr_c.a(setvbuf.o)
                0x600085ce                setvbuf
 .text.strlen   0x6000860c       0x48 c:/nxp/mcuxpressoide_11.5.1_7266/ide/plugins/com.nxp.mcuxpresso.tools.win32_11.5.1.202201181444/tools/bin/../lib/gcc/arm-none-eabi/10.3.1/../../../../arm-none-eabi/lib/thumb/v7e-m+fp/hard\libcr_c.a(strlen.o)
                0x6000860c                strlen
 .text._fdopen  0x60008654       0x68 c:/nxp/mcuxpressoide_11.5.1_7266/ide/plugins/com.nxp.mcuxpresso.tools.win32_11.5.1.202201181444/tools/bin/../lib/gcc/arm-none-eabi/10.3.1/../../../../arm-none-eabi/lib/thumb/v7e-m+fp/hard\libcr_c.a(_fdopen.o)
                0x60008654                _fdopen
 .text.fclose   0x600086bc       0x58 c:/nxp/mcuxpressoide_11.5.1_7266/ide/plugins/com.nxp.mcuxpresso.tools.win32_11.5.1.202201181444/tools/bin/../lib/gcc/arm-none-eabi/10.3.1/../../../../arm-none-eabi/lib/thumb/v7e-m+fp/hard\libcr_c.a(fclose.o)
                0x600086bc                fclose
 .text.remove   0x60008714       0x14 c:/nxp/mcuxpressoide_11.5.1_7266/ide/plugins/com.nxp.mcuxpresso.tools.win32_11.5.1.202201181444/tools/bin/../lib/gcc/arm-none-eabi/10.3.1/../../../../arm-none-eabi/lib/thumb/v7e-m+fp/hard\libcr_c.a(remove.o)
                0x60008714                remove
 .text._do_fflush
                0x60008728       0x40 c:/nxp/mcuxpressoide_11.5.1_7266/ide/plugins/com.nxp.mcuxpresso.tools.win32_11.5.1.202201181444/tools/bin/../lib/gcc/arm-none-eabi/10.3.1/../../../../arm-none-eabi/lib/thumb/v7e-m+fp/hard\libcr_c.a(_do_fflush.o)
                0x60008728                _do_fflush
 .text.__aeabi_division_uldivmod
                0x60008768      0x174 c:/nxp/mcuxpressoide_11.5.1_7266/ide/plugins/com.nxp.mcuxpresso.tools.win32_11.5.1.202201181444/tools/bin/../lib/gcc/arm-none-eabi/10.3.1/thumb/v7e-m+fp/hard\libcr_eabihelpers.a(division_64.o)
                0x60008768                __aeabi_uldivmod
                0x6000876c                __bhs_ldivmod1
 .text.__aeabi_division_idiv0
                0x600088dc        0x2 c:/nxp/mcuxpressoide_11.5.1_7266/ide/plugins/com.nxp.mcuxpresso.tools.win32_11.5.1.202201181444/tools/bin/../lib/gcc/arm-none-eabi/10.3.1/thumb/v7e-m+fp/hard\libcr_eabihelpers.a(division_idiv0.o)
                0x600088dc                __aeabi_idiv0
 .text.__aeabi_memcpy
                0x600088de       0x34 c:/nxp/mcuxpressoide_11.5.1_7266/ide/plugins/com.nxp.mcuxpresso.tools.win32_11.5.1.202201181444/tools/bin/../lib/gcc/arm-none-eabi/10.3.1/thumb/v7e-m+fp/hard\libcr_eabihelpers.a(memcpy.o)
                0x600088de                __aeabi_memcpy
                0x600088e8                __aeabi_memcpy8
                0x600088e8                __aeabi_memcpy4
 .text.__aeabi_memset_lowlevel
                0x60008912       0x32 c:/nxp/mcuxpressoide_11.5.1_7266/ide/plugins/com.nxp.mcuxpresso.tools.win32_11.5.1.202201181444/tools/bin/../lib/gcc/arm-none-eabi/10.3.1/thumb/v7e-m+fp/hard\libcr_eabihelpers.a(memcpy.o)
                0x60008912                __aeabi_lowlevel_memset
 .text.__sys_close
                0x60008944        0x6 c:/nxp/mcuxpressoide_11.5.1_7266/ide/plugins/com.nxp.mcuxpresso.tools.win32_11.5.1.202201181444/tools/bin/../lib/gcc/arm-none-eabi/10.3.1/../../../../arm-none-eabi/lib/thumb/v7e-m+fp/hard\libcr_nohost_nf.a(__sys_close.o)
                0x60008944                __sys_close
 .text.__sys_flen
                0x6000894a        0x6 c:/nxp/mcuxpressoide_11.5.1_7266/ide/plugins/com.nxp.mcuxpresso.tools.win32_11.5.1.202201181444/tools/bin/../lib/gcc/arm-none-eabi/10.3.1/../../../../arm-none-eabi/lib/thumb/v7e-m+fp/hard\libcr_nohost_nf.a(__sys_flen.o)
                0x6000894a                __sys_flen
 .text.__sys_istty
                0x60008950        0x6 c:/nxp/mcuxpressoide_11.5.1_7266/ide/plugins/com.nxp.mcuxpresso.tools.win32_11.5.1.202201181444/tools/bin/../lib/gcc/arm-none-eabi/10.3.1/../../../../arm-none-eabi/lib/thumb/v7e-m+fp/hard\libcr_nohost_nf.a(__sys_istty.o)
                0x60008950                __sys_istty
 .text.__sys_remove
                0x60008956        0x6 c:/nxp/mcuxpressoide_11.5.1_7266/ide/plugins/com.nxp.mcuxpresso.tools.win32_11.5.1.202201181444/tools/bin/../lib/gcc/arm-none-eabi/10.3.1/../../../../arm-none-eabi/lib/thumb/v7e-m+fp/hard\libcr_nohost_nf.a(__sys_remove.o)
                0x60008956                __sys_remove
 .text.__sys_seek
                0x6000895c        0x6 c:/nxp/mcuxpressoide_11.5.1_7266/ide/plugins/com.nxp.mcuxpresso.tools.win32_11.5.1.202201181444/tools/bin/../lib/gcc/arm-none-eabi/10.3.1/../../../../arm-none-eabi/lib/thumb/v7e-m+fp/hard\libcr_nohost_nf.a(__sys_seek.o)
                0x6000895c                __sys_seek
 .text.__sys_tmpnam
                0x60008962        0x6 c:/nxp/mcuxpressoide_11.5.1_7266/ide/plugins/com.nxp.mcuxpresso.tools.win32_11.5.1.202201181444/tools/bin/../lib/gcc/arm-none-eabi/10.3.1/../../../../arm-none-eabi/lib/thumb/v7e-m+fp/hard\libcr_nohost_nf.a(__sys_tmpnam.o)
                0x60008962                __sys_tmpnam
 .text.__sys_write
                0x60008968        0x4 c:/nxp/mcuxpressoide_11.5.1_7266/ide/plugins/com.nxp.mcuxpresso.tools.win32_11.5.1.202201181444/tools/bin/../lib/gcc/arm-none-eabi/10.3.1/../../../../arm-none-eabi/lib/thumb/v7e-m+fp/hard\libcr_nohost_nf.a(__sys_write.o)
                0x60008968                __sys_write
 *freertos*/tasks.o(SORT_BY_ALIGNMENT(.rodata*))
 .rodata.vTaskStartScheduler.str1.4
                0x6000896c        0x5 ./freertos/freertos_kernel/tasks.o
 *(SORT_BY_ALIGNMENT(.rodata) SORT_BY_ALIGNMENT(.rodata.*) SORT_BY_ALIGNMENT(.constdata) SORT_BY_ALIGNMENT(.constdata.*))
 *fill*         0x60008971        0x3 ff
 .rodata.main.str1.4
                0x60008974       0x35 ./source/MIMXRT1062_Project_FreeRTOS.o
 *fill*         0x600089a9        0x3 ff
 .rodata.hello_task.str1.4
                0x600089ac        0xf ./source/MIMXRT1062_Project_FreeRTOS.o
 *fill*         0x600089bb        0x1 ff
 .rodata.xTimerCreateTimerTask.str1.4
                0x600089bc        0x8 ./freertos/freertos_kernel/timers.o
 .rodata.prvCheckForValidListAndQueue.str1.4
                0x600089c4        0x5 ./freertos/freertos_kernel/timers.o
 *fill*         0x600089c9        0x3 ff
 .rodata.CLOCK_InitExternalClk.str1.4
                0x600089cc       0x21 ./drivers/fsl_clock.o
 *fill*         0x600089ed        0x3 ff
 .rodata.CLOCK_GetPllFreq.str1.4
                0x600089f0       0x6d ./drivers/fsl_clock.o
 *fill*         0x60008a5d        0x3 ff
 .rodata.enetRefClkFreq.1
                0x60008a60       0x10 ./drivers/fsl_clock.o
 .rodata.CLOCK_ControlGate.str1.4
                0x60008a70       0x20 ./drivers/fsl_gpio.o
 .rodata.s_gpioBases
                0x60008a90       0x28 ./drivers/fsl_gpio.o
 .rodata.s_gpioClock
                0x60008ab8        0xc ./drivers/fsl_gpio.o
 .rodata.GPIO_GetInstance.str1.4
                0x60008ac4       0x33 ./drivers/fsl_gpio.o
 *fill*         0x60008af7        0x1 ff
 .rodata.GPIO_PinWrite.str1.4
                0x60008af8       0x1b ./drivers/fsl_gpio.o
 .rodata.CLOCK_ControlGate.str1.4
                0x60008b13       0x20 ./drivers/fsl_lpuart.o
 *fill*         0x60008b13        0x1 ff
 .rodata.s_lpuartBases
                0x60008b14       0x24 ./drivers/fsl_lpuart.o
 .rodata.s_lpuartClock
                0x60008b38       0x12 ./drivers/fsl_lpuart.o
 *fill*         0x60008b4a        0x2 ff
 .rodata.LPUART_GetInstance.str1.4
                0x60008b4c       0x38 ./drivers/fsl_lpuart.o
 .rodata.LPUART_Init.str1.4
                0x60008b84      0x10a ./drivers/fsl_lpuart.o
 *fill*         0x60008c8e        0x2 ff
 .rodata.LPUART_GetDefaultConfig.str1.4
                0x60008c90       0x22 ./drivers/fsl_lpuart.o
 *fill*         0x60008cb2        0x2 ff
 .rodata.LPUART_WriteBlocking.str1.4
                0x60008cb4       0x20 ./drivers/fsl_lpuart.o
 .rodata.s_LpuartAdapterBase
                0x60008cd4       0x24 ./component/uart/fsl_adapter_lpuart.o
 .rodata.HAL_UartInit.str1.4
                0x60008cf8      0x105 ./component/uart/fsl_adapter_lpuart.o
 *fill*         0x60008dfd        0x3 ff
 .rodata.HAL_UartSendBlocking.str1.4
                0x60008e00       0x7b ./component/uart/fsl_adapter_lpuart.o
 *fill*         0x60008e7b        0x1 ff
 .rodata.CLOCK_SetMux.str1.4
                0x60008e7c       0x6f ./board/clock_config.o
 *fill*         0x60008eeb        0x1 ff
 .rodata.CLOCK_SetDiv.str1.4
                0x60008eec       0x6f ./board/clock_config.o
 *fill*         0x60008f5b        0x1 ff
 .rodata.CLOCK_ControlGate.str1.4
                0x60008f5c       0x5e ./board/clock_config.o
 *fill*         0x60008fba        0x2 ff
 .rodata.armPllConfig_BOARD_BootClockRUN
                0x60008fbc        0x8 ./board/clock_config.o
                0x60008fbc                armPllConfig_BOARD_BootClockRUN
 .rodata.sysPllConfig_BOARD_BootClockRUN
                0x60008fc4       0x14 ./board/clock_config.o
                0x60008fc4                sysPllConfig_BOARD_BootClockRUN
 .rodata.enetPllConfig_BOARD_BootClockRUN
                0x60008fd8        0x6 ./board/clock_config.o
                0x60008fd8                enetPllConfig_BOARD_BootClockRUN
 .rodata.CLOCK_ControlGate.str1.4
                0x60008fde       0x5e ./board/pin_mux.o
 *fill*         0x60008fde        0x2 ff
 .rodata        0x60008fe0        0x3 ./board/pin_mux.o
 *fill*         0x60008fe3        0x1 ff
 .rodata.__num_Ciob_streams
                0x60008fe4        0x4 c:/nxp/mcuxpressoide_11.5.1_7266/ide/plugins/com.nxp.mcuxpresso.tools.win32_11.5.1.202201181444/tools/bin/../lib/gcc/arm-none-eabi/10.3.1/../../../../arm-none-eabi/lib/thumb/v7e-m+fp/hard\libcr_nohost_nf.a(__ciob.o)
                0x60008fe4                __num_Ciob_streams
 .rodata.__assertion_failed.str1.1
                0x60008fe8       0x15 c:/nxp/mcuxpressoide_11.5.1_7266/ide/plugins/com.nxp.mcuxpresso.tools.win32_11.5.1.202201181444/tools/bin/../lib/gcc/arm-none-eabi/10.3.1/../../../../arm-none-eabi/lib/thumb/v7e-m+fp/hard\libcr_nohost_nf.a(_cr_assert.o)
 .rodata._Csys_alloc.str1.1
                0x60008ffd       0x18 c:/nxp/mcuxpressoide_11.5.1_7266/ide/plugins/com.nxp.mcuxpresso.tools.win32_11.5.1.202201181444/tools/bin/../lib/gcc/arm-none-eabi/10.3.1/../../../../arm-none-eabi/lib/thumb/v7e-m+fp/hard\libcr_c.a(alloc.o)
 .rodata._initio.str1.1
                0x60009015        0x4 c:/nxp/mcuxpressoide_11.5.1_7266/ide/plugins/com.nxp.mcuxpresso.tools.win32_11.5.1.202201181444/tools/bin/../lib/gcc/arm-none-eabi/10.3.1/../../../../arm-none-eabi/lib/thumb/v7e-m+fp/hard\libcr_c.a(initio.o)
                0x6000901c                . = ALIGN (0x4)
 *fill*         0x60009019        0x3 ff
                0x6000901c                _etext = .

.glue_7         0x6000901c        0x0
 .glue_7        0x6000901c        0x0 linker stubs

.glue_7t        0x6000901c        0x0
 .glue_7t       0x6000901c        0x0 linker stubs

.vfp11_veneer   0x6000901c        0x0
 .vfp11_veneer  0x6000901c        0x0 linker stubs

.v4_bx          0x6000901c        0x0
 .v4_bx         0x6000901c        0x0 linker stubs

.iplt           0x6000901c        0x0
 .iplt          0x6000901c        0x0 ./xip/fsl_flexspi_nor_boot.o

.rel.dyn        0x6000901c        0x0
 .rel.iplt      0x6000901c        0x0 ./xip/fsl_flexspi_nor_boot.o

.data_RAM2      0x00000000        0x0 load address 0x6000901c
 FILL mask 0xff
                [!provide]                PROVIDE (__start_data_RAM2 = .)
                [!provide]                PROVIDE (__start_data_SRAM_ITC = .)
 *(SORT_BY_ALIGNMENT(.ramfunc.$RAM2))
 *(SORT_BY_ALIGNMENT(.ramfunc.$SRAM_ITC))
 *(SORT_BY_ALIGNMENT(.data.$RAM2))
 *(SORT_BY_ALIGNMENT(.data.$SRAM_ITC))
 *(SORT_BY_ALIGNMENT(.data.$RAM2.*))
 *(SORT_BY_ALIGNMENT(.data.$SRAM_ITC.*))
                0x00000000                . = ALIGN (0x4)
                [!provide]                PROVIDE (__end_data_RAM2 = .)
                [!provide]                PROVIDE (__end_data_SRAM_ITC = .)

.data_RAM3      0x20200000        0x0 load address 0x6000901c
 FILL mask 0xff
                [!provide]                PROVIDE (__start_data_RAM3 = .)
                [!provide]                PROVIDE (__start_data_SRAM_OC = .)
 *(SORT_BY_ALIGNMENT(.ramfunc.$RAM3))
 *(SORT_BY_ALIGNMENT(.ramfunc.$SRAM_OC))
 *(SORT_BY_ALIGNMENT(.data.$RAM3))
 *(SORT_BY_ALIGNMENT(.data.$SRAM_OC))
 *(SORT_BY_ALIGNMENT(.data.$RAM3.*))
 *(SORT_BY_ALIGNMENT(.data.$SRAM_OC.*))
                0x20200000                . = ALIGN (0x4)
                [!provide]                PROVIDE (__end_data_RAM3 = .)
                [!provide]                PROVIDE (__end_data_SRAM_OC = .)

.uninit_RESERVED
                0x20000000        0x0
                0x20000000                _start_uninit_RESERVED = .
 *(SORT_BY_ALIGNMENT(.bss.$RESERVED*))
                0x20000000                . = ALIGN (0x4)
                0x20000000                _end_uninit_RESERVED = .

.data           0x20000000        0xc load address 0x6000901c
 FILL mask 0xff
                0x20000000                _data = .
                [!provide]                PROVIDE (__start_data_RAM = .)
                [!provide]                PROVIDE (__start_data_SRAM_DTC = .)
 *(SORT_BY_ALIGNMENT(vtable))
 *(SORT_BY_ALIGNMENT(.ramfunc*))
 *(SORT_BY_ALIGNMENT(CodeQuickAccess))
 *(SORT_BY_ALIGNMENT(DataQuickAccess))
 *(SORT_BY_ALIGNMENT(RamFunction))
 *(SORT_BY_ALIGNMENT(.data*))
 .data.uxCriticalNesting
                0x20000000        0x4 ./freertos/freertos_kernel/portable/GCC/ARM_CM4F/port.o
 .data.uxTopUsedPriority
                0x20000004        0x4 ./freertos/freertos_kernel/tasks.o
                0x20000004                uxTopUsedPriority
 .data.SystemCoreClock
                0x20000008        0x4 ./device/system_MIMXRT1062.o
                0x20000008                SystemCoreClock
                0x2000000c                . = ALIGN (0x4)
                0x2000000c                _edata = .
                [!provide]                PROVIDE (__end_data_RAM = .)
                [!provide]                PROVIDE (__end_data_SRAM_DTC = .)

.igot.plt       0x2000000c        0x0 load address 0x60009028
 .igot.plt      0x2000000c        0x0 ./xip/fsl_flexspi_nor_boot.o

.bss_RAM2       0x00000000        0x0
                [!provide]                PROVIDE (__start_bss_RAM2 = .)
                [!provide]                PROVIDE (__start_bss_SRAM_ITC = .)
 *(SORT_BY_ALIGNMENT(.bss.$RAM2))
 *(SORT_BY_ALIGNMENT(.bss.$SRAM_ITC))
 *(SORT_BY_ALIGNMENT(.bss.$RAM2.*))
 *(SORT_BY_ALIGNMENT(.bss.$SRAM_ITC.*))
                0x00000000                . = ALIGN ((. != 0x0)?0x4:0x1)
                [!provide]                PROVIDE (__end_bss_RAM2 = .)
                [!provide]                PROVIDE (__end_bss_SRAM_ITC = .)

.bss_RAM3       0x20200000        0x0
                [!provide]                PROVIDE (__start_bss_RAM3 = .)
                [!provide]                PROVIDE (__start_bss_SRAM_OC = .)
 *(SORT_BY_ALIGNMENT(.bss.$RAM3))
 *(SORT_BY_ALIGNMENT(.bss.$SRAM_OC))
 *(SORT_BY_ALIGNMENT(.bss.$RAM3.*))
 *(SORT_BY_ALIGNMENT(.bss.$SRAM_OC.*))
                0x20200000                . = ALIGN ((. != 0x0)?0x4:0x1)
                [!provide]                PROVIDE (__end_bss_RAM3 = .)
                [!provide]                PROVIDE (__end_bss_SRAM_OC = .)

.bss            0x2000000c     0x2abc
                0x2000000c                _bss = .
                [!provide]                PROVIDE (__start_bss_RAM = .)
                [!provide]                PROVIDE (__start_bss_SRAM_DTC = .)
 *(SORT_BY_ALIGNMENT(.bss*))
 .bss.s_debugConsoleState
                0x2000000c       0x20 ./utilities/fsl_debug_console.o
 .bss.g_serialHandle
                0x2000002c        0x4 ./utilities/fsl_debug_console.o
                0x2000002c                g_serialHandle
 .bss.i.0       0x20000030        0x4 ./source/MIMXRT1062_Project_FreeRTOS.o
 .bss.ucHeap    0x20000034     0x2800 ./freertos/freertos_kernel/portable/MemMang/heap_4.o
 .bss.xStart    0x20002834        0x8 ./freertos/freertos_kernel/portable/MemMang/heap_4.o
 .bss.pxEnd     0x2000283c        0x4 ./freertos/freertos_kernel/portable/MemMang/heap_4.o
 .bss.xFreeBytesRemaining
                0x20002840        0x4 ./freertos/freertos_kernel/portable/MemMang/heap_4.o
 .bss.xMinimumEverFreeBytesRemaining
                0x20002844        0x4 ./freertos/freertos_kernel/portable/MemMang/heap_4.o
 .bss.xNumberOfSuccessfulAllocations
                0x20002848        0x4 ./freertos/freertos_kernel/portable/MemMang/heap_4.o
 .bss.xNumberOfSuccessfulFrees
                0x2000284c        0x4 ./freertos/freertos_kernel/portable/MemMang/heap_4.o
 .bss.xBlockAllocatedBit
                0x20002850        0x4 ./freertos/freertos_kernel/portable/MemMang/heap_4.o
 .bss.ulMaxPRIGROUPValue
                0x20002854        0x4 ./freertos/freertos_kernel/portable/GCC/ARM_CM4F/port.o
 .bss.xQueueRegistry
                0x20002858       0x40 ./freertos/freertos_kernel/queue.o
                0x20002858                xQueueRegistry
 .bss.pxCurrentTCB
                0x20002898        0x4 ./freertos/freertos_kernel/tasks.o
                0x20002898                pxCurrentTCB
 .bss.pxReadyTasksLists
                0x2000289c       0x64 ./freertos/freertos_kernel/tasks.o
 .bss.xDelayedTaskList1
                0x20002900       0x14 ./freertos/freertos_kernel/tasks.o
 .bss.xDelayedTaskList2
                0x20002914       0x14 ./freertos/freertos_kernel/tasks.o
 .bss.pxDelayedTaskList
                0x20002928        0x4 ./freertos/freertos_kernel/tasks.o
 .bss.pxOverflowDelayedTaskList
                0x2000292c        0x4 ./freertos/freertos_kernel/tasks.o
 .bss.xPendingReadyList
                0x20002930       0x14 ./freertos/freertos_kernel/tasks.o
 .bss.xTasksWaitingTermination
                0x20002944       0x14 ./freertos/freertos_kernel/tasks.o
 .bss.uxDeletedTasksWaitingCleanUp
                0x20002958        0x4 ./freertos/freertos_kernel/tasks.o
 .bss.xSuspendedTaskList
                0x2000295c       0x14 ./freertos/freertos_kernel/tasks.o
 .bss.uxCurrentNumberOfTasks
                0x20002970        0x4 ./freertos/freertos_kernel/tasks.o
 .bss.xTickCount
                0x20002974        0x4 ./freertos/freertos_kernel/tasks.o
 .bss.uxTopReadyPriority
                0x20002978        0x4 ./freertos/freertos_kernel/tasks.o
 .bss.xSchedulerRunning
                0x2000297c        0x4 ./freertos/freertos_kernel/tasks.o
 .bss.xPendedTicks
                0x20002980        0x4 ./freertos/freertos_kernel/tasks.o
 .bss.xYieldPending
                0x20002984        0x4 ./freertos/freertos_kernel/tasks.o
 .bss.xNumOfOverflows
                0x20002988        0x4 ./freertos/freertos_kernel/tasks.o
 .bss.uxTaskNumber
                0x2000298c        0x4 ./freertos/freertos_kernel/tasks.o
 .bss.xNextTaskUnblockTime
                0x20002990        0x4 ./freertos/freertos_kernel/tasks.o
 .bss.xIdleTaskHandle
                0x20002994        0x4 ./freertos/freertos_kernel/tasks.o
 .bss.uxSchedulerSuspended
                0x20002998        0x4 ./freertos/freertos_kernel/tasks.o
 .bss.xActiveTimerList1
                0x2000299c       0x14 ./freertos/freertos_kernel/timers.o
 .bss.xActiveTimerList2
                0x200029b0       0x14 ./freertos/freertos_kernel/timers.o
 .bss.pxCurrentTimerList
                0x200029c4        0x4 ./freertos/freertos_kernel/timers.o
 .bss.pxOverflowTimerList
                0x200029c8        0x4 ./freertos/freertos_kernel/timers.o
 .bss.xTimerQueue
                0x200029cc        0x4 ./freertos/freertos_kernel/timers.o
 .bss.xTimerTaskHandle
                0x200029d0        0x4 ./freertos/freertos_kernel/timers.o
 .bss.xLastTime.0
                0x200029d4        0x4 ./freertos/freertos_kernel/timers.o
 .bss.g_xtalFreq
                0x200029d8        0x4 ./drivers/fsl_clock.o
                0x200029d8                g_xtalFreq
 .bss.s_lpuartHandle
                0x200029dc       0x24 ./drivers/fsl_lpuart.o
                0x200029dc                s_lpuartHandle
 .bss.s_lpuartIsr
                0x20002a00        0x4 ./drivers/fsl_lpuart.o
                0x20002a00                s_lpuartIsr
 .bss.__Ciob    0x20002a04       0xb4 c:/nxp/mcuxpressoide_11.5.1_7266/ide/plugins/com.nxp.mcuxpresso.tools.win32_11.5.1.202201181444/tools/bin/../lib/gcc/arm-none-eabi/10.3.1/../../../../arm-none-eabi/lib/thumb/v7e-m+fp/hard\libcr_nohost_nf.a(__ciob.o)
                0x20002a04                __Ciob
 .bss.errno     0x20002ab8        0x4 c:/nxp/mcuxpressoide_11.5.1_7266/ide/plugins/com.nxp.mcuxpresso.tools.win32_11.5.1.202201181444/tools/bin/../lib/gcc/arm-none-eabi/10.3.1/../../../../arm-none-eabi/lib/thumb/v7e-m+fp/hard\libcr_c.a(errno.o)
                0x20002ab8                errno
 .bss.__end_of_heap
                0x20002abc        0x4 c:/nxp/mcuxpressoide_11.5.1_7266/ide/plugins/com.nxp.mcuxpresso.tools.win32_11.5.1.202201181444/tools/bin/../lib/gcc/arm-none-eabi/10.3.1/../../../../arm-none-eabi/lib/thumb/v7e-m+fp/hard\libcr_c.a(__init_alloc.o)
                0x20002abc                __end_of_heap
 .bss.__heaps   0x20002ac0        0x4 c:/nxp/mcuxpressoide_11.5.1_7266/ide/plugins/com.nxp.mcuxpresso.tools.win32_11.5.1.202201181444/tools/bin/../lib/gcc/arm-none-eabi/10.3.1/../../../../arm-none-eabi/lib/thumb/v7e-m+fp/hard\libcr_c.a(__init_alloc.o)
                0x20002ac0                __heaps
 .bss.s_debugConsoleReadWaitSemaphore
                0x20002ac4        0x1 ./utilities/fsl_debug_console.o
 .bss.ucMaxSysCallPriority
                0x20002ac5        0x1 ./freertos/freertos_kernel/portable/GCC/ARM_CM4F/port.o
 *(SORT_BY_ALIGNMENT(COMMON))
                0x20002ac8                . = ALIGN (0x4)
 *fill*         0x20002ac6        0x2 
                0x20002ac8                _ebss = .
                [!provide]                PROVIDE (__end_bss_RAM = .)
                [!provide]                PROVIDE (__end_bss_SRAM_DTC = .)
                [!provide]                PROVIDE (end = .)

.noinit_RAM2    0x00000000        0x0
                [!provide]                PROVIDE (__start_noinit_RAM2 = .)
                [!provide]                PROVIDE (__start_noinit_SRAM_ITC = .)
 *(SORT_BY_ALIGNMENT(.noinit.$RAM2))
 *(SORT_BY_ALIGNMENT(.noinit.$SRAM_ITC))
 *(SORT_BY_ALIGNMENT(.noinit.$RAM2.*))
 *(SORT_BY_ALIGNMENT(.noinit.$SRAM_ITC.*))
                0x00000000                . = ALIGN (0x4)
                [!provide]                PROVIDE (__end_noinit_RAM2 = .)
                [!provide]                PROVIDE (__end_noinit_SRAM_ITC = .)

.noinit_RAM3    0x20200000        0x0
                [!provide]                PROVIDE (__start_noinit_RAM3 = .)
                [!provide]                PROVIDE (__start_noinit_SRAM_OC = .)
 *(SORT_BY_ALIGNMENT(.noinit.$RAM3))
 *(SORT_BY_ALIGNMENT(.noinit.$SRAM_OC))
 *(SORT_BY_ALIGNMENT(.noinit.$RAM3.*))
 *(SORT_BY_ALIGNMENT(.noinit.$SRAM_OC.*))
                0x20200000                . = ALIGN (0x4)
                [!provide]                PROVIDE (__end_noinit_RAM3 = .)
                [!provide]                PROVIDE (__end_noinit_SRAM_OC = .)

.noinit         0x20002ac8        0x0
                0x20002ac8                _noinit = .
                [!provide]                PROVIDE (__start_noinit_RAM = .)
                [!provide]                PROVIDE (__start_noinit_SRAM_DTC = .)
 *(SORT_BY_ALIGNMENT(.noinit*))
                0x20002ac8                . = ALIGN (0x4)
                0x20002ac8                _end_noinit = .