Archive member included to satisfy reference by file (symbol)

c:/nxp/mcuxpressoide_11.5.1_7266/ide/plugins/com.nxp.mcuxpresso.tools.win32_11.5.1.202201181444/tools/bin/../lib/gcc/arm-none-eabi/10.3.1/thumb/v7e-m+fp/hard\libgcc.a(_aeabi_uldivmod.o)
                              ./drivers/fsl_clock.o (__aeabi_uldivmod)
c:/nxp/mcuxpressoide_11.5.1_7266/ide/plugins/com.nxp.mcuxpresso.tools.win32_11.5.1.202201181444/tools/bin/../lib/gcc/arm-none-eabi/10.3.1/thumb/v7e-m+fp/hard\libgcc.a(_udivmoddi4.o)
                              c:/nxp/mcuxpressoide_11.5.1_7266/ide/plugins/com.nxp.mcuxpresso.tools.win32_11.5.1.202201181444/tools/bin/../lib/gcc/arm-none-eabi/10.3.1/thumb/v7e-m+fp/hard\libgcc.a(_aeabi_uldivmod.o) (__udivmoddi4)
c:/nxp/mcuxpressoide_11.5.1_7266/ide/plugins/com.nxp.mcuxpresso.tools.win32_11.5.1.202201181444/tools/bin/../lib/gcc/arm-none-eabi/10.3.1/thumb/v7e-m+fp/hard\libgcc.a(_dvmd_tls.o)
                              c:/nxp/mcuxpressoide_11.5.1_7266/ide/plugins/com.nxp.mcuxpresso.tools.win32_11.5.1.202201181444/tools/bin/../lib/gcc/arm-none-eabi/10.3.1/thumb/v7e-m+fp/hard\libgcc.a(_aeabi_uldivmod.o) (__aeabi_ldiv0)
c:/nxp/mcuxpressoide_11.5.1_7266/ide/plugins/com.nxp.mcuxpresso.tools.win32_11.5.1.202201181444/tools/bin/../lib/gcc/arm-none-eabi/10.3.1/../../../../arm-none-eabi/lib/thumb/v7e-m+fp/hard\libc_nano.a(lib_a-assert.o)
                              ./drivers/fsl_clock.o (__assert_func)
c:/nxp/mcuxpressoide_11.5.1_7266/ide/plugins/com.nxp.mcuxpresso.tools.win32_11.5.1.202201181444/tools/bin/../lib/gcc/arm-none-eabi/10.3.1/../../../../arm-none-eabi/lib/thumb/v7e-m+fp/hard\libc_nano.a(lib_a-errno.o)
                              ./utilities/fsl_str.o (__errno)
c:/nxp/mcuxpressoide_11.5.1_7266/ide/plugins/com.nxp.mcuxpresso.tools.win32_11.5.1.202201181444/tools/bin/../lib/gcc/arm-none-eabi/10.3.1/../../../../arm-none-eabi/lib/thumb/v7e-m+fp/hard\libc_nano.a(lib_a-fprintf.o)
                              c:/nxp/mcuxpressoide_11.5.1_7266/ide/plugins/com.nxp.mcuxpresso.tools.win32_11.5.1.202201181444/tools/bin/../lib/gcc/arm-none-eabi/10.3.1/../../../../arm-none-eabi/lib/thumb/v7e-m+fp/hard\libc_nano.a(lib_a-assert.o) (fiprintf)
c:/nxp/mcuxpressoide_11.5.1_7266/ide/plugins/com.nxp.mcuxpresso.tools.win32_11.5.1.202201181444/tools/bin/../lib/gcc/arm-none-eabi/10.3.1/../../../../arm-none-eabi/lib/thumb/v7e-m+fp/hard\libc_nano.a(lib_a-impure.o)
                              c:/nxp/mcuxpressoide_11.5.1_7266/ide/plugins/com.nxp.mcuxpresso.tools.win32_11.5.1.202201181444/tools/bin/../lib/gcc/arm-none-eabi/10.3.1/../../../../arm-none-eabi/lib/thumb/v7e-m+fp/hard\libc_nano.a(lib_a-assert.o) (_impure_ptr)
c:/nxp/mcuxpressoide_11.5.1_7266/ide/plugins/com.nxp.mcuxpresso.tools.win32_11.5.1.202201181444/tools/bin/../lib/gcc/arm-none-eabi/10.3.1/../../../../arm-none-eabi/lib/thumb/v7e-m+fp/hard\libc_nano.a(lib_a-malloc.o)
                              ./drivers/fsl_common.o (malloc)
c:/nxp/mcuxpressoide_11.5.1_7266/ide/plugins/com.nxp.mcuxpresso.tools.win32_11.5.1.202201181444/tools/bin/../lib/gcc/arm-none-eabi/10.3.1/../../../../arm-none-eabi/lib/thumb/v7e-m+fp/hard\libc_nano.a(lib_a-memcpy-stub.o)
                              ./utilities/fsl_str.o (memcpy)
c:/nxp/mcuxpressoide_11.5.1_7266/ide/plugins/com.nxp.mcuxpresso.tools.win32_11.5.1.202201181444/tools/bin/../lib/gcc/arm-none-eabi/10.3.1/../../../../arm-none-eabi/lib/thumb/v7e-m+fp/hard\libc_nano.a(lib_a-memset.o)
                              ./utilities/fsl_debug_console.o (memset)
c:/nxp/mcuxpressoide_11.5.1_7266/ide/plugins/com.nxp.mcuxpresso.tools.win32_11.5.1.202201181444/tools/bin/../lib/gcc/arm-none-eabi/10.3.1/../../../../arm-none-eabi/lib/thumb/v7e-m+fp/hard\libc_nano.a(lib_a-nano-freer.o)
                              c:/nxp/mcuxpressoide_11.5.1_7266/ide/plugins/com.nxp.mcuxpresso.tools.win32_11.5.1.202201181444/tools/bin/../lib/gcc/arm-none-eabi/10.3.1/../../../../arm-none-eabi/lib/thumb/v7e-m+fp/hard\libc_nano.a(lib_a-malloc.o) (_free_r)
c:/nxp/mcuxpressoide_11.5.1_7266/ide/plugins/com.nxp.mcuxpresso.tools.win32_11.5.1.202201181444/tools/bin/../lib/gcc/arm-none-eabi/10.3.1/../../../../arm-none-eabi/lib/thumb/v7e-m+fp/hard\libc_nano.a(lib_a-nano-mallocr.o)
                              c:/nxp/mcuxpressoide_11.5.1_7266/ide/plugins/com.nxp.mcuxpresso.tools.win32_11.5.1.202201181444/tools/bin/../lib/gcc/arm-none-eabi/10.3.1/../../../../arm-none-eabi/lib/thumb/v7e-m+fp/hard\libc_nano.a(lib_a-malloc.o) (_malloc_r)
c:/nxp/mcuxpressoide_11.5.1_7266/ide/plugins/com.nxp.mcuxpresso.tools.win32_11.5.1.202201181444/tools/bin/../lib/gcc/arm-none-eabi/10.3.1/../../../../arm-none-eabi/lib/thumb/v7e-m+fp/hard\libc_nano.a(lib_a-nano-vfprintf.o)
                              c:/nxp/mcuxpressoide_11.5.1_7266/ide/plugins/com.nxp.mcuxpresso.tools.win32_11.5.1.202201181444/tools/bin/../lib/gcc/arm-none-eabi/10.3.1/../../../../arm-none-eabi/lib/thumb/v7e-m+fp/hard\libc_nano.a(lib_a-fprintf.o) (_vfprintf_r)
[...]
Memory Configuration

Name             Origin             Length             Attributes
FLASH            0x60000000         0x007c0000         xr
SRAM_DTC         0x20000000         0x00020000         xrw
SRAM_ITC         0x00000000         0x00020000         xrw
SRAM_OC2         0x20200000         0x00080000         xrw
*default*        0x00000000         0xffffffff

Linker script and memory map

LOAD ./utilities/fsl_debug_console.o
LOAD ./utilities/fsl_str.o
LOAD ./startup/startup_mimxrt1062.o
LOAD ./source/MIMXRT1062_Project_LEDToggle.o
LOAD ./source/semihost_hardfault.o
LOAD ./source/syscalls.o
LOAD ./drivers/fsl_clock.o
LOAD ./drivers/fsl_common.o
LOAD ./drivers/fsl_common_arm.o
LOAD ./drivers/fsl_gpio.o
LOAD ./drivers/fsl_gpt.o
LOAD ./drivers/fsl_lpuart.o
LOAD ./device/system_MIMXRT1062.o
LOAD ./component/xip_boot/xip_flexspi_nor_boot.o
LOAD ./component/xip_boot/xip_flexspi_nor_config.o
LOAD ./component/uart/fsl_adapter_lpuart.o
LOAD ./component/timer_manager/fsl_component_timer_manager.o
LOAD ./component/timer/fsl_adapter_gpt.o
LOAD ./component/serial_manager/fsl_component_serial_manager.o
LOAD ./component/serial_manager/fsl_component_serial_port_uart.o
LOAD ./component/lists/fsl_component_generic_list.o
LOAD ./component/led/fsl_component_led.o
LOAD ./component/gpio/fsl_adapter_igpio.o
LOAD ./board/board.o
LOAD ./board/clock_config.o
LOAD ./board/dcd.o
LOAD ./board/peripherals.o
LOAD ./board/pin_mux.o
START GROUP
LOAD c:/nxp/mcuxpressoide_11.5.1_7266/ide/plugins/com.nxp.mcuxpresso.tools.win32_11.5.1.202201181444/tools/bin/../lib/gcc/arm-none-eabi/10.3.1/thumb/v7e-m+fp/hard\libgcc.a
LOAD c:/nxp/mcuxpressoide_11.5.1_7266/ide/plugins/com.nxp.mcuxpresso.tools.win32_11.5.1.202201181444/tools/bin/../lib/gcc/arm-none-eabi/10.3.1/../../../../arm-none-eabi/lib/thumb/v7e-m+fp/hard\libc_nano.a
LOAD c:/nxp/mcuxpressoide_11.5.1_7266/ide/plugins/com.nxp.mcuxpresso.tools.win32_11.5.1.202201181444/tools/bin/../lib/gcc/arm-none-eabi/10.3.1/../../../../arm-none-eabi/lib/thumb/v7e-m+fp/hard\libm.a
LOAD c:/nxp/mcuxpressoide_11.5.1_7266/ide/plugins/com.nxp.mcuxpresso.tools.win32_11.5.1.202201181444/tools/bin/../lib/gcc/arm-none-eabi/10.3.1/../../../../arm-none-eabi/lib/thumb/v7e-m+fp/hard\libcr_newlib_none.a
END GROUP
                0x60000000                __base_FLASH = 0x60000000
                0x60000000                __base_Flash = 0x60000000
                0x607c0000                __top_FLASH = 0x607c0000
                0x607c0000                __top_Flash = 0x607c0000
                0x20000000                __base_SRAM_DTC = 0x20000000
                0x20000000                __base_RAM = 0x20000000
                0x20020000                __top_SRAM_DTC = 0x20020000
                0x20020000                __top_RAM = 0x20020000
                0x00000000                __base_SRAM_ITC = 0x0
                0x00000000                __base_RAM2 = 0x0
                0x00020000                __top_SRAM_ITC = 0x20000
                0x00020000                __top_RAM2 = 0x20000
                0x20200000                __base_SRAM_OC2 = 0x20200000
                0x20200000                __base_RAM3 = 0x20200000
                0x20280000                __top_SRAM_OC2 = 0x20280000
                0x20280000                __top_RAM3 = 0x20280000

.boot_hdr       0x60000000     0x2000
 FILL mask 0xff
                0x60000000                __boot_hdr_start__ = ABSOLUTE (.)
 *(SORT_BY_ALIGNMENT(.boot_hdr.conf))
 .boot_hdr.conf
                0x60000000      0x200 ./component/xip_boot/xip_flexspi_nor_config.o
                0x60000000                qspiflash_config
                0x00001000                . = 0x1000
 *fill*         0x60000200      0xe00 ff
 *(SORT_BY_ALIGNMENT(.boot_hdr.ivt))
 .boot_hdr.ivt  0x60001000       0x20 ./component/xip_boot/xip_flexspi_nor_boot.o
                0x60001000                image_vector_table
                0x00001020                . = 0x1020
 *(SORT_BY_ALIGNMENT(.boot_hdr.boot_data))
 .boot_hdr.boot_data
                0x60001020       0x10 ./component/xip_boot/xip_flexspi_nor_boot.o
                0x60001020                boot_data
                0x00001030                . = 0x1030
 *(SORT_BY_ALIGNMENT(.boot_hdr.dcd_data))
                0x60001030                __boot_hdr_end__ = ABSOLUTE (.)
                0x00002000                . = 0x2000
 *fill*         0x60001030      0xfd0 ff

.text           0x60002000     0x5798
 FILL mask 0xff
                0x60002000                __vectors_start__ = ABSOLUTE (.)
 *(SORT_BY_ALIGNMENT(.isr_vector))
 .isr_vector    0x60002000      0x2b8 ./startup/startup_mimxrt1062.o
                0x60002000                g_pfnVectors
                0x60002000                __Vectors
                0x600022b8                . = ALIGN (0x4)
                0x600022b8                __section_table_start = .
                0x600022b8                __data_section_table = .
                0x600022b8        0x4 LONG 0x60007798 LOADADDR (.data)
                0x600022bc        0x4 LONG 0x20000000 ADDR (.data)
                0x600022c0        0x4 LONG 0x68 SIZEOF (.data)
                0x600022c4        0x4 LONG 0x60007798 LOADADDR (.data_RAM2)
                0x600022c8        0x4 LONG 0x0 ADDR (.data_RAM2)
                0x600022cc        0x4 LONG 0x0 SIZEOF (.data_RAM2)
                0x600022d0        0x4 LONG 0x60007798 LOADADDR (.data_RAM3)
                0x600022d4        0x4 LONG 0x20200000 ADDR (.data_RAM3)
                0x600022d8        0x4 LONG 0x0 SIZEOF (.data_RAM3)
                0x600022dc                __data_section_table_end = .
                0x600022dc                __bss_section_table = .
                0x600022dc        0x4 LONG 0x20000068 ADDR (.bss)
                0x600022e0        0x4 LONG 0x7c SIZEOF (.bss)
                0x600022e4        0x4 LONG 0x0 ADDR (.bss_RAM2)
                0x600022e8        0x4 LONG 0x0 SIZEOF (.bss_RAM2)
                0x600022ec        0x4 LONG 0x20200000 ADDR (.bss_RAM3)
                0x600022f0        0x4 LONG 0x0 SIZEOF (.bss_RAM3)
                0x600022f4                __bss_section_table_end = .
                0x600022f4                __section_table_end = .
 *(SORT_BY_ALIGNMENT(.after_vectors*))
 .after_vectors.reset
                0x600022f4       0x54 ./startup/startup_mimxrt1062.o
                0x600022f4                ResetISR
 .after_vectors.init_data
                0x60002348       0x1e ./startup/startup_mimxrt1062.o
                0x60002348                data_init
 .after_vectors.init_bss
                0x60002366       0x12 ./startup/startup_mimxrt1062.o
                0x60002366                bss_init
 .after_vectors
                0x60002378       0x14 ./startup/startup_mimxrt1062.o
                0x60002378                NMI_Handler
                0x6000237c                MemManage_Handler
                0x6000237e                BusFault_Handler
                0x60002380                UsageFault_Handler
                0x60002382                SVC_Handler
                0x60002384                DebugMon_Handler
                0x60002386                PendSV_Handler
                0x6000238a                SAI3_RX_DriverIRQHandler
                0x6000238a                CCM_2_DriverIRQHandler
                0x6000238a                PIT_DriverIRQHandler
                0x6000238a                PMU_EVENT_DriverIRQHandler
                0x6000238a                PWM4_FAULT_DriverIRQHandler
                0x6000238a                LCDIF_DriverIRQHandler
                0x6000238a                FLEXRAM_DriverIRQHandler
                0x6000238a                LPSPI4_DriverIRQHandler
                0x6000238a                SEMC_DriverIRQHandler
                0x6000238a                SPDIF_DriverIRQHandler
                0x6000238a                PWM4_3_DriverIRQHandler
                0x6000238a                ENET2_DriverIRQHandler
                0x6000238a                DMA13_DMA29_DriverIRQHandler
                0x6000238a                LPSPI2_DriverIRQHandler
                0x6000238a                USB_PHY1_DriverIRQHandler
                0x6000238a                GPIO3_Combined_0_15_DriverIRQHandler
                0x6000238a                CAN3_DriverIRQHandler
                0x6000238a                Reserved171_DriverIRQHandler
                0x6000238a                DMA7_DMA23_DriverIRQHandler
                0x6000238a                BEE_DriverIRQHandler
                0x6000238a                LPI2C3_DriverIRQHandler
                0x6000238a                GPR_IRQ_DriverIRQHandler
                0x6000238a                PWM2_FAULT_DriverIRQHandler
                0x6000238a                PWM3_1_DriverIRQHandler
                0x6000238a                DMA14_DMA30_DriverIRQHandler
                0x6000238a                TMR1_DriverIRQHandler
                0x6000238a                TRNG_DriverIRQHandler
                0x6000238a                PWM3_2_DriverIRQHandler
                0x6000238a                ENET_1588_Timer_DriverIRQHandler
                0x6000238a                FLEXIO2_DriverIRQHandler
                0x6000238a                GPIO2_Combined_16_31_DriverIRQHandler
                0x6000238a                Reserved143_DriverIRQHandler
                0x6000238a                FLEXSPI2_DriverIRQHandler
                0x6000238a                PWM4_1_DriverIRQHandler
                0x6000238a                PWM3_3_DriverIRQHandler
                0x6000238a                DMA0_DMA16_DriverIRQHandler
                0x6000238a                IntDefaultHandler
                0x6000238a                DMA2_DMA18_DriverIRQHandler
                0x6000238a                SRC_DriverIRQHandler
                0x6000238a                GPIO1_INT4_DriverIRQHandler
                0x6000238a                Reserved144_DriverIRQHandler
                0x6000238a                USDHC1_DriverIRQHandler
                0x6000238a                ENC3_DriverIRQHandler
                0x6000238a                PWM3_FAULT_DriverIRQHandler
                0x6000238a                EWM_DriverIRQHandler
                0x6000238a                KPP_DriverIRQHandler
                0x6000238a                WDOG1_DriverIRQHandler
                0x6000238a                FLEXIO1_DriverIRQHandler
                0x6000238a                ENET_DriverIRQHandler
                0x6000238a                Reserved78_DriverIRQHandler
                0x6000238a                TMR4_DriverIRQHandler
                0x6000238a                ENC2_DriverIRQHandler
                0x6000238a                ADC_ETC_IRQ2_DriverIRQHandler
                0x6000238a                GPIO1_Combined_16_31_DriverIRQHandler
                0x6000238a                GPIO1_INT7_DriverIRQHandler
                0x6000238a                SAI1_DriverIRQHandler
                0x6000238a                DCDC_DriverIRQHandler
                0x6000238a                DMA12_DMA28_DriverIRQHandler
                0x6000238a                PWM4_0_DriverIRQHandler
                0x6000238a                ADC_ETC_ERROR_IRQ_DriverIRQHandler
                0x6000238a                ACMP2_DriverIRQHandler
                0x6000238a                GPIO5_Combined_0_15_DriverIRQHandler
                0x6000238a                GPIO1_INT0_DriverIRQHandler
                0x6000238a                GPIO1_INT2_DriverIRQHandler
                0x6000238a                RTWDOG_DriverIRQHandler
                0x6000238a                FLEXSPI_DriverIRQHandler
                0x6000238a                GPT2_DriverIRQHandler
                0x6000238a                USB_PHY2_DriverIRQHandler
                0x6000238a                DMA10_DMA26_DriverIRQHandler
                0x6000238a                PWM2_1_DriverIRQHandler
                0x6000238a                PWM1_1_DriverIRQHandler
                0x6000238a                PXP_DriverIRQHandler
                0x6000238a                ADC1_DriverIRQHandler
                0x6000238a                PWM1_0_DriverIRQHandler
                0x6000238a                SJC_DriverIRQHandler
                0x6000238a                DMA1_DMA17_DriverIRQHandler
                0x6000238a                ENC1_DriverIRQHandler
                0x6000238a                ENC4_DriverIRQHandler
                0x6000238a                CAN2_DriverIRQHandler
                0x6000238a                DCP_DriverIRQHandler
                0x6000238a                CTI0_ERROR_DriverIRQHandler
                0x6000238a                DMA8_DMA24_DriverIRQHandler
                0x6000238a                GPT1_DriverIRQHandler
                0x6000238a                ACMP3_DriverIRQHandler
                0x6000238a                DMA6_DMA22_DriverIRQHandler
                0x6000238a                CSU_DriverIRQHandler
                0x6000238a                GPIO1_INT5_DriverIRQHandler
                0x6000238a                TMR3_DriverIRQHandler
                0x6000238a                TMR2_DriverIRQHandler
                0x6000238a                CTI1_ERROR_DriverIRQHandler
                0x6000238a                GPIO1_Combined_0_15_DriverIRQHandler
                0x6000238a                USDHC2_DriverIRQHandler
                0x6000238a                PWM4_2_DriverIRQHandler
                0x6000238a                Reserved87_DriverIRQHandler
                0x6000238a                SAI2_DriverIRQHandler
                0x6000238a                CORE_DriverIRQHandler
                0x6000238a                TSC_DIG_DriverIRQHandler
                0x6000238a                DMA11_DMA27_DriverIRQHandler
                0x6000238a                CSI_DriverIRQHandler
                0x6000238a                PWM2_3_DriverIRQHandler
                0x6000238a                XBAR1_IRQ_2_3_DriverIRQHandler
                0x6000238a                SNVS_HP_WRAPPER_TZ_DriverIRQHandler
                0x6000238a                GPIO3_Combined_16_31_DriverIRQHandler
                0x6000238a                PWM1_FAULT_DriverIRQHandler
                0x6000238a                LPI2C1_DriverIRQHandler
                0x6000238a                ENET2_1588_Timer_DriverIRQHandler
                0x6000238a                PWM2_2_DriverIRQHandler
                0x6000238a                DMA4_DMA20_DriverIRQHandler
                0x6000238a                DMA9_DMA25_DriverIRQHandler
                0x6000238a                SNVS_HP_WRAPPER_DriverIRQHandler
                0x6000238a                XBAR1_IRQ_0_1_DriverIRQHandler
                0x6000238a                ADC_ETC_IRQ1_DriverIRQHandler
                0x6000238a                LPSPI1_DriverIRQHandler
                0x6000238a                DMA3_DMA19_DriverIRQHandler
                0x6000238a                GPIO1_INT3_DriverIRQHandler
                0x6000238a                DCP_VMI_DriverIRQHandler
                0x6000238a                LPI2C4_DriverIRQHandler
                0x6000238a                GPC_DriverIRQHandler
                0x6000238a                GPIO2_Combined_0_15_DriverIRQHandler
                0x6000238a                PWM1_2_DriverIRQHandler
                0x6000238a                USB_OTG1_DriverIRQHandler
                0x6000238a                TEMP_LOW_HIGH_DriverIRQHandler
                0x6000238a                SAI3_TX_DriverIRQHandler
                0x6000238a                FLEXIO3_DriverIRQHandler
                0x6000238a                WDOG2_DriverIRQHandler
                0x6000238a                Reserved68_DriverIRQHandler
                0x6000238a                PWM3_0_DriverIRQHandler
                0x6000238a                GPIO4_Combined_0_15_DriverIRQHandler
                0x6000238a                GPIO4_Combined_16_31_DriverIRQHandler
                0x6000238a                GPIO6_7_8_9_DriverIRQHandler
                0x6000238a                GPIO5_Combined_16_31_DriverIRQHandler
                0x6000238a                DMA5_DMA21_DriverIRQHandler
                0x6000238a                CCM_1_DriverIRQHandler
                0x6000238a                ADC2_DriverIRQHandler
                0x6000238a                Reserved115_DriverIRQHandler
                0x6000238a                TEMP_PANIC_DriverIRQHandler
                0x6000238a                ACMP4_DriverIRQHandler
                0x6000238a                DMA15_DMA31_DriverIRQHandler
                0x6000238a                LPSPI3_DriverIRQHandler
                0x6000238a                PWM1_3_DriverIRQHandler
                0x6000238a                ACMP1_DriverIRQHandler
                0x6000238a                LPI2C2_DriverIRQHandler
                0x6000238a                Reserved86_DriverIRQHandler
                0x6000238a                DMA_ERROR_DriverIRQHandler
                0x6000238a                ADC_ETC_IRQ0_DriverIRQHandler
                0x6000238a                CAN1_DriverIRQHandler
                0x6000238a                GPIO1_INT6_DriverIRQHandler
                0x6000238a                GPIO1_INT1_DriverIRQHandler
                0x6000238a                PWM2_0_DriverIRQHandler
                0x6000238a                SNVS_LP_WRAPPER_DriverIRQHandler
                0x6000238a                USB_OTG2_DriverIRQHandler
 *(SORT_BY_ALIGNMENT(.text*))
 *fill*         0x6000238c        0x4 ff
 .text          0x60002390       0xa0 c:/nxp/mcuxpressoide_11.5.1_7266/ide/plugins/com.nxp.mcuxpresso.tools.win32_11.5.1.202201181444/tools/bin/../lib/gcc/arm-none-eabi/10.3.1/../../../../arm-none-eabi/lib/thumb/v7e-m+fp/hard\libc_nano.a(lib_a-memchr.o)
                0x60002390                memchr
 .text.DbgConsole_SendDataReliable
                0x60002430       0x54 ./utilities/fsl_debug_console.o
                0x60002430                DbgConsole_SendDataReliable
 .text.DbgConsole_Init
                0x60002484      0x118 ./utilities/fsl_debug_console.o
                0x60002484                DbgConsole_Init
 .text.DbgConsole_Vprintf
                0x6000259c       0x6c ./utilities/fsl_debug_console.o
                0x6000259c                DbgConsole_Vprintf
 .text.__NVIC_SetPriority
                0x60002608       0x54 ./source/MIMXRT1062_Project_LEDToggle.o
 .text.SysTick_Config
                0x6000265c       0x44 ./source/MIMXRT1062_Project_LEDToggle.o
 .text.SysTick_Handler
                0x600026a0       0x1c ./source/MIMXRT1062_Project_LEDToggle.o
                0x600026a0                SysTick_Handler
 .text.millis   0x600026bc       0x18 ./source/MIMXRT1062_Project_LEDToggle.o
                0x600026bc                millis
 .text.main     0x600026d4       0x78 ./source/MIMXRT1062_Project_LEDToggle.o
                0x600026d4                main
 .text.CLOCK_GetOscFreq
                0x6000274c       0x30 ./drivers/fsl_clock.o
 .text.CLOCK_InitExternalClk
                0x6000277c       0x78 ./drivers/fsl_clock.o
                0x6000277c                CLOCK_InitExternalClk
 .text.CLOCK_SwitchOsc
                0x600027f4       0x34 ./drivers/fsl_clock.o
                0x600027f4                CLOCK_SwitchOsc
 .text.CLOCK_InitRcOsc24M
                0x60002828       0x24 ./drivers/fsl_clock.o
                0x60002828                CLOCK_InitRcOsc24M
 .text.CLOCK_InitArmPll
                0x6000284c       0x68 ./drivers/fsl_clock.o
                0x6000284c                CLOCK_InitArmPll
 .text.CLOCK_InitSysPll
                0x600028b4       0x9c ./drivers/fsl_clock.o
                0x600028b4                CLOCK_InitSysPll
 .text.CLOCK_DeinitUsb2Pll
                0x60002950       0x18 ./drivers/fsl_clock.o
                0x60002950                CLOCK_DeinitUsb2Pll
 .text.CLOCK_DeinitAudioPll
                0x60002968       0x1c ./drivers/fsl_clock.o
                0x60002968                CLOCK_DeinitAudioPll
 .text.CLOCK_DeinitVideoPll
                0x60002984       0x1c ./drivers/fsl_clock.o
                0x60002984                CLOCK_DeinitVideoPll
 .text.CLOCK_InitEnetPll
                0x600029a0       0xb0 ./drivers/fsl_clock.o
                0x600029a0                CLOCK_InitEnetPll
 .text.CLOCK_GetPllFreq
                0x60002a50      0x45c ./drivers/fsl_clock.o
                0x60002a50                CLOCK_GetPllFreq
 .text.CLOCK_InitSysPfd
                0x60002eac       0x64 ./drivers/fsl_clock.o
                0x60002eac                CLOCK_InitSysPfd
 .text.CLOCK_ControlGate
                0x60002f10       0x70 ./drivers/fsl_gpio.o
 .text.GPIO_GetInstance
                0x60002f80       0x58 ./drivers/fsl_gpio.o
 .text.GPIO_PinInit
                0x60002fd8       0xa4 ./drivers/fsl_gpio.o
                0x60002fd8                GPIO_PinInit
 .text.GPIO_PinWrite
                0x6000307c       0x54 ./drivers/fsl_gpio.o
                0x6000307c                GPIO_PinWrite
 .text.GPIO_PinSetInterruptConfig
                0x600030d0       0xfc ./drivers/fsl_gpio.o
                0x600030d0                GPIO_PinSetInterruptConfig
 .text.CLOCK_ControlGate
                0x600031cc       0x70 ./drivers/fsl_lpuart.o
 .text.LPUART_GetInstance
                0x6000323c       0x58 ./drivers/fsl_lpuart.o
                0x6000323c                LPUART_GetInstance
 .text.LPUART_Init
                0x60003294      0x330 ./drivers/fsl_lpuart.o
                0x60003294                LPUART_Init
 .text.LPUART_GetDefaultConfig
                0x600035c4       0x98 ./drivers/fsl_lpuart.o
                0x600035c4                LPUART_GetDefaultConfig
 .text.LPUART_WriteBlocking
                0x6000365c       0x78 ./drivers/fsl_lpuart.o
                0x6000365c                LPUART_WriteBlocking
 .text.LPUART1_DriverIRQHandler
                0x600036d4       0x28 ./drivers/fsl_lpuart.o
                0x600036d4                LPUART1_DriverIRQHandler
 .text.LPUART2_DriverIRQHandler
                0x600036fc       0x28 ./drivers/fsl_lpuart.o
                0x600036fc                LPUART2_DriverIRQHandler
 .text.LPUART3_DriverIRQHandler
                0x60003724       0x28 ./drivers/fsl_lpuart.o
                0x60003724                LPUART3_DriverIRQHandler
 .text.LPUART4_DriverIRQHandler
                0x6000374c       0x28 ./drivers/fsl_lpuart.o
                0x6000374c                LPUART4_DriverIRQHandler
 .text.LPUART5_DriverIRQHandler
                0x60003774       0x28 ./drivers/fsl_lpuart.o
                0x60003774                LPUART5_DriverIRQHandler
 .text.LPUART6_DriverIRQHandler
                0x6000379c       0x28 ./drivers/fsl_lpuart.o
                0x6000379c                LPUART6_DriverIRQHandler
 .text.LPUART7_DriverIRQHandler
                0x600037c4       0x28 ./drivers/fsl_lpuart.o
                0x600037c4                LPUART7_DriverIRQHandler
 .text.LPUART8_DriverIRQHandler
                0x600037ec       0x28 ./drivers/fsl_lpuart.o
                0x600037ec                LPUART8_DriverIRQHandler
 .text.SystemInit
                0x60003814      0x144 ./device/system_MIMXRT1062.o
                0x60003814                SystemInit
 .text.HAL_UartInitCommon
                0x60003958       0xac ./component/uart/fsl_adapter_lpuart.o
 .text.HAL_UartInit
                0x60003a04       0xac ./component/uart/fsl_adapter_lpuart.o
                0x60003a04                HAL_UartInit
 .text.HAL_UartSendBlocking
                0x60003ab0       0x84 ./component/uart/fsl_adapter_lpuart.o
                0x60003ab0                HAL_UartSendBlocking
 .text.HAL_TimerInterruptHandle
                0x60003b34       0x4c ./component/timer/fsl_adapter_gpt.o
 .text.HAL_GpioInterruptHandle
                0x60003b80       0xbc ./component/gpio/fsl_adapter_igpio.o
 .text.ARM_MPU_Enable
                0x60003c3c       0x40 ./board/board.o
 .text.ARM_MPU_Disable
                0x60003c7c       0x34 ./board/board.o
 .text.CLOCK_GetMux
                0x60003cb0       0x44 ./board/board.o
 .text.CLOCK_GetDiv
                0x60003cf4       0x44 ./board/board.o
 .text.CLOCK_GetOscFreq
                0x60003d38       0x30 ./board/board.o
 .text.BOARD_DebugConsoleSrcFreq
                0x60003d68       0x64 ./board/board.o
                0x60003d68                BOARD_DebugConsoleSrcFreq
 .text.BOARD_ConfigMPU
                0x60003dcc      0x2a8 ./board/board.o
                0x60003dcc                BOARD_ConfigMPU
 .text.CLOCK_SetMux
                0x60004074       0xac ./board/clock_config.o
 .text.CLOCK_SetDiv
                0x60004120       0xac ./board/clock_config.o
 .text.CLOCK_ControlGate
                0x600041cc       0x70 ./board/clock_config.o
 .text.CLOCK_SetXtalFreq
                0x6000423c       0x20 ./board/clock_config.o
 .text.IOMUXC_MQSConfig
                0x6000425c       0x44 ./board/clock_config.o
 .text.BOARD_BootClockRUN
                0x600042a0      0x630 ./board/clock_config.o
                0x600042a0                BOARD_BootClockRUN
 .text.CLOCK_ControlGate
                0x600048d0       0x70 ./board/pin_mux.o
 .text.BOARD_InitPins
                0x60004940       0x68 ./board/pin_mux.o
                0x60004940                BOARD_InitPins
 .text          0x600049a8       0x30 c:/nxp/mcuxpressoide_11.5.1_7266/ide/plugins/com.nxp.mcuxpresso.tools.win32_11.5.1.202201181444/tools/bin/../lib/gcc/arm-none-eabi/10.3.1/thumb/v7e-m+fp/hard\libgcc.a(_aeabi_uldivmod.o)
                0x600049a8                __aeabi_uldivmod
 .text          0x600049d8      0x2d0 c:/nxp/mcuxpressoide_11.5.1_7266/ide/plugins/com.nxp.mcuxpresso.tools.win32_11.5.1.202201181444/tools/bin/../lib/gcc/arm-none-eabi/10.3.1/thumb/v7e-m+fp/hard\libgcc.a(_udivmoddi4.o)
                0x600049d8                __udivmoddi4
 .text          0x60004ca8        0x4 c:/nxp/mcuxpressoide_11.5.1_7266/ide/plugins/com.nxp.mcuxpresso.tools.win32_11.5.1.202201181444/tools/bin/../lib/gcc/arm-none-eabi/10.3.1/thumb/v7e-m+fp/hard\libgcc.a(_dvmd_tls.o)
                0x60004ca8                __aeabi_idiv0
                0x60004ca8                __aeabi_ldiv0
 .text.__assert_func
                0x60004cac       0x3c c:/nxp/mcuxpressoide_11.5.1_7266/ide/plugins/com.nxp.mcuxpresso.tools.win32_11.5.1.202201181444/tools/bin/../lib/gcc/arm-none-eabi/10.3.1/../../../../arm-none-eabi/lib/thumb/v7e-m+fp/hard\libc_nano.a(lib_a-assert.o)
                0x60004cac                __assert_func
 .text.__errno  0x60004ce8        0xc c:/nxp/mcuxpressoide_11.5.1_7266/ide/plugins/com.nxp.mcuxpresso.tools.win32_11.5.1.202201181444/tools/bin/../lib/gcc/arm-none-eabi/10.3.1/../../../../arm-none-eabi/lib/thumb/v7e-m+fp/hard\libc_nano.a(lib_a-errno.o)
                0x60004ce8                __errno
 .text.fprintf  0x60004cf4       0x24 c:/nxp/mcuxpressoide_11.5.1_7266/ide/plugins/com.nxp.mcuxpresso.tools.win32_11.5.1.202201181444/tools/bin/../lib/gcc/arm-none-eabi/10.3.1/../../../../arm-none-eabi/lib/thumb/v7e-m+fp/hard\libc_nano.a(lib_a-fprintf.o)
                0x60004cf4                fiprintf
                0x60004cf4                fprintf
 .text._free_r  0x60004d18       0x98 c:/nxp/mcuxpressoide_11.5.1_7266/ide/plugins/com.nxp.mcuxpresso.tools.win32_11.5.1.202201181444/tools/bin/../lib/gcc/arm-none-eabi/10.3.1/../../../../arm-none-eabi/lib/thumb/v7e-m+fp/hard\libc_nano.a(lib_a-nano-freer.o)
                0x60004d18                _free_r
 .text.sbrk_aligned
                0x60004db0       0x40 c:/nxp/mcuxpressoide_11.5.1_7266/ide/plugins/com.nxp.mcuxpresso.tools.win32_11.5.1.202201181444/tools/bin/../lib/gcc/arm-none-eabi/10.3.1/../../../../arm-none-eabi/lib/thumb/v7e-m+fp/hard\libc_nano.a(lib_a-nano-mallocr.o)
 .text._malloc_r
                0x60004df0       0xe8 c:/nxp/mcuxpressoide_11.5.1_7266/ide/plugins/com.nxp.mcuxpresso.tools.win32_11.5.1.202201181444/tools/bin/../lib/gcc/arm-none-eabi/10.3.1/../../../../arm-none-eabi/lib/thumb/v7e-m+fp/hard\libc_nano.a(lib_a-nano-mallocr.o)
                0x60004df0                _malloc_r
 .text._vfprintf_r
                0x60004ed8      0x260 c:/nxp/mcuxpressoide_11.5.1_7266/ide/plugins/com.nxp.mcuxpresso.tools.win32_11.5.1.202201181444/tools/bin/../lib/gcc/arm-none-eabi/10.3.1/../../../../arm-none-eabi/lib/thumb/v7e-m+fp/hard\libc_nano.a(lib_a-nano-vfprintf.o)
                0x60004ed8                _vfprintf_r
                0x60004ed8                _vfiprintf_r
 .text._printf_i
                0x60005138      0x24c c:/nxp/mcuxpressoide_11.5.1_7266/ide/plugins/com.nxp.mcuxpresso.tools.win32_11.5.1.202201181444/tools/bin/../lib/gcc/arm-none-eabi/10.3.1/../../../../arm-none-eabi/lib/thumb/v7e-m+fp/hard\libc_nano.a(lib_a-nano-vfprintf_i.o)
                0x60005138                _printf_i
 .text._sbrk_r  0x60005384       0x20 c:/nxp/mcuxpressoide_11.5.1_7266/ide/plugins/com.nxp.mcuxpresso.tools.win32_11.5.1.202201181444/tools/bin/../lib/gcc/arm-none-eabi/10.3.1/../../../../arm-none-eabi/lib/thumb/v7e-m+fp/hard\libc_nano.a(lib_a-sbrkr.o)
                0x60005384                _sbrk_r
 .text.__swbuf_r
                0x600053a4       0xa4 c:/nxp/mcuxpressoide_11.5.1_7266/ide/plugins/com.nxp.mcuxpresso.tools.win32_11.5.1.202201181444/tools/bin/../lib/gcc/arm-none-eabi/10.3.1/../../../../arm-none-eabi/lib/thumb/v7e-m+fp/hard\libc_nano.a(lib_a-wbuf.o)
                0x600053a4                __swbuf_r
 .text.__swsetup_r
                0x60005448       0xdc c:/nxp/mcuxpressoide_11.5.1_7266/ide/plugins/com.nxp.mcuxpresso.tools.win32_11.5.1.202201181444/tools/bin/../lib/gcc/arm-none-eabi/10.3.1/../../../../arm-none-eabi/lib/thumb/v7e-m+fp/hard\libc_nano.a(lib_a-wsetup.o)
                0x60005448                __swsetup_r
 .text.__sflush_r
                0x60005524      0x10c c:/nxp/mcuxpressoide_11.5.1_7266/ide/plugins/com.nxp.mcuxpresso.tools.win32_11.5.1.202201181444/tools/bin/../lib/gcc/arm-none-eabi/10.3.1/../../../../arm-none-eabi/lib/thumb/v7e-m+fp/hard\libc_nano.a(lib_a-fflush.o)
                0x60005524                __sflush_r
 .text._fflush_r
                0x60005630       0x78 c:/nxp/mcuxpressoide_11.5.1_7266/ide/plugins/com.nxp.mcuxpresso.tools.win32_11.5.1.202201181444/tools/bin/../lib/gcc/arm-none-eabi/10.3.1/../../../../arm-none-eabi/lib/thumb/v7e-m+fp/hard\libc_nano.a(lib_a-fflush.o)
                0x60005630                _fflush_r
 .text.std      0x600056a8       0x48 c:/nxp/mcuxpressoide_11.5.1_7266/ide/plugins/com.nxp.mcuxpresso.tools.win32_11.5.1.202201181444/tools/bin/../lib/gcc/arm-none-eabi/10.3.1/../../../../arm-none-eabi/lib/thumb/v7e-m+fp/hard\libc_nano.a(lib_a-findfp.o)
 .text._cleanup_r
                0x600056f0        0xc c:/nxp/mcuxpressoide_11.5.1_7266/ide/plugins/com.nxp.mcuxpresso.tools.win32_11.5.1.202201181444/tools/bin/../lib/gcc/arm-none-eabi/10.3.1/../../../../arm-none-eabi/lib/thumb/v7e-m+fp/hard\libc_nano.a(lib_a-findfp.o)
                0x600056f0                _cleanup_r
 .text.__sfp_lock_acquire
                0x600056fc        0xc c:/nxp/mcuxpressoide_11.5.1_7266/ide/plugins/com.nxp.mcuxpresso.tools.win32_11.5.1.202201181444/tools/bin/../lib/gcc/arm-none-eabi/10.3.1/../../../../arm-none-eabi/lib/thumb/v7e-m+fp/hard\libc_nano.a(lib_a-findfp.o)
                0x600056fc                __sfp_lock_acquire
 .text.__sfp_lock_release
                0x60005708        0xc c:/nxp/mcuxpressoide_11.5.1_7266/ide/plugins/com.nxp.mcuxpresso.tools.win32_11.5.1.202201181444/tools/bin/../lib/gcc/arm-none-eabi/10.3.1/../../../../arm-none-eabi/lib/thumb/v7e-m+fp/hard\libc_nano.a(lib_a-findfp.o)
                0x60005708                __sfp_lock_release
 .text.__sinit_lock_acquire
                0x60005714        0xc c:/nxp/mcuxpressoide_11.5.1_7266/ide/plugins/com.nxp.mcuxpresso.tools.win32_11.5.1.202201181444/tools/bin/../lib/gcc/arm-none-eabi/10.3.1/../../../../arm-none-eabi/lib/thumb/v7e-m+fp/hard\libc_nano.a(lib_a-findfp.o)
                0x60005714                __sinit_lock_acquire
 .text.__sinit_lock_release
                0x60005720        0xc c:/nxp/mcuxpressoide_11.5.1_7266/ide/plugins/com.nxp.mcuxpresso.tools.win32_11.5.1.202201181444/tools/bin/../lib/gcc/arm-none-eabi/10.3.1/../../../../arm-none-eabi/lib/thumb/v7e-m+fp/hard\libc_nano.a(lib_a-findfp.o)
                0x60005720                __sinit_lock_release
 .text.__sinit  0x6000572c       0x70 c:/nxp/mcuxpressoide_11.5.1_7266/ide/plugins/com.nxp.mcuxpresso.tools.win32_11.5.1.202201181444/tools/bin/../lib/gcc/arm-none-eabi/10.3.1/../../../../arm-none-eabi/lib/thumb/v7e-m+fp/hard\libc_nano.a(lib_a-findfp.o)
                0x6000572c                __sinit
 .text.__sfp    0x6000579c       0x8c c:/nxp/mcuxpressoide_11.5.1_7266/ide/plugins/com.nxp.mcuxpresso.tools.win32_11.5.1.202201181444/tools/bin/../lib/gcc/arm-none-eabi/10.3.1/../../../../arm-none-eabi/lib/thumb/v7e-m+fp/hard\libc_nano.a(lib_a-findfp.o)
                0x6000579c                __sfp
 .text.__smakebuf_r
                0x60005828       0x80 c:/nxp/mcuxpressoide_11.5.1_7266/ide/plugins/com.nxp.mcuxpresso.tools.win32_11.5.1.202201181444/tools/bin/../lib/gcc/arm-none-eabi/10.3.1/../../../../arm-none-eabi/lib/thumb/v7e-m+fp/hard\libc_nano.a(lib_a-makebuf.o)
                0x60005828                __smakebuf_r
 .text.__malloc_lock
                0x600058a8        0xc c:/nxp/mcuxpressoide_11.5.1_7266/ide/plugins/com.nxp.mcuxpresso.tools.win32_11.5.1.202201181444/tools/bin/../lib/gcc/arm-none-eabi/10.3.1/../../../../arm-none-eabi/lib/thumb/v7e-m+fp/hard\libc_nano.a(lib_a-mlock.o)
                0x600058a8                __malloc_lock
 .text.__malloc_unlock
                0x600058b4        0xc c:/nxp/mcuxpressoide_11.5.1_7266/ide/plugins/com.nxp.mcuxpresso.tools.win32_11.5.1.202201181444/tools/bin/../lib/gcc/arm-none-eabi/10.3.1/../../../../arm-none-eabi/lib/thumb/v7e-m+fp/hard\libc_nano.a(lib_a-mlock.o)
                0x600058b4                __malloc_unlock
 .text.raise    0x600058c0       0x10 c:/nxp/mcuxpressoide_11.5.1_7266/ide/plugins/com.nxp.mcuxpresso.tools.win32_11.5.1.202201181444/tools/bin/../lib/gcc/arm-none-eabi/10.3.1/../../../../arm-none-eabi/lib/thumb/v7e-m+fp/hard\libc_nano.a(lib_a-signal.o)
                0x600058c0                raise
 .text._kill_r  0x600058d0       0x24 c:/nxp/mcuxpressoide_11.5.1_7266/ide/plugins/com.nxp.mcuxpresso.tools.win32_11.5.1.202201181444/tools/bin/../lib/gcc/arm-none-eabi/10.3.1/../../../../arm-none-eabi/lib/thumb/v7e-m+fp/hard\libc_nano.a(lib_a-signalr.o)
                0x600058d0                _kill_r
 .text._write_r
                0x600058f4       0x24 c:/nxp/mcuxpressoide_11.5.1_7266/ide/plugins/com.nxp.mcuxpresso.tools.win32_11.5.1.202201181444/tools/bin/../lib/gcc/arm-none-eabi/10.3.1/../../../../arm-none-eabi/lib/thumb/v7e-m+fp/hard\libc_nano.a(lib_a-writer.o)
                0x600058f4                _write_r
 .text._close_r
                0x60005918       0x20 c:/nxp/mcuxpressoide_11.5.1_7266/ide/plugins/com.nxp.mcuxpresso.tools.win32_11.5.1.202201181444/tools/bin/../lib/gcc/arm-none-eabi/10.3.1/../../../../arm-none-eabi/lib/thumb/v7e-m+fp/hard\libc_nano.a(lib_a-closer.o)
                0x60005918                _close_r
 .text._fstat_r
                0x60005938       0x24 c:/nxp/mcuxpressoide_11.5.1_7266/ide/plugins/com.nxp.mcuxpresso.tools.win32_11.5.1.202201181444/tools/bin/../lib/gcc/arm-none-eabi/10.3.1/../../../../arm-none-eabi/lib/thumb/v7e-m+fp/hard\libc_nano.a(lib_a-fstatr.o)
                0x60005938                _fstat_r
 .text._isatty_r
                0x6000595c       0x20 c:/nxp/mcuxpressoide_11.5.1_7266/ide/plugins/com.nxp.mcuxpresso.tools.win32_11.5.1.202201181444/tools/bin/../lib/gcc/arm-none-eabi/10.3.1/../../../../arm-none-eabi/lib/thumb/v7e-m+fp/hard\libc_nano.a(lib_a-isattyr.o)
                0x6000595c                _isatty_r
 .text._lseek_r
                0x6000597c       0x24 c:/nxp/mcuxpressoide_11.5.1_7266/ide/plugins/com.nxp.mcuxpresso.tools.win32_11.5.1.202201181444/tools/bin/../lib/gcc/arm-none-eabi/10.3.1/../../../../arm-none-eabi/lib/thumb/v7e-m+fp/hard\libc_nano.a(lib_a-lseekr.o)
                0x6000597c                _lseek_r
 .text._read_r  0x600059a0       0x24 c:/nxp/mcuxpressoide_11.5.1_7266/ide/plugins/com.nxp.mcuxpresso.tools.win32_11.5.1.202201181444/tools/bin/../lib/gcc/arm-none-eabi/10.3.1/../../../../arm-none-eabi/lib/thumb/v7e-m+fp/hard\libc_nano.a(lib_a-readr.o)
                0x600059a0                _read_r
 .text._sbrk    0x600059c4       0x3c c:/nxp/mcuxpressoide_11.5.1_7266/ide/plugins/com.nxp.mcuxpresso.tools.win32_11.5.1.202201181444/tools/bin/../lib/gcc/arm-none-eabi/10.3.1/../../../../arm-none-eabi/lib/thumb/v7e-m+fp/hard\libcr_newlib_none.a(_cr_sbrk.o)
                0x600059c4                _sbrk
 .text.__check_heap_overflow
                0x60005a00       0x18 c:/nxp/mcuxpressoide_11.5.1_7266/ide/plugins/com.nxp.mcuxpresso.tools.win32_11.5.1.202201181444/tools/bin/../lib/gcc/arm-none-eabi/10.3.1/../../../../arm-none-eabi/lib/thumb/v7e-m+fp/hard\libcr_newlib_none.a(_cr_check_heap.o)
                0x60005a00                __check_heap_overflow
 .text.DbgConsole_PrintCallback
                0x60005a18       0x66 ./utilities/fsl_debug_console.o
 .text.DbgConsole_Printf
                0x60005a7e       0x2c ./utilities/fsl_debug_console.o
                0x60005a7e                DbgConsole_Printf
 .text.PrintGetWidth
                0x60005aaa       0x6a ./utilities/fsl_str.o
 .text.PrintGetPrecision
                0x60005b14       0x8c ./utilities/fsl_str.o
 .text.PrintIsobpu
                0x60005ba0       0x38 ./utilities/fsl_str.o
 .text.PrintIsdi
                0x60005bd8       0x2c ./utilities/fsl_str.o
 .text.PrintOutputdifFobpu
                0x60005c04       0x44 ./utilities/fsl_str.o
 .text.PrintOutputxX
                0x60005c48       0x44 ./utilities/fsl_str.o
 .text.PrintIsfF
                0x60005c8c       0x2c ./utilities/fsl_str.o
 .text.PrintIsxX
                0x60005cb8       0x2c ./utilities/fsl_str.o
 .text.PrintFilterLengthFlag
                0x60005ce4       0x3e ./utilities/fsl_str.o
 .text.PrintGetRadixFromobpu
                0x60005d22       0x40 ./utilities/fsl_str.o
 .text.ConvertRadixNumToString
                0x60005d62       0xc2 ./utilities/fsl_str.o
 .text.StrFormatPrintf
                0x60005e24      0x2ac ./utilities/fsl_str.o
                0x60005e24                StrFormatPrintf
 .text.DMA0_DMA16_IRQHandler
                0x600060d0        0x8 ./startup/startup_mimxrt1062.o
                0x600060d0                DMA0_DMA16_IRQHandler
 .text.DMA1_DMA17_IRQHandler
                0x600060d8        0x8 ./startup/startup_mimxrt1062.o
                0x600060d8                DMA1_DMA17_IRQHandler
 .text.DMA2_DMA18_IRQHandler
                0x600060e0        0x8 ./startup/startup_mimxrt1062.o
                0x600060e0                DMA2_DMA18_IRQHandler
 .text.DMA3_DMA19_IRQHandler
                0x600060e8        0x8 ./startup/startup_mimxrt1062.o
                0x600060e8                DMA3_DMA19_IRQHandler
 .text.DMA4_DMA20_IRQHandler
                0x600060f0        0x8 ./startup/startup_mimxrt1062.o
                0x600060f0                DMA4_DMA20_IRQHandler
 .text.DMA5_DMA21_IRQHandler
                0x600060f8        0x8 ./startup/startup_mimxrt1062.o
                0x600060f8                DMA5_DMA21_IRQHandler
 .text.DMA6_DMA22_IRQHandler
                0x60006100        0x8 ./startup/startup_mimxrt1062.o
                0x60006100                DMA6_DMA22_IRQHandler
 .text.DMA7_DMA23_IRQHandler
                0x60006108        0x8 ./startup/startup_mimxrt1062.o
                0x60006108                DMA7_DMA23_IRQHandler
 .text.DMA8_DMA24_IRQHandler
                0x60006110        0x8 ./startup/startup_mimxrt1062.o
                0x60006110                DMA8_DMA24_IRQHandler
 .text.DMA9_DMA25_IRQHandler
                0x60006118        0x8 ./startup/startup_mimxrt1062.o
                0x60006118                DMA9_DMA25_IRQHandler
 .text.DMA10_DMA26_IRQHandler
                0x60006120        0x8 ./startup/startup_mimxrt1062.o
                0x60006120                DMA10_DMA26_IRQHandler
 .text.DMA11_DMA27_IRQHandler
                0x60006128        0x8 ./startup/startup_mimxrt1062.o
                0x60006128                DMA11_DMA27_IRQHandler
 .text.DMA12_DMA28_IRQHandler
                0x60006130        0x8 ./startup/startup_mimxrt1062.o
                0x60006130                DMA12_DMA28_IRQHandler
 .text.DMA13_DMA29_IRQHandler
                0x60006138        0x8 ./startup/startup_mimxrt1062.o
                0x60006138                DMA13_DMA29_IRQHandler
 .text.DMA14_DMA30_IRQHandler
                0x60006140        0x8 ./startup/startup_mimxrt1062.o
                0x60006140                DMA14_DMA30_IRQHandler
 .text.DMA15_DMA31_IRQHandler
                0x60006148        0x8 ./startup/startup_mimxrt1062.o
                0x60006148                DMA15_DMA31_IRQHandler
 .text.DMA_ERROR_IRQHandler
                0x60006150        0x8 ./startup/startup_mimxrt1062.o
                0x60006150                DMA_ERROR_IRQHandler
 .text.CTI0_ERROR_IRQHandler
                0x60006158        0x8 ./startup/startup_mimxrt1062.o
                0x60006158                CTI0_ERROR_IRQHandler
 .text.CTI1_ERROR_IRQHandler
                0x60006160        0x8 ./startup/startup_mimxrt1062.o
                0x60006160                CTI1_ERROR_IRQHandler
 .text.CORE_IRQHandler
                0x60006168        0x8 ./startup/startup_mimxrt1062.o
                0x60006168                CORE_IRQHandler
 .text.LPUART1_IRQHandler
                0x60006170        0x8 ./startup/startup_mimxrt1062.o
                0x60006170                LPUART1_IRQHandler
 .text.LPUART2_IRQHandler
                0x60006178        0x8 ./startup/startup_mimxrt1062.o
                0x60006178                LPUART2_IRQHandler
 .text.LPUART3_IRQHandler
                0x60006180        0x8 ./startup/startup_mimxrt1062.o
                0x60006180                LPUART3_IRQHandler
 .text.LPUART4_IRQHandler
                0x60006188        0x8 ./startup/startup_mimxrt1062.o
                0x60006188                LPUART4_IRQHandler
 .text.LPUART5_IRQHandler
                0x60006190        0x8 ./startup/startup_mimxrt1062.o
                0x60006190                LPUART5_IRQHandler
 .text.LPUART6_IRQHandler
                0x60006198        0x8 ./startup/startup_mimxrt1062.o
                0x60006198                LPUART6_IRQHandler
 .text.LPUART7_IRQHandler
                0x600061a0        0x8 ./startup/startup_mimxrt1062.o
                0x600061a0                LPUART7_IRQHandler
 .text.LPUART8_IRQHandler
                0x600061a8        0x8 ./startup/startup_mimxrt1062.o
                0x600061a8                LPUART8_IRQHandler
 .text.LPI2C1_IRQHandler
                0x600061b0        0x8 ./startup/startup_mimxrt1062.o
                0x600061b0                LPI2C1_IRQHandler
 .text.LPI2C2_IRQHandler
                0x600061b8        0x8 ./startup/startup_mimxrt1062.o
                0x600061b8                LPI2C2_IRQHandler
 .text.LPI2C3_IRQHandler
                0x600061c0        0x8 ./startup/startup_mimxrt1062.o
                0x600061c0                LPI2C3_IRQHandler
 .text.LPI2C4_IRQHandler
                0x600061c8        0x8 ./startup/startup_mimxrt1062.o
                0x600061c8                LPI2C4_IRQHandler
 .text.LPSPI1_IRQHandler
                0x600061d0        0x8 ./startup/startup_mimxrt1062.o
                0x600061d0                LPSPI1_IRQHandler
 .text.LPSPI2_IRQHandler
                0x600061d8        0x8 ./startup/startup_mimxrt1062.o
                0x600061d8                LPSPI2_IRQHandler
 .text.LPSPI3_IRQHandler
                0x600061e0        0x8 ./startup/startup_mimxrt1062.o
                0x600061e0                LPSPI3_IRQHandler
 .text.LPSPI4_IRQHandler
                0x600061e8        0x8 ./startup/startup_mimxrt1062.o
                0x600061e8                LPSPI4_IRQHandler
 .text.CAN1_IRQHandler
                0x600061f0        0x8 ./startup/startup_mimxrt1062.o
                0x600061f0                CAN1_IRQHandler
 .text.CAN2_IRQHandler
                0x600061f8        0x8 ./startup/startup_mimxrt1062.o
                0x600061f8                CAN2_IRQHandler
 .text.FLEXRAM_IRQHandler
                0x60006200        0x8 ./startup/startup_mimxrt1062.o
                0x60006200                FLEXRAM_IRQHandler
 .text.KPP_IRQHandler
                0x60006208        0x8 ./startup/startup_mimxrt1062.o
                0x60006208                KPP_IRQHandler
 .text.TSC_DIG_IRQHandler
                0x60006210        0x8 ./startup/startup_mimxrt1062.o
                0x60006210                TSC_DIG_IRQHandler
 .text.GPR_IRQ_IRQHandler
                0x60006218        0x8 ./startup/startup_mimxrt1062.o
                0x60006218                GPR_IRQ_IRQHandler
 .text.LCDIF_IRQHandler
                0x60006220        0x8 ./startup/startup_mimxrt1062.o
                0x60006220                LCDIF_IRQHandler
 .text.CSI_IRQHandler
                0x60006228        0x8 ./startup/startup_mimxrt1062.o
                0x60006228                CSI_IRQHandler
 .text.PXP_IRQHandler
                0x60006230        0x8 ./startup/startup_mimxrt1062.o
                0x60006230                PXP_IRQHandler
 .text.WDOG2_IRQHandler
                0x60006238        0x8 ./startup/startup_mimxrt1062.o
                0x60006238                WDOG2_IRQHandler
 .text.SNVS_HP_WRAPPER_IRQHandler
                0x60006240        0x8 ./startup/startup_mimxrt1062.o
                0x60006240                SNVS_HP_WRAPPER_IRQHandler
 .text.SNVS_HP_WRAPPER_TZ_IRQHandler
                0x60006248        0x8 ./startup/startup_mimxrt1062.o
                0x60006248                SNVS_HP_WRAPPER_TZ_IRQHandler
 .text.SNVS_LP_WRAPPER_IRQHandler
                0x60006250        0x8 ./startup/startup_mimxrt1062.o
                0x60006250                SNVS_LP_WRAPPER_IRQHandler
 .text.CSU_IRQHandler
                0x60006258        0x8 ./startup/startup_mimxrt1062.o
                0x60006258                CSU_IRQHandler
 .text.DCP_IRQHandler
                0x60006260        0x8 ./startup/startup_mimxrt1062.o
                0x60006260                DCP_IRQHandler
 .text.DCP_VMI_IRQHandler
                0x60006268        0x8 ./startup/startup_mimxrt1062.o
                0x60006268                DCP_VMI_IRQHandler
 .text.Reserved68_IRQHandler
                0x60006270        0x8 ./startup/startup_mimxrt1062.o
                0x60006270                Reserved68_IRQHandler
 .text.TRNG_IRQHandler
                0x60006278        0x8 ./startup/startup_mimxrt1062.o
                0x60006278                TRNG_IRQHandler
 .text.SJC_IRQHandler
                0x60006280        0x8 ./startup/startup_mimxrt1062.o
                0x60006280                SJC_IRQHandler
 .text.BEE_IRQHandler
                0x60006288        0x8 ./startup/startup_mimxrt1062.o
                0x60006288                BEE_IRQHandler
 .text.SAI1_IRQHandler
                0x60006290        0x8 ./startup/startup_mimxrt1062.o
                0x60006290                SAI1_IRQHandler
 .text.SAI2_IRQHandler
                0x60006298        0x8 ./startup/startup_mimxrt1062.o
                0x60006298                SAI2_IRQHandler
 .text.SAI3_RX_IRQHandler
                0x600062a0        0x8 ./startup/startup_mimxrt1062.o
                0x600062a0                SAI3_RX_IRQHandler
 .text.SAI3_TX_IRQHandler
                0x600062a8        0x8 ./startup/startup_mimxrt1062.o
                0x600062a8                SAI3_TX_IRQHandler
 .text.SPDIF_IRQHandler
                0x600062b0        0x8 ./startup/startup_mimxrt1062.o
                0x600062b0                SPDIF_IRQHandler
 .text.PMU_EVENT_IRQHandler
                0x600062b8        0x8 ./startup/startup_mimxrt1062.o
                0x600062b8                PMU_EVENT_IRQHandler
 .text.Reserved78_IRQHandler
                0x600062c0        0x8 ./startup/startup_mimxrt1062.o
                0x600062c0                Reserved78_IRQHandler
 .text.TEMP_LOW_HIGH_IRQHandler
                0x600062c8        0x8 ./startup/startup_mimxrt1062.o
                0x600062c8                TEMP_LOW_HIGH_IRQHandler
 .text.TEMP_PANIC_IRQHandler
                0x600062d0        0x8 ./startup/startup_mimxrt1062.o
                0x600062d0                TEMP_PANIC_IRQHandler
 .text.USB_PHY1_IRQHandler
                0x600062d8        0x8 ./startup/startup_mimxrt1062.o
                0x600062d8                USB_PHY1_IRQHandler
 .text.USB_PHY2_IRQHandler
                0x600062e0        0x8 ./startup/startup_mimxrt1062.o
                0x600062e0                USB_PHY2_IRQHandler
 .text.ADC1_IRQHandler
                0x600062e8        0x8 ./startup/startup_mimxrt1062.o
                0x600062e8                ADC1_IRQHandler
 .text.ADC2_IRQHandler
                0x600062f0        0x8 ./startup/startup_mimxrt1062.o
                0x600062f0                ADC2_IRQHandler
 .text.DCDC_IRQHandler
                0x600062f8        0x8 ./startup/startup_mimxrt1062.o
                0x600062f8                DCDC_IRQHandler
 .text.Reserved86_IRQHandler
                0x60006300        0x8 ./startup/startup_mimxrt1062.o
                0x60006300                Reserved86_IRQHandler
 .text.Reserved87_IRQHandler
                0x60006308        0x8 ./startup/startup_mimxrt1062.o
                0x60006308                Reserved87_IRQHandler
 .text.GPIO1_INT0_IRQHandler
                0x60006310        0x8 ./startup/startup_mimxrt1062.o
                0x60006310                GPIO1_INT0_IRQHandler
 .text.GPIO1_INT1_IRQHandler
                0x60006318        0x8 ./startup/startup_mimxrt1062.o
                0x60006318                GPIO1_INT1_IRQHandler
 .text.GPIO1_INT2_IRQHandler
                0x60006320        0x8 ./startup/startup_mimxrt1062.o
                0x60006320                GPIO1_INT2_IRQHandler
 .text.GPIO1_INT3_IRQHandler
                0x60006328        0x8 ./startup/startup_mimxrt1062.o
                0x60006328                GPIO1_INT3_IRQHandler
 .text.GPIO1_INT4_IRQHandler
                0x60006330        0x8 ./startup/startup_mimxrt1062.o
                0x60006330                GPIO1_INT4_IRQHandler
 .text.GPIO1_INT5_IRQHandler
                0x60006338        0x8 ./startup/startup_mimxrt1062.o
                0x60006338                GPIO1_INT5_IRQHandler
 .text.GPIO1_INT6_IRQHandler
                0x60006340        0x8 ./startup/startup_mimxrt1062.o
                0x60006340                GPIO1_INT6_IRQHandler
 .text.GPIO1_INT7_IRQHandler
                0x60006348        0x8 ./startup/startup_mimxrt1062.o
                0x60006348                GPIO1_INT7_IRQHandler
 .text.FLEXIO1_IRQHandler
                0x60006350        0x8 ./startup/startup_mimxrt1062.o
                0x60006350                FLEXIO1_IRQHandler
 .text.FLEXIO2_IRQHandler
                0x60006358        0x8 ./startup/startup_mimxrt1062.o
                0x60006358                FLEXIO2_IRQHandler
 .text.WDOG1_IRQHandler
                0x60006360        0x8 ./startup/startup_mimxrt1062.o
                0x60006360                WDOG1_IRQHandler
 .text.RTWDOG_IRQHandler
                0x60006368        0x8 ./startup/startup_mimxrt1062.o
                0x60006368                RTWDOG_IRQHandler
 .text.EWM_IRQHandler
                0x60006370        0x8 ./startup/startup_mimxrt1062.o
                0x60006370                EWM_IRQHandler
 .text.CCM_1_IRQHandler
                0x60006378        0x8 ./startup/startup_mimxrt1062.o
                0x60006378                CCM_1_IRQHandler
 .text.CCM_2_IRQHandler
                0x60006380        0x8 ./startup/startup_mimxrt1062.o
                0x60006380                CCM_2_IRQHandler
 .text.GPC_IRQHandler
                0x60006388        0x8 ./startup/startup_mimxrt1062.o
                0x60006388                GPC_IRQHandler
 .text.SRC_IRQHandler
                0x60006390        0x8 ./startup/startup_mimxrt1062.o
                0x60006390                SRC_IRQHandler
 .text.Reserved115_IRQHandler
                0x60006398        0x8 ./startup/startup_mimxrt1062.o
                0x60006398                Reserved115_IRQHandler
 .text.PWM1_0_IRQHandler
                0x600063a0        0x8 ./startup/startup_mimxrt1062.o
                0x600063a0                PWM1_0_IRQHandler
 .text.PWM1_1_IRQHandler
                0x600063a8        0x8 ./startup/startup_mimxrt1062.o
                0x600063a8                PWM1_1_IRQHandler
 .text.PWM1_2_IRQHandler
                0x600063b0        0x8 ./startup/startup_mimxrt1062.o
                0x600063b0                PWM1_2_IRQHandler
 .text.PWM1_3_IRQHandler
                0x600063b8        0x8 ./startup/startup_mimxrt1062.o
                0x600063b8                PWM1_3_IRQHandler
 .text.PWM1_FAULT_IRQHandler
                0x600063c0        0x8 ./startup/startup_mimxrt1062.o
                0x600063c0                PWM1_FAULT_IRQHandler
 .text.FLEXSPI2_IRQHandler
                0x600063c8        0x8 ./startup/startup_mimxrt1062.o
                0x600063c8                FLEXSPI2_IRQHandler
 .text.FLEXSPI_IRQHandler
                0x600063d0        0x8 ./startup/startup_mimxrt1062.o
                0x600063d0                FLEXSPI_IRQHandler
 .text.SEMC_IRQHandler
                0x600063d8        0x8 ./startup/startup_mimxrt1062.o
                0x600063d8                SEMC_IRQHandler
 .text.USDHC1_IRQHandler
                0x600063e0        0x8 ./startup/startup_mimxrt1062.o
                0x600063e0                USDHC1_IRQHandler
 .text.USDHC2_IRQHandler
                0x600063e8        0x8 ./startup/startup_mimxrt1062.o
                0x600063e8                USDHC2_IRQHandler
 .text.USB_OTG2_IRQHandler
                0x600063f0        0x8 ./startup/startup_mimxrt1062.o
                0x600063f0                USB_OTG2_IRQHandler
 .text.USB_OTG1_IRQHandler
                0x600063f8        0x8 ./startup/startup_mimxrt1062.o
                0x600063f8                USB_OTG1_IRQHandler
 .text.ENET_IRQHandler
                0x60006400        0x8 ./startup/startup_mimxrt1062.o
                0x60006400                ENET_IRQHandler
 .text.ENET_1588_Timer_IRQHandler
                0x60006408        0x8 ./startup/startup_mimxrt1062.o
                0x60006408                ENET_1588_Timer_IRQHandler
 .text.XBAR1_IRQ_0_1_IRQHandler
                0x60006410        0x8 ./startup/startup_mimxrt1062.o
                0x60006410                XBAR1_IRQ_0_1_IRQHandler
 .text.XBAR1_IRQ_2_3_IRQHandler
                0x60006418        0x8 ./startup/startup_mimxrt1062.o
                0x60006418                XBAR1_IRQ_2_3_IRQHandler
 .text.ADC_ETC_IRQ0_IRQHandler
                0x60006420        0x8 ./startup/startup_mimxrt1062.o
                0x60006420                ADC_ETC_IRQ0_IRQHandler
 .text.ADC_ETC_IRQ1_IRQHandler
                0x60006428        0x8 ./startup/startup_mimxrt1062.o
                0x60006428                ADC_ETC_IRQ1_IRQHandler
 .text.ADC_ETC_IRQ2_IRQHandler
                0x60006430        0x8 ./startup/startup_mimxrt1062.o
                0x60006430                ADC_ETC_IRQ2_IRQHandler
 .text.ADC_ETC_ERROR_IRQ_IRQHandler
                0x60006438        0x8 ./startup/startup_mimxrt1062.o
                0x60006438                ADC_ETC_ERROR_IRQ_IRQHandler
 .text.PIT_IRQHandler
                0x60006440        0x8 ./startup/startup_mimxrt1062.o
                0x60006440                PIT_IRQHandler
 .text.ACMP1_IRQHandler
                0x60006448        0x8 ./startup/startup_mimxrt1062.o
                0x60006448                ACMP1_IRQHandler
 .text.ACMP2_IRQHandler
                0x60006450        0x8 ./startup/startup_mimxrt1062.o
                0x60006450                ACMP2_IRQHandler
 .text.ACMP3_IRQHandler
                0x60006458        0x8 ./startup/startup_mimxrt1062.o
                0x60006458                ACMP3_IRQHandler
 .text.ACMP4_IRQHandler
                0x60006460        0x8 ./startup/startup_mimxrt1062.o
                0x60006460                ACMP4_IRQHandler
 .text.Reserved143_IRQHandler
                0x60006468        0x8 ./startup/startup_mimxrt1062.o
                0x60006468                Reserved143_IRQHandler
 .text.Reserved144_IRQHandler
                0x60006470        0x8 ./startup/startup_mimxrt1062.o
                0x60006470                Reserved144_IRQHandler
 .text.ENC1_IRQHandler
                0x60006478        0x8 ./startup/startup_mimxrt1062.o
                0x60006478                ENC1_IRQHandler
 .text.ENC2_IRQHandler
                0x60006480        0x8 ./startup/startup_mimxrt1062.o
                0x60006480                ENC2_IRQHandler
 .text.ENC3_IRQHandler
                0x60006488        0x8 ./startup/startup_mimxrt1062.o
                0x60006488                ENC3_IRQHandler
 .text.ENC4_IRQHandler
                0x60006490        0x8 ./startup/startup_mimxrt1062.o
                0x60006490                ENC4_IRQHandler
 .text.TMR1_IRQHandler
                0x60006498        0x8 ./startup/startup_mimxrt1062.o
                0x60006498                TMR1_IRQHandler
 .text.TMR2_IRQHandler
                0x600064a0        0x8 ./startup/startup_mimxrt1062.o
                0x600064a0                TMR2_IRQHandler
 .text.TMR3_IRQHandler
                0x600064a8        0x8 ./startup/startup_mimxrt1062.o
                0x600064a8                TMR3_IRQHandler
 .text.TMR4_IRQHandler
                0x600064b0        0x8 ./startup/startup_mimxrt1062.o
                0x600064b0                TMR4_IRQHandler
 .text.PWM2_0_IRQHandler
                0x600064b8        0x8 ./startup/startup_mimxrt1062.o
                0x600064b8                PWM2_0_IRQHandler
 .text.PWM2_1_IRQHandler
                0x600064c0        0x8 ./startup/startup_mimxrt1062.o
                0x600064c0                PWM2_1_IRQHandler
 .text.PWM2_2_IRQHandler
                0x600064c8        0x8 ./startup/startup_mimxrt1062.o
                0x600064c8                PWM2_2_IRQHandler
 .text.PWM2_3_IRQHandler
                0x600064d0        0x8 ./startup/startup_mimxrt1062.o
                0x600064d0                PWM2_3_IRQHandler
 .text.PWM2_FAULT_IRQHandler
                0x600064d8        0x8 ./startup/startup_mimxrt1062.o
                0x600064d8                PWM2_FAULT_IRQHandler
 .text.PWM3_0_IRQHandler
                0x600064e0        0x8 ./startup/startup_mimxrt1062.o
                0x600064e0                PWM3_0_IRQHandler
 .text.PWM3_1_IRQHandler
                0x600064e8        0x8 ./startup/startup_mimxrt1062.o
                0x600064e8                PWM3_1_IRQHandler
 .text.PWM3_2_IRQHandler
                0x600064f0        0x8 ./startup/startup_mimxrt1062.o
                0x600064f0                PWM3_2_IRQHandler
 .text.PWM3_3_IRQHandler
                0x600064f8        0x8 ./startup/startup_mimxrt1062.o
                0x600064f8                PWM3_3_IRQHandler
 .text.PWM3_FAULT_IRQHandler
                0x60006500        0x8 ./startup/startup_mimxrt1062.o
                0x60006500                PWM3_FAULT_IRQHandler
 .text.PWM4_0_IRQHandler
                0x60006508        0x8 ./startup/startup_mimxrt1062.o
                0x60006508                PWM4_0_IRQHandler
 .text.PWM4_1_IRQHandler
                0x60006510        0x8 ./startup/startup_mimxrt1062.o
                0x60006510                PWM4_1_IRQHandler
 .text.PWM4_2_IRQHandler
                0x60006518        0x8 ./startup/startup_mimxrt1062.o
                0x60006518                PWM4_2_IRQHandler
 .text.PWM4_3_IRQHandler
                0x60006520        0x8 ./startup/startup_mimxrt1062.o
                0x60006520                PWM4_3_IRQHandler
 .text.PWM4_FAULT_IRQHandler
                0x60006528        0x8 ./startup/startup_mimxrt1062.o
                0x60006528                PWM4_FAULT_IRQHandler
 .text.ENET2_IRQHandler
                0x60006530        0x8 ./startup/startup_mimxrt1062.o
                0x60006530                ENET2_IRQHandler
 .text.ENET2_1588_Timer_IRQHandler
                0x60006538        0x8 ./startup/startup_mimxrt1062.o
                0x60006538                ENET2_1588_Timer_IRQHandler
 .text.CAN3_IRQHandler
                0x60006540        0x8 ./startup/startup_mimxrt1062.o
                0x60006540                CAN3_IRQHandler
 .text.Reserved171_IRQHandler
                0x60006548        0x8 ./startup/startup_mimxrt1062.o
                0x60006548                Reserved171_IRQHandler
 .text.FLEXIO3_IRQHandler
                0x60006550        0x8 ./startup/startup_mimxrt1062.o
                0x60006550                FLEXIO3_IRQHandler
 .text.GPIO_PortToggle
                0x60006558       0x1e ./source/MIMXRT1062_Project_LEDToggle.o
 .text.HardFault_Handler
                0x60006576       0x2c ./source/semihost_hardfault.o
                0x60006576                HardFault_Handler
 .text._getpid  0x600065a2       0x10 ./source/syscalls.o
                0x600065a2                _getpid
 .text._kill    0x600065b2       0x20 ./source/syscalls.o
                0x600065b2                _kill
 .text._exit    0x600065d2       0x14 ./source/syscalls.o
                0x600065d2                _exit
 .text._read    0x600065e6       0x3a ./source/syscalls.o
                0x600065e6                _read
 .text._write   0x60006620       0x38 ./source/syscalls.o
                0x60006620                _write
 .text._close   0x60006658       0x18 ./source/syscalls.o
                0x60006658                _close
 .text._fstat   0x60006670       0x20 ./source/syscalls.o
                0x60006670                _fstat
 .text._isatty  0x60006690       0x16 ./source/syscalls.o
                0x60006690                _isatty
 .text._lseek   0x600066a6       0x1a ./source/syscalls.o
                0x600066a6                _lseek
 .text.CLOCK_IsPllBypassed
                0x600066c0       0x32 ./drivers/fsl_clock.o
 .text.CLOCK_IsPllEnabled
                0x600066f2       0x3c ./drivers/fsl_clock.o
 .text.CLOCK_GetPllBypassRefClk
                0x6000672e       0x34 ./drivers/fsl_clock.o
 .text._SDK_AtomicLocalClearAndSet4Byte
                0x60006762       0x50 ./drivers/fsl_gpio.o
 .text.CLOCK_EnableClock
                0x600067b2       0x1e ./drivers/fsl_gpio.o
 .text.GPIO_SetPinInterruptConfig
                0x600067d0       0x22 ./drivers/fsl_gpio.o
 .text._SDK_AtomicLocalClearAndSet4Byte
                0x600067f2       0x50 ./drivers/fsl_lpuart.o
 .text.CLOCK_EnableClock
                0x60006842       0x1e ./drivers/fsl_lpuart.o
 .text.LPUART_SoftwareReset
                0x60006860       0x2c ./drivers/fsl_lpuart.o
 .text.SystemInitHook
                0x6000688c        0xe ./device/system_MIMXRT1062.o
                0x6000688c                SystemInitHook
 .text.HAL_UartGetStatus
                0x6000689a       0x28 ./component/uart/fsl_adapter_lpuart.o
 .text.GPT_ClearStatusFlags
                0x600068c2       0x1e ./component/timer/fsl_adapter_gpt.o
 .text.GPT1_IRQHandler
                0x600068e0       0x14 ./component/timer/fsl_adapter_gpt.o
                0x600068e0                GPT1_IRQHandler
 .text.GPT2_IRQHandler
                0x600068f4       0x14 ./component/timer/fsl_adapter_gpt.o
                0x600068f4                GPT2_IRQHandler
 .text.DisableGlobalIRQ
                0x60006908       0x22 ./component/serial_manager/fsl_component_serial_manager.o
 .text.EnableGlobalIRQ
                0x6000692a       0x20 ./component/serial_manager/fsl_component_serial_manager.o
 .text.SerialManager_StartWriting
                0x6000694a       0x38 ./component/serial_manager/fsl_component_serial_manager.o
 .text.SerialManager_Write
                0x60006982       0x44 ./component/serial_manager/fsl_component_serial_manager.o
 .text.SerialManager_Init
                0x600069c6       0x60 ./component/serial_manager/fsl_component_serial_manager.o
                0x600069c6                SerialManager_Init
 .text.SerialManager_OpenWriteHandle
                0x60006a26       0x50 ./component/serial_manager/fsl_component_serial_manager.o
                0x60006a26                SerialManager_OpenWriteHandle
 .text.SerialManager_OpenReadHandle
                0x60006a76       0x60 ./component/serial_manager/fsl_component_serial_manager.o
                0x60006a76                SerialManager_OpenReadHandle
 .text.SerialManager_WriteBlocking
                0x60006ad6       0x20 ./component/serial_manager/fsl_component_serial_manager.o
                0x60006ad6                SerialManager_WriteBlocking
 .text.Serial_UartInit
                0x60006af6       0x3e ./component/serial_manager/fsl_component_serial_port_uart.o
                0x60006af6                Serial_UartInit
 .text.Serial_UartWrite
                0x60006b34       0x38 ./component/serial_manager/fsl_component_serial_port_uart.o
                0x60006b34                Serial_UartWrite
 .text.GPIO_PortGetInterruptFlags
                0x60006b6c       0x18 ./component/gpio/fsl_adapter_igpio.o
 .text.GPIO_PortClearInterruptFlags
                0x60006b84       0x1c ./component/gpio/fsl_adapter_igpio.o
 .text.GPIO1_Combined_0_15_IRQHandler
                0x60006ba0       0x14 ./component/gpio/fsl_adapter_igpio.o
                0x60006ba0                GPIO1_Combined_0_15_IRQHandler
 .text.GPIO1_Combined_16_31_IRQHandler
                0x60006bb4       0x14 ./component/gpio/fsl_adapter_igpio.o
                0x60006bb4                GPIO1_Combined_16_31_IRQHandler
 .text.GPIO2_Combined_0_15_IRQHandler
                0x60006bc8       0x14 ./component/gpio/fsl_adapter_igpio.o
                0x60006bc8                GPIO2_Combined_0_15_IRQHandler
 .text.GPIO2_Combined_16_31_IRQHandler
                0x60006bdc       0x14 ./component/gpio/fsl_adapter_igpio.o
                0x60006bdc                GPIO2_Combined_16_31_IRQHandler
 .text.GPIO3_Combined_0_15_IRQHandler
                0x60006bf0       0x14 ./component/gpio/fsl_adapter_igpio.o
                0x60006bf0                GPIO3_Combined_0_15_IRQHandler
 .text.GPIO3_Combined_16_31_IRQHandler
                0x60006c04       0x14 ./component/gpio/fsl_adapter_igpio.o
                0x60006c04                GPIO3_Combined_16_31_IRQHandler
 .text.GPIO4_Combined_0_15_IRQHandler
                0x60006c18       0x14 ./component/gpio/fsl_adapter_igpio.o
                0x60006c18                GPIO4_Combined_0_15_IRQHandler
 .text.GPIO4_Combined_16_31_IRQHandler
                0x60006c2c       0x14 ./component/gpio/fsl_adapter_igpio.o
                0x60006c2c                GPIO4_Combined_16_31_IRQHandler
 .text.GPIO5_Combined_0_15_IRQHandler
                0x60006c40       0x14 ./component/gpio/fsl_adapter_igpio.o
                0x60006c40                GPIO5_Combined_0_15_IRQHandler
 .text.GPIO5_Combined_16_31_IRQHandler
                0x60006c54       0x14 ./component/gpio/fsl_adapter_igpio.o
                0x60006c54                GPIO5_Combined_16_31_IRQHandler
 .text.GPIO6_7_8_9_IRQHandler
                0x60006c68       0x26 ./component/gpio/fsl_adapter_igpio.o
                0x60006c68                GPIO6_7_8_9_IRQHandler
 .text.BOARD_InitDebugConsole
                0x60006c8e       0x22 ./board/board.o
                0x60006c8e                BOARD_InitDebugConsole
 .text._SDK_AtomicLocalClearAndSet4Byte
                0x60006cb0       0x50 ./board/clock_config.o
 .text.CLOCK_DisableClock
                0x60006d00       0x1e ./board/clock_config.o
 .text.CLOCK_SetPllBypass
                0x60006d1e       0x4e ./board/clock_config.o
 .text.IOMUXC_SetSaiMClkClockSource
                0x60006d6c       0x6c ./board/clock_config.o
 .text.BOARD_InitBootClocks
                0x60006dd8        0xc ./board/clock_config.o
                0x60006dd8                BOARD_InitBootClocks
 .text.BOARD_InitPeripherals
                0x60006de4        0xe ./board/peripherals.o
                0x60006de4                BOARD_InitPeripherals
 .text.BOARD_InitBootPeripherals
                0x60006df2        0xc ./board/peripherals.o
                0x60006df2                BOARD_InitBootPeripherals
 .text._SDK_AtomicLocalClearAndSet4Byte
                0x60006dfe       0x50 ./board/pin_mux.o
 .text.CLOCK_EnableClock
                0x60006e4e       0x1e ./board/pin_mux.o
 .text.IOMUXC_SetPinMux
                0x60006e6c       0x3a ./board/pin_mux.o
 .text.BOARD_InitBootPins
                0x60006ea6        0xc ./board/pin_mux.o
                0x60006ea6                BOARD_InitBootPins
 .text.memcpy   0x60006eb2       0x1c c:/nxp/mcuxpressoide_11.5.1_7266/ide/plugins/com.nxp.mcuxpresso.tools.win32_11.5.1.202201181444/tools/bin/../lib/gcc/arm-none-eabi/10.3.1/../../../../arm-none-eabi/lib/thumb/v7e-m+fp/hard\libc_nano.a(lib_a-memcpy-stub.o)
                0x60006eb2                memcpy
 .text.memset   0x60006ece       0x10 c:/nxp/mcuxpressoide_11.5.1_7266/ide/plugins/com.nxp.mcuxpresso.tools.win32_11.5.1.202201181444/tools/bin/../lib/gcc/arm-none-eabi/10.3.1/../../../../arm-none-eabi/lib/thumb/v7e-m+fp/hard\libc_nano.a(lib_a-memset.o)
                0x60006ece                memset
 .text.__sfputc_r
                0x60006ede       0x2e c:/nxp/mcuxpressoide_11.5.1_7266/ide/plugins/com.nxp.mcuxpresso.tools.win32_11.5.1.202201181444/tools/bin/../lib/gcc/arm-none-eabi/10.3.1/../../../../arm-none-eabi/lib/thumb/v7e-m+fp/hard\libc_nano.a(lib_a-nano-vfprintf.o)
 .text.__sfputs_r
                0x60006f0c       0x24 c:/nxp/mcuxpressoide_11.5.1_7266/ide/plugins/com.nxp.mcuxpresso.tools.win32_11.5.1.202201181444/tools/bin/../lib/gcc/arm-none-eabi/10.3.1/../../../../arm-none-eabi/lib/thumb/v7e-m+fp/hard\libc_nano.a(lib_a-nano-vfprintf.o)
                0x60006f0c                __sfputs_r
 .text._printf_common
                0x60006f30       0xda c:/nxp/mcuxpressoide_11.5.1_7266/ide/plugins/com.nxp.mcuxpresso.tools.win32_11.5.1.202201181444/tools/bin/../lib/gcc/arm-none-eabi/10.3.1/../../../../arm-none-eabi/lib/thumb/v7e-m+fp/hard\libc_nano.a(lib_a-nano-vfprintf_i.o)
                0x60006f30                _printf_common
 .text          0x6000700a       0x10 c:/nxp/mcuxpressoide_11.5.1_7266/ide/plugins/com.nxp.mcuxpresso.tools.win32_11.5.1.202201181444/tools/bin/../lib/gcc/arm-none-eabi/10.3.1/../../../../arm-none-eabi/lib/thumb/v7e-m+fp/hard\libc_nano.a(lib_a-strlen.o)
                0x6000700a                strlen
 .text.abort    0x6000701a        0xe c:/nxp/mcuxpressoide_11.5.1_7266/ide/plugins/com.nxp.mcuxpresso.tools.win32_11.5.1.202201181444/tools/bin/../lib/gcc/arm-none-eabi/10.3.1/../../../../arm-none-eabi/lib/thumb/v7e-m+fp/hard\libc_nano.a(lib_a-abort.o)
                0x6000701a                abort
 .text.__sfmoreglue
                0x60007028       0x2c c:/nxp/mcuxpressoide_11.5.1_7266/ide/plugins/com.nxp.mcuxpresso.tools.win32_11.5.1.202201181444/tools/bin/../lib/gcc/arm-none-eabi/10.3.1/../../../../arm-none-eabi/lib/thumb/v7e-m+fp/hard\libc_nano.a(lib_a-findfp.o)
                0x60007028                __sfmoreglue
 .text._fwalk_reent
                0x60007054       0x3e c:/nxp/mcuxpressoide_11.5.1_7266/ide/plugins/com.nxp.mcuxpresso.tools.win32_11.5.1.202201181444/tools/bin/../lib/gcc/arm-none-eabi/10.3.1/../../../../arm-none-eabi/lib/thumb/v7e-m+fp/hard\libc_nano.a(lib_a-fwalk.o)
                0x60007054                _fwalk_reent
 .text.__retarget_lock_init_recursive
                0x60007092        0x2 c:/nxp/mcuxpressoide_11.5.1_7266/ide/plugins/com.nxp.mcuxpresso.tools.win32_11.5.1.202201181444/tools/bin/../lib/gcc/arm-none-eabi/10.3.1/../../../../arm-none-eabi/lib/thumb/v7e-m+fp/hard\libc_nano.a(lib_a-lock.o)
                0x60007092                __retarget_lock_init_recursive
 .text.__retarget_lock_acquire_recursive
                0x60007094        0x2 c:/nxp/mcuxpressoide_11.5.1_7266/ide/plugins/com.nxp.mcuxpresso.tools.win32_11.5.1.202201181444/tools/bin/../lib/gcc/arm-none-eabi/10.3.1/../../../../arm-none-eabi/lib/thumb/v7e-m+fp/hard\libc_nano.a(lib_a-lock.o)
                0x60007094                __retarget_lock_acquire_recursive
 .text.__retarget_lock_release_recursive
                0x60007096        0x2 c:/nxp/mcuxpressoide_11.5.1_7266/ide/plugins/com.nxp.mcuxpresso.tools.win32_11.5.1.202201181444/tools/bin/../lib/gcc/arm-none-eabi/10.3.1/../../../../arm-none-eabi/lib/thumb/v7e-m+fp/hard\libc_nano.a(lib_a-lock.o)
                0x60007096                __retarget_lock_release_recursive
 .text.__swhatbuf_r
                0x60007098       0x4a c:/nxp/mcuxpressoide_11.5.1_7266/ide/plugins/com.nxp.mcuxpresso.tools.win32_11.5.1.202201181444/tools/bin/../lib/gcc/arm-none-eabi/10.3.1/../../../../arm-none-eabi/lib/thumb/v7e-m+fp/hard\libc_nano.a(lib_a-makebuf.o)
                0x60007098                __swhatbuf_r
 .text._raise_r
                0x600070e2       0x50 c:/nxp/mcuxpressoide_11.5.1_7266/ide/plugins/com.nxp.mcuxpresso.tools.win32_11.5.1.202201181444/tools/bin/../lib/gcc/arm-none-eabi/10.3.1/../../../../arm-none-eabi/lib/thumb/v7e-m+fp/hard\libc_nano.a(lib_a-signal.o)
                0x600070e2                _raise_r
 .text._getpid_r
                0x60007132        0x4 c:/nxp/mcuxpressoide_11.5.1_7266/ide/plugins/com.nxp.mcuxpresso.tools.win32_11.5.1.202201181444/tools/bin/../lib/gcc/arm-none-eabi/10.3.1/../../../../arm-none-eabi/lib/thumb/v7e-m+fp/hard\libc_nano.a(lib_a-signalr.o)
                0x60007132                _getpid_r
 .text.__sread  0x60007136       0x22 c:/nxp/mcuxpressoide_11.5.1_7266/ide/plugins/com.nxp.mcuxpresso.tools.win32_11.5.1.202201181444/tools/bin/../lib/gcc/arm-none-eabi/10.3.1/../../../../arm-none-eabi/lib/thumb/v7e-m+fp/hard\libc_nano.a(lib_a-stdio.o)
                0x60007136                __sread
 .text.__swrite
                0x60007158       0x38 c:/nxp/mcuxpressoide_11.5.1_7266/ide/plugins/com.nxp.mcuxpresso.tools.win32_11.5.1.202201181444/tools/bin/../lib/gcc/arm-none-eabi/10.3.1/../../../../arm-none-eabi/lib/thumb/v7e-m+fp/hard\libc_nano.a(lib_a-stdio.o)
                0x60007158                __swrite
 .text.__sseek  0x60007190       0x24 c:/nxp/mcuxpressoide_11.5.1_7266/ide/plugins/com.nxp.mcuxpresso.tools.win32_11.5.1.202201181444/tools/bin/../lib/gcc/arm-none-eabi/10.3.1/../../../../arm-none-eabi/lib/thumb/v7e-m+fp/hard\libc_nano.a(lib_a-stdio.o)
                0x60007190                __sseek
 .text.__sclose
                0x600071b4        0x8 c:/nxp/mcuxpressoide_11.5.1_7266/ide/plugins/com.nxp.mcuxpresso.tools.win32_11.5.1.202201181444/tools/bin/../lib/gcc/arm-none-eabi/10.3.1/../../../../arm-none-eabi/lib/thumb/v7e-m+fp/hard\libc_nano.a(lib_a-stdio.o)
                0x600071b4                __sclose
 *(SORT_BY_ALIGNMENT(.rodata) SORT_BY_ALIGNMENT(.rodata.*) SORT_BY_ALIGNMENT(.constdata) SORT_BY_ALIGNMENT(.constdata.*))
 .rodata.main.str1.4
                0x600071bc        0xd ./source/MIMXRT1062_Project_LEDToggle.o
 *fill*         0x600071c9        0x3 ff
 .rodata.CLOCK_InitExternalClk.str1.4
                0x600071cc       0x1c ./drivers/fsl_clock.o
 .rodata.CLOCK_GetPllFreq.str1.4
                0x600071e8        0x6 ./drivers/fsl_clock.o
 *fill*         0x600071ee        0x2 ff
 .rodata.__func__.8
                0x600071f0       0x16 ./drivers/fsl_clock.o
 *fill*         0x60007206        0x2 ff
 .rodata.__func__.2
                0x60007208       0x11 ./drivers/fsl_clock.o
 *fill*         0x60007219        0x3 ff
 .rodata.enetRefClkFreq.1
                0x6000721c       0x10 ./drivers/fsl_clock.o
 .rodata.CLOCK_ControlGate.str1.4
                0x6000722c       0x1c ./drivers/fsl_gpio.o
 .rodata.s_gpioBases
                0x60007248       0x28 ./drivers/fsl_gpio.o
 .rodata.s_gpioClock
                0x60007270        0xc ./drivers/fsl_gpio.o
 .rodata.GPIO_GetInstance.str1.4
                0x6000727c       0x2f ./drivers/fsl_gpio.o
 *fill*         0x600072ab        0x1 ff
 .rodata.GPIO_PinWrite.str1.4
                0x600072ac        0xa ./drivers/fsl_gpio.o
 *fill*         0x600072b6        0x2 ff
 .rodata.__func__.2
                0x600072b8       0x11 ./drivers/fsl_gpio.o
 *fill*         0x600072c9        0x3 ff
 .rodata.__func__.1
                0x600072cc       0x12 ./drivers/fsl_gpio.o
 *fill*         0x600072de        0x2 ff
 .rodata.__func__.0
                0x600072e0        0xe ./drivers/fsl_gpio.o
 .rodata.CLOCK_ControlGate.str1.4
                0x600072ee       0x1c ./drivers/fsl_lpuart.o
 *fill*         0x600072ee        0x2 ff
 .rodata.s_lpuartBases
                0x600072f0       0x24 ./drivers/fsl_lpuart.o
 .rodata.s_lpuartClock
                0x60007314       0x12 ./drivers/fsl_lpuart.o
 *fill*         0x60007326        0x2 ff
 .rodata.LPUART_GetInstance.str1.4
                0x60007328       0x35 ./drivers/fsl_lpuart.o
 *fill*         0x6000735d        0x3 ff
 .rodata.LPUART_WriteNonBlocking.str1.4
                0x60007360        0xd ./drivers/fsl_lpuart.o
 *fill*         0x6000736d        0x3 ff
 .rodata.LPUART_Init.str1.4
                0x60007370       0xbb ./drivers/fsl_lpuart.o
 *fill*         0x6000742b        0x1 ff
 .rodata.__func__.22
                0x6000742c       0x13 ./drivers/fsl_lpuart.o
 *fill*         0x6000743f        0x1 ff
 .rodata.__func__.17
                0x60007440        0xc ./drivers/fsl_lpuart.o
 .rodata.__func__.16
                0x6000744c       0x12 ./drivers/fsl_lpuart.o
 *fill*         0x6000745e        0x2 ff
 .rodata.__func__.15
                0x60007460       0x18 ./drivers/fsl_lpuart.o
 .rodata.__func__.11
                0x60007478       0x15 ./drivers/fsl_lpuart.o
 *fill*         0x6000748d        0x3 ff
 .rodata.s_LpuartAdapterBase
                0x60007490       0x24 ./component/uart/fsl_adapter_lpuart.o
 .rodata.HAL_UartInit.str1.4
                0x600074b4       0xa2 ./component/uart/fsl_adapter_lpuart.o
                                 0xb2 (size before relaxing)
 *fill*         0x60007556        0x2 ff
 .rodata.HAL_UartReceiveBlocking.str1.4
                0x60007558        0xc ./component/uart/fsl_adapter_lpuart.o
                                 0x1c (size before relaxing)
 .rodata.__func__.4
                0x60007564        0xd ./component/uart/fsl_adapter_lpuart.o
 *fill*         0x60007571        0x3 ff
 .rodata.__func__.1
                0x60007574       0x15 ./component/uart/fsl_adapter_lpuart.o
 *fill*         0x60007589        0x3 ff
 .rodata.s_GptBase
                0x6000758c        0xc ./component/timer/fsl_adapter_gpt.o
 .rodata        0x60007598       0x50 ./component/gpio/fsl_adapter_igpio.o
 .rodata.CLOCK_SetMux.str1.4
                0x600075e8       0x6b ./board/clock_config.o
 .rodata.CLOCK_ControlGate.str1.4
                0x60007653        0xd ./board/clock_config.o
 *fill*         0x60007653        0x1 ff
 .rodata.armPllConfig_BOARD_BootClockRUN
                0x60007654        0x8 ./board/clock_config.o
                0x60007654                armPllConfig_BOARD_BootClockRUN
 .rodata.sysPllConfig_BOARD_BootClockRUN
                0x6000765c       0x14 ./board/clock_config.o
                0x6000765c                sysPllConfig_BOARD_BootClockRUN
 .rodata.enetPllConfig_BOARD_BootClockRUN
                0x60007670        0x6 ./board/clock_config.o
                0x60007670                enetPllConfig_BOARD_BootClockRUN
 *fill*         0x60007676        0x2 ff
 .rodata.__func__.2
                0x60007678       0x12 ./board/clock_config.o
 *fill*         0x6000768a        0x2 ff
 .rodata.__func__.1
                0x6000768c        0xd ./board/clock_config.o
 *fill*         0x60007699        0x3 ff
 .rodata.__func__.0
                0x6000769c        0xd ./board/clock_config.o
 .rodata.CLOCK_ControlGate.str1.4
                0x600076a9       0x5b ./board/pin_mux.o
 *fill*         0x600076a9        0x3 ff
 .rodata        0x600076ac        0x3 ./board/pin_mux.o
 *fill*         0x600076af        0x1 ff
 .rodata.__func__.0
                0x600076b0       0x12 ./board/pin_mux.o
 *fill*         0x600076c2        0x2 ff
 .rodata._global_impure_ptr
                0x600076c4        0x4 c:/nxp/mcuxpressoide_11.5.1_7266/ide/plugins/com.nxp.mcuxpresso.tools.win32_11.5.1.202201181444/tools/bin/../lib/gcc/arm-none-eabi/10.3.1/../../../../arm-none-eabi/lib/thumb/v7e-m+fp/hard\libc_nano.a(lib_a-impure.o)
                0x600076c4                _global_impure_ptr
 .rodata.__sf_fake_stderr
                0x600076c8       0x20 c:/nxp/mcuxpressoide_11.5.1_7266/ide/plugins/com.nxp.mcuxpresso.tools.win32_11.5.1.202201181444/tools/bin/../lib/gcc/arm-none-eabi/10.3.1/../../../../arm-none-eabi/lib/thumb/v7e-m+fp/hard\libc_nano.a(lib_a-findfp.o)
                0x600076c8                __sf_fake_stderr
 .rodata.__sf_fake_stdin
                0x600076e8       0x20 c:/nxp/mcuxpressoide_11.5.1_7266/ide/plugins/com.nxp.mcuxpresso.tools.win32_11.5.1.202201181444/tools/bin/../lib/gcc/arm-none-eabi/10.3.1/../../../../arm-none-eabi/lib/thumb/v7e-m+fp/hard\libc_nano.a(lib_a-findfp.o)
                0x600076e8                __sf_fake_stdin
 .rodata.__sf_fake_stdout
                0x60007708       0x20 c:/nxp/mcuxpressoide_11.5.1_7266/ide/plugins/com.nxp.mcuxpresso.tools.win32_11.5.1.202201181444/tools/bin/../lib/gcc/arm-none-eabi/10.3.1/../../../../arm-none-eabi/lib/thumb/v7e-m+fp/hard\libc_nano.a(lib_a-findfp.o)
                0x60007708                __sf_fake_stdout
 .rodata.__assert_func.str1.1
                0x60007728       0x3c c:/nxp/mcuxpressoide_11.5.1_7266/ide/plugins/com.nxp.mcuxpresso.tools.win32_11.5.1.202201181444/tools/bin/../lib/gcc/arm-none-eabi/10.3.1/../../../../arm-none-eabi/lib/thumb/v7e-m+fp/hard\libc_nano.a(lib_a-assert.o)
                                 0x3d (size before relaxing)
 .rodata._vfprintf_r.str1.1
                0x60007764       0x11 c:/nxp/mcuxpressoide_11.5.1_7266/ide/plugins/com.nxp.mcuxpresso.tools.win32_11.5.1.202201181444/tools/bin/../lib/gcc/arm-none-eabi/10.3.1/../../../../arm-none-eabi/lib/thumb/v7e-m+fp/hard\libc_nano.a(lib_a-nano-vfprintf.o)
 .rodata._printf_i.str1.1
                0x60007775       0x22 c:/nxp/mcuxpressoide_11.5.1_7266/ide/plugins/com.nxp.mcuxpresso.tools.win32_11.5.1.202201181444/tools/bin/../lib/gcc/arm-none-eabi/10.3.1/../../../../arm-none-eabi/lib/thumb/v7e-m+fp/hard\libc_nano.a(lib_a-nano-vfprintf_i.o)
                0x60007798                . = ALIGN (0x4)
 *fill*         0x60007797        0x1 ff
                0x60007798                _etext = .

.glue_7         0x60007798        0x0
 .glue_7        0x60007798        0x0 linker stubs

.glue_7t        0x60007798        0x0
 .glue_7t       0x60007798        0x0 linker stubs

.vfp11_veneer   0x60007798        0x0
 .vfp11_veneer  0x60007798        0x0 linker stubs

.v4_bx          0x60007798        0x0
 .v4_bx         0x60007798        0x0 linker stubs

.iplt           0x60007798        0x0
 .iplt          0x60007798        0x0 ./utilities/fsl_debug_console.o

.data_RAM2      0x00000000        0x0 load address 0x60007798
 FILL mask 0xff
                [!provide]                PROVIDE (__start_data_RAM2 = .)
                [!provide]                PROVIDE (__start_data_SRAM_ITC = .)
 *(SORT_BY_ALIGNMENT(.ramfunc.$RAM2))
 *(SORT_BY_ALIGNMENT(.ramfunc.$SRAM_ITC))
 *(SORT_BY_ALIGNMENT(.data.$RAM2))
 *(SORT_BY_ALIGNMENT(.data.$SRAM_ITC))
 *(SORT_BY_ALIGNMENT(.data.$RAM2.*))
 *(SORT_BY_ALIGNMENT(.data.$SRAM_ITC.*))
                0x00000000                . = ALIGN (0x4)
                [!provide]                PROVIDE (__end_data_RAM2 = .)
                [!provide]                PROVIDE (__end_data_SRAM_ITC = .)

.data_RAM3      0x20200000        0x0 load address 0x60007798
 FILL mask 0xff
                [!provide]                PROVIDE (__start_data_RAM3 = .)
                [!provide]                PROVIDE (__start_data_SRAM_OC2 = .)
 *(SORT_BY_ALIGNMENT(.ramfunc.$RAM3))
 *(SORT_BY_ALIGNMENT(.ramfunc.$SRAM_OC2))
 *(SORT_BY_ALIGNMENT(.data.$RAM3))
 *(SORT_BY_ALIGNMENT(.data.$SRAM_OC2))
 *(SORT_BY_ALIGNMENT(.data.$RAM3.*))
 *(SORT_BY_ALIGNMENT(.data.$SRAM_OC2.*))
                0x20200000                . = ALIGN (0x4)
                [!provide]                PROVIDE (__end_data_RAM3 = .)
                [!provide]                PROVIDE (__end_data_SRAM_OC2 = .)

.uninit_RESERVED
                0x20000000        0x0
                0x20000000                _start_uninit_RESERVED = .
 *(SORT_BY_ALIGNMENT(.bss.$RESERVED*))
                0x20000000                . = ALIGN (0x4)
                0x20000000                _end_uninit_RESERVED = .

.data           0x20000000       0x68 load address 0x60007798
 FILL mask 0xff
                0x20000000                _data = .
                [!provide]                PROVIDE (__start_data_RAM = .)
                [!provide]                PROVIDE (__start_data_SRAM_DTC = .)
 *(SORT_BY_ALIGNMENT(vtable))
 *(SORT_BY_ALIGNMENT(.ramfunc*))
 *(SORT_BY_ALIGNMENT(CodeQuickAccess))
 *(SORT_BY_ALIGNMENT(DataQuickAccess))
 *(SORT_BY_ALIGNMENT(RamFunction))
 *(SORT_BY_ALIGNMENT(.data*))
 .data.SystemCoreClock
                0x20000000        0x4 ./device/system_MIMXRT1062.o
                0x20000000                SystemCoreClock
 .data._impure_ptr
                0x20000004        0x4 c:/nxp/mcuxpressoide_11.5.1_7266/ide/plugins/com.nxp.mcuxpresso.tools.win32_11.5.1.202201181444/tools/bin/../lib/gcc/arm-none-eabi/10.3.1/../../../../arm-none-eabi/lib/thumb/v7e-m+fp/hard\libc_nano.a(lib_a-impure.o)
                0x20000004                _impure_ptr
 .data.impure_data
                0x20000008       0x60 c:/nxp/mcuxpressoide_11.5.1_7266/ide/plugins/com.nxp.mcuxpresso.tools.win32_11.5.1.202201181444/tools/bin/../lib/gcc/arm-none-eabi/10.3.1/../../../../arm-none-eabi/lib/thumb/v7e-m+fp/hard\libc_nano.a(lib_a-impure.o)
                0x20000068                . = ALIGN (0x4)
                0x20000068                _edata = .
                [!provide]                PROVIDE (__end_data_RAM = .)
                [!provide]                PROVIDE (__end_data_SRAM_DTC = .)

.igot.plt       0x20000068        0x0 load address 0x60007800
 .igot.plt      0x20000068        0x0 ./utilities/fsl_debug_console.o

.bss_RAM2       0x00000000        0x0
                [!provide]                PROVIDE (__start_bss_RAM2 = .)
                [!provide]                PROVIDE (__start_bss_SRAM_ITC = .)
 *(SORT_BY_ALIGNMENT(.bss.$RAM2))
 *(SORT_BY_ALIGNMENT(.bss.$SRAM_ITC))
 *(SORT_BY_ALIGNMENT(.bss.$RAM2.*))
 *(SORT_BY_ALIGNMENT(.bss.$SRAM_ITC.*))
                0x00000000                . = ALIGN ((. != 0x0)?0x4:0x1)
                [!provide]                PROVIDE (__end_bss_RAM2 = .)
                [!provide]                PROVIDE (__end_bss_SRAM_ITC = .)

.bss_RAM3       0x20200000        0x0
                [!provide]                PROVIDE (__start_bss_RAM3 = .)
                [!provide]                PROVIDE (__start_bss_SRAM_OC2 = .)
 *(SORT_BY_ALIGNMENT(.bss.$RAM3))
 *(SORT_BY_ALIGNMENT(.bss.$SRAM_OC2))
 *(SORT_BY_ALIGNMENT(.bss.$RAM3.*))
 *(SORT_BY_ALIGNMENT(.bss.$SRAM_OC2.*))
                0x20200000                . = ALIGN ((. != 0x0)?0x4:0x1)
                [!provide]                PROVIDE (__end_bss_RAM3 = .)
                [!provide]                PROVIDE (__end_bss_SRAM_OC2 = .)

.bss            0x20000068       0x7c
                0x20000068                _bss = .
                [!provide]                PROVIDE (__start_bss_RAM = .)
                [!provide]                PROVIDE (__start_bss_SRAM_DTC = .)
 *(SORT_BY_ALIGNMENT(.bss*))
 .bss.s_debugConsoleState
                0x20000068       0x20 ./utilities/fsl_debug_console.o
 .bss.g_serialHandle
                0x20000088        0x4 ./utilities/fsl_debug_console.o
                0x20000088                g_serialHandle
 .bss.systick_counter
                0x2000008c        0x4 ./source/MIMXRT1062_Project_LEDToggle.o
 .bss.i.0       0x20000090        0x4 ./source/MIMXRT1062_Project_LEDToggle.o
 .bss.g_xtalFreq
                0x20000094        0x4 ./drivers/fsl_clock.o
                0x20000094                g_xtalFreq
 .bss.s_lpuartHandle
                0x20000098       0x24 ./drivers/fsl_lpuart.o
                0x20000098                s_lpuartHandle
 .bss.s_lpuartIsr
                0x200000bc        0x4 ./drivers/fsl_lpuart.o
                0x200000bc                s_lpuartIsr
 .bss.s_timerHandle
                0x200000c0        0xc ./component/timer/fsl_adapter_gpt.o
 .bss.s_GpioHead
                0x200000cc        0x4 ./component/gpio/fsl_adapter_igpio.o
 .bss.__malloc_free_list
                0x200000d0        0x4 c:/nxp/mcuxpressoide_11.5.1_7266/ide/plugins/com.nxp.mcuxpresso.tools.win32_11.5.1.202201181444/tools/bin/../lib/gcc/arm-none-eabi/10.3.1/../../../../arm-none-eabi/lib/thumb/v7e-m+fp/hard\libc_nano.a(lib_a-nano-mallocr.o)
                0x200000d0                __malloc_free_list
 .bss.__malloc_sbrk_start
                0x200000d4        0x4 c:/nxp/mcuxpressoide_11.5.1_7266/ide/plugins/com.nxp.mcuxpresso.tools.win32_11.5.1.202201181444/tools/bin/../lib/gcc/arm-none-eabi/10.3.1/../../../../arm-none-eabi/lib/thumb/v7e-m+fp/hard\libc_nano.a(lib_a-nano-mallocr.o)
                0x200000d4                __malloc_sbrk_start
 .bss.errno     0x200000d8        0x4 c:/nxp/mcuxpressoide_11.5.1_7266/ide/plugins/com.nxp.mcuxpresso.tools.win32_11.5.1.202201181444/tools/bin/../lib/gcc/arm-none-eabi/10.3.1/../../../../arm-none-eabi/lib/thumb/v7e-m+fp/hard\libc_nano.a(lib_a-reent.o)
                0x200000d8                errno
 .bss.__end_of_heap
                0x200000dc        0x4 c:/nxp/mcuxpressoide_11.5.1_7266/ide/plugins/com.nxp.mcuxpresso.tools.win32_11.5.1.202201181444/tools/bin/../lib/gcc/arm-none-eabi/10.3.1/../../../../arm-none-eabi/lib/thumb/v7e-m+fp/hard\libcr_newlib_none.a(_cr_sbrk.o)
                0x200000dc                __end_of_heap
 .bss.s_debugConsoleReadWaitSemaphore
                0x200000e0        0x1 ./utilities/fsl_debug_console.o
 .bss.__lock___malloc_recursive_mutex
                0x200000e1        0x1 c:/nxp/mcuxpressoide_11.5.1_7266/ide/plugins/com.nxp.mcuxpresso.tools.win32_11.5.1.202201181444/tools/bin/../lib/gcc/arm-none-eabi/10.3.1/../../../../arm-none-eabi/lib/thumb/v7e-m+fp/hard\libc_nano.a(lib_a-lock.o)
                0x200000e1                __lock___malloc_recursive_mutex
 .bss.__lock___sfp_recursive_mutex
                0x200000e2        0x1 c:/nxp/mcuxpressoide_11.5.1_7266/ide/plugins/com.nxp.mcuxpresso.tools.win32_11.5.1.202201181444/tools/bin/../lib/gcc/arm-none-eabi/10.3.1/../../../../arm-none-eabi/lib/thumb/v7e-m+fp/hard\libc_nano.a(lib_a-lock.o)
                0x200000e2                __lock___sfp_recursive_mutex
 .bss.__lock___sinit_recursive_mutex
                0x200000e3        0x1 c:/nxp/mcuxpressoide_11.5.1_7266/ide/plugins/com.nxp.mcuxpresso.tools.win32_11.5.1.202201181444/tools/bin/../lib/gcc/arm-none-eabi/10.3.1/../../../../arm-none-eabi/lib/thumb/v7e-m+fp/hard\libc_nano.a(lib_a-lock.o)
                0x200000e3                __lock___sinit_recursive_mutex
 *(SORT_BY_ALIGNMENT(COMMON))
                0x200000e4                . = ALIGN (0x4)
                0x200000e4                _ebss = .
                [!provide]                PROVIDE (__end_bss_RAM = .)
                [!provide]                PROVIDE (__end_bss_SRAM_DTC = .)
                [!provide]                PROVIDE (end = .)

.noinit_RAM2    0x00000000        0x0
                [!provide]                PROVIDE (__start_noinit_RAM2 = .)
                [!provide]                PROVIDE (__start_noinit_SRAM_ITC = .)
 *(SORT_BY_ALIGNMENT(.noinit.$RAM2))
 *(SORT_BY_ALIGNMENT(.noinit.$SRAM_ITC))
 *(SORT_BY_ALIGNMENT(.noinit.$RAM2.*))
 *(SORT_BY_ALIGNMENT(.noinit.$SRAM_ITC.*))
                0x00000000                . = ALIGN (0x4)
                [!provide]                PROVIDE (__end_noinit_RAM2 = .)
                [!provide]                PROVIDE (__end_noinit_SRAM_ITC = .)

.noinit_RAM3    0x20200000        0x0
                [!provide]                PROVIDE (__start_noinit_RAM3 = .)
                [!provide]                PROVIDE (__start_noinit_SRAM_OC2 = .)
 *(SORT_BY_ALIGNMENT(.noinit.$RAM3))
 *(SORT_BY_ALIGNMENT(.noinit.$SRAM_OC2))
 *(SORT_BY_ALIGNMENT(.noinit.$RAM3.*))
 *(SORT_BY_ALIGNMENT(.noinit.$SRAM_OC2.*))
                0x20200000                . = ALIGN (0x4)
                [!provide]                PROVIDE (__end_noinit_RAM3 = .)
                [!provide]                PROVIDE (__end_noinit_SRAM_OC2 = .)

.noinit         0x200000e4        0x0
                0x200000e4                _noinit = .
                [!provide]                PROVIDE (__start_noinit_RAM = .)
                [!provide]                PROVIDE (__start_noinit_SRAM_DTC = .)
 *(SORT_BY_ALIGNMENT(.noinit*))
                0x200000e4                . = ALIGN (0x4)
                0x200000e4                _end_noinit = .
                [!provide]                PROVIDE (__end_noinit_RAM = .)
                [!provide]                PROVIDE (__end_noinit_SRAM_DTC = .)

.ARM.extab
 *(SORT_BY_ALIGNMENT(.ARM.extab*) SORT_BY_ALIGNMENT(.gnu.linkonce.armextab.*))

.ARM.exidx      0x60007800        0x8
                0x60007800                __exidx_start = .
 *(SORT_BY_ALIGNMENT(.ARM.exidx*) SORT_BY_ALIGNMENT(.gnu.linkonce.armexidx.*))
 .ARM.exidx     0x60007800        0x8 c:/nxp/mcuxpressoide_11.5.1_7266/ide/plugins/com.nxp.mcuxpresso.tools.win32_11.5.1.202201181444/tools/bin/../lib/gcc/arm-none-eabi/10.3.1/thumb/v7e-m+fp/hard\libgcc.a(_udivmoddi4.o)
                0x60007808                __exidx_end = .
                0x00001000                _HeapSize = 0x1000

.rel.dyn        0x60007808        0x0
 .rel.iplt      0x60007808        0x0 ./utilities/fsl_debug_console.o

.heap           0x200000e4     0x1000
                0x200000e4                _pvHeapStart = .
                0x200010e4                . = (. + _HeapSize)
 *fill*         0x200000e4     0x1000 
                0x200010e4                . = ALIGN (0x4)
                0x200010e4                _pvHeapLimit = .