D:\Work\NXPWork\Teensy4.1\MIMXRT1062_Project_LEDToggle\CMSIS/core_cm7.h:1902:22:__NVIC_EnableIRQ	16	static
D:\Work\NXPWork\Teensy4.1\MIMXRT1062_Project_LEDToggle\CMSIS/core_cm7.h:2032:22:__NVIC_SetPriority	16	static
D:\Work\NXPWork\Teensy4.1\MIMXRT1062_Project_LEDToggle\drivers/fsl_common_arm.h:499:24:EnableIRQ	24	static
D:\Work\NXPWork\Teensy4.1\MIMXRT1062_Project_LEDToggle\drivers/fsl_gpt.h:270:20:GPT_StartTimer	16	static
D:\Work\NXPWork\Teensy4.1\MIMXRT1062_Project_LEDToggle\drivers/fsl_gpt.h:280:20:GPT_StopTimer	16	static
D:\Work\NXPWork\Teensy4.1\MIMXRT1062_Project_LEDToggle\drivers/fsl_gpt.h:296:24:GPT_GetCurrentTimerCount	16	static
D:\Work\NXPWork\Teensy4.1\MIMXRT1062_Project_LEDToggle\drivers/fsl_gpt.h:394:20:GPT_SetOutputCompareValue	24	static
D:\Work\NXPWork\Teensy4.1\MIMXRT1062_Project_LEDToggle\drivers/fsl_gpt.h:442:20:GPT_EnableInterrupts	16	static
D:\Work\NXPWork\Teensy4.1\MIMXRT1062_Project_LEDToggle\drivers/fsl_gpt.h:496:20:GPT_ClearStatusFlags	16	static
../component/timer/fsl_adapter_gpt.c:41:13:HAL_TimerInterruptHandle	24	static
../component/timer/fsl_adapter_gpt.c:53:6:GPT0_IRQHandler	8	static
../component/timer/fsl_adapter_gpt.c:60:6:GPT1_IRQHandler	8	static
../component/timer/fsl_adapter_gpt.c:66:6:GPT2_IRQHandler	8	static
../component/timer/fsl_adapter_gpt.c:76:20:HAL_TimerInit	80	static
../component/timer/fsl_adapter_gpt.c:110:6:HAL_TimerDeinit	24	static
../component/timer/fsl_adapter_gpt.c:119:6:HAL_TimerEnable	24	static
../component/timer/fsl_adapter_gpt.c:127:6:HAL_TimerDisable	24	static
../component/timer/fsl_adapter_gpt.c:135:6:HAL_TimerInstallCallback	32	static
../component/timer/fsl_adapter_gpt.c:143:10:HAL_TimerGetMaxTimeout	80	static
../component/timer/fsl_adapter_gpt.c:156:10:HAL_TimerGetCurrentTimerCount	72	static
../component/timer/fsl_adapter_gpt.c:164:20:HAL_TimerUpdateTimeout	40	static
../component/timer/fsl_adapter_gpt.c:179:6:HAL_TimerExitLowpower	16	static
../component/timer/fsl_adapter_gpt.c:184:6:HAL_TimerEnterLowpower	16	static
